[unhandledRejection]: TypeError: Cannot read properties of undefined (reading 'views')
[object Promise]
[services:mediaController][1]: Failed to initialize media provider:
[services:update][2]: APPIMAGE env is not defined, current application is not an AppImage
[services:update][1]: No Update available
[App:ServiceCollection][1]: Error executing AfterInit
[unhandledRejection]: Error: Failed to load image from path '/usr/lib/youtube-music-for-desktop/app.asar/out/main/chunks/favicon-Dt6mytzk.ico'
[object Promise]
[unhandledRejection]: Top-level selectors may not contain the parent selector "&".
   ╷
15 │ ┌ html,
16 │ │ body,
17 │ │ & {
   │ └──^
   ╵
  - 15:1  root stylesheet
[object Promise]
[services:discord][1]: UNKNOWN_ERROR: Unknown Error
[services:discord][1]: UNKNOWN_ERROR: Unknown Error
[services:discord][1]: discord disconnected, trying to reconnect
[services:discord][1]: discord disconnected, trying to reconnect
[services:discord][1]: CONNECTION_ENDED: Closed by Discord
[services:discord][1]: CONNECTION_ENDED: Closed by Discord
[services:discord][1]: CONNECTION_ENDED: Closed by Discord
[services:discord][1]: CONNECTION_ENDED: Closed by Discord
[services:discord][1]: CONNECTION_ENDED: Closed by Discord
[services:discord][1]: CONNECTION_ENDED: Closed by Discord
[services:discord][1]: CONNECTION_ENDED: Closed by Discord
[services:discord][1]: CONNECTION_ENDED: Closed by Discord
[services:discord][1]: discord disconnected, trying to reconnect
[services:discord][1]: discord disconnected, trying to reconnect
[unhandledRejection]: Error: Discord client not connected
[object Promise]
[unhandledRejection]: Error: Discord client not connected
[object Promise]
[unhandledRejection]: Error: Discord client not connected
[object Promise]
[unhandledRejection]: Error: Discord client not connected
[object Promise]
[services:discord][1]: discord disconnected, trying to reconnect
[services:discord][1]: CONNECTION_ENDED: Closed by Discord
[services:discord][1]: CONNECTION_ENDED: Closed by Discord
[services:discord][1]: discord disconnected, trying to reconnect
[services:discord][1]: discord disconnected, trying to reconnect
[services:discord][1]: discord disconnected, trying to reconnect
[services:discord][1]: discord disconnected, trying to reconnect
[services:discord][1]: discord disconnected, trying to reconnect
[services:discord][1]: discord disconnected, trying to reconnect
[services:discord][1]: discord disconnected, trying to reconnect
[services:discord][1]: discord disconnected, trying to reconnect
[services:discord][1]: discord disconnected, trying to reconnect
[services:discord][1]: CONNECTION_ENDED: Closed by Discord
[services:discord][1]: CONNECTION_ENDED: Closed by Discord
[services:discord][1]: CONNECTION_ENDED: Closed by Discord
[services:discord][1]: CONNECTION_ENDED: Closed by Discord
[services:discord][1]: discord disconnected, trying to reconnect
