2026-01-05 21:07:26.969 [info] Reading sessions from keychain...
2026-01-05 21:07:26.969 [info] Getting sessions for all scopes...
2026-01-05 21:07:26.990 [info] Got stored sessions!
2026-01-05 21:07:26.990 [info] Got 1 verified sessions.
2026-01-05 21:07:26.990 [info] Got 1 sessions for ...
2026-01-05 21:07:26.990 [info] Getting sessions for all scopes...
2026-01-05 21:07:26.990 [info] Got 1 sessions for ...
2026-01-05 21:07:26.990 [info] Getting sessions for all scopes...
2026-01-05 21:07:26.990 [info] Got 1 sessions for ...
2026-01-05 21:07:26.990 [info] Getting sessions for all scopes...
2026-01-05 21:07:26.990 [info] Got 1 sessions for ...
2026-01-05 21:07:26.990 [info] Getting sessions for all scopes...
2026-01-05 21:07:26.990 [info] Got 1 sessions for ...
2026-01-05 21:07:26.990 [info] Getting sessions for all scopes...
2026-01-05 21:07:26.990 [info] Got 1 sessions for ...
2026-01-05 21:07:26.990 [info] Getting sessions for all scopes...
2026-01-05 21:07:26.990 [info] Got 1 sessions for ...
2026-01-05 21:07:27.028 [info] Getting sessions for all scopes...
2026-01-05 21:07:27.028 [info] Got 1 sessions for ...
2026-01-05 21:07:27.028 [info] Getting sessions for all scopes...
2026-01-05 21:07:27.028 [info] Got 1 sessions for ...
2026-01-05 21:07:27.029 [info] Getting sessions for all scopes...
2026-01-05 21:07:27.029 [info] Got 1 sessions for ...
2026-01-05 21:07:27.029 [info] Getting sessions for all scopes...
2026-01-05 21:07:27.029 [info] Got 1 sessions for ...
2026-01-05 21:07:27.029 [info] Getting sessions for all scopes...
2026-01-05 21:07:27.029 [info] Got 1 sessions for ...
2026-01-05 21:07:27.029 [info] Getting sessions for all scopes...
2026-01-05 21:07:27.029 [info] Got 1 sessions for ...
2026-01-05 21:07:27.043 [info] Getting sessions for all scopes...
2026-01-05 21:07:27.043 [info] Got 1 sessions for ...
2026-01-05 21:07:27.045 [info] Getting sessions for all scopes...
2026-01-05 21:07:27.045 [info] Got 1 sessions for ...
2026-01-05 21:07:27.397 [info] Getting sessions for user:email...
2026-01-05 21:07:27.397 [info] Got 1 sessions for user:email...
2026-01-05 21:07:28.614 [info] FetcherService: Electron fetch failed with status: 429 
2026-01-05 21:07:28.993 [info] Getting sessions for all scopes...
2026-01-05 21:07:28.993 [info] Got 1 sessions for ...
2026-01-05 21:07:29.304 [info] FetcherService: Node fetch failed with status: 429 Too Many Requests
2026-01-05 21:07:29.892 [info] FetcherService: Node http/s failed with status: 429 Too Many Requests
