2025-12-29 23:23:47.111 [info] Reading sessions from keychain...
2025-12-29 23:23:47.111 [info] Getting sessions for all scopes...
2025-12-29 23:23:47.111 [info] Got stored sessions!
2025-12-29 23:23:47.111 [info] Got 1 verified sessions.
2025-12-29 23:23:47.111 [info] Got 1 sessions for ...
2025-12-29 23:23:47.111 [info] Getting sessions for all scopes...
2025-12-29 23:23:47.111 [info] Got 1 sessions for ...
2025-12-29 23:23:47.111 [info] Getting sessions for all scopes...
2025-12-29 23:23:47.111 [info] Got 1 sessions for ...
2025-12-29 23:23:47.111 [info] Getting sessions for all scopes...
2025-12-29 23:23:47.111 [info] Got 1 sessions for ...
2025-12-29 23:23:47.111 [info] Getting sessions for all scopes...
2025-12-29 23:23:47.111 [info] Got 1 sessions for ...
2025-12-29 23:23:47.111 [info] Getting sessions for all scopes...
2025-12-29 23:23:47.111 [info] Got 1 sessions for ...
2025-12-29 23:23:47.111 [info] Getting sessions for all scopes...
2025-12-29 23:23:47.111 [info] Got 1 sessions for ...
2025-12-29 23:23:47.117 [info] Getting sessions for all scopes...
2025-12-29 23:23:47.117 [info] Got 1 sessions for ...
2025-12-29 23:23:47.119 [info] Getting sessions for all scopes...
2025-12-29 23:23:47.119 [info] Got 1 sessions for ...
2025-12-29 23:23:47.119 [info] Getting sessions for all scopes...
2025-12-29 23:23:47.119 [info] Got 1 sessions for ...
2025-12-29 23:23:47.119 [info] Getting sessions for all scopes...
2025-12-29 23:23:47.119 [info] Got 1 sessions for ...
2025-12-29 23:23:47.119 [info] Getting sessions for all scopes...
2025-12-29 23:23:47.119 [info] Got 1 sessions for ...
2025-12-29 23:23:47.119 [info] Getting sessions for all scopes...
2025-12-29 23:23:47.119 [info] Got 1 sessions for ...
2025-12-29 23:23:47.171 [info] Getting sessions for all scopes...
2025-12-29 23:23:47.171 [info] Got 1 sessions for ...
2025-12-29 23:23:47.172 [info] Getting sessions for all scopes...
2025-12-29 23:23:47.172 [info] Got 1 sessions for ...
2025-12-29 23:23:47.448 [info] Getting sessions for user:email...
2025-12-29 23:23:47.448 [info] Got 1 sessions for user:email...
2025-12-29 23:23:48.716 [info] FetcherService: Electron fetch failed with status: 429 
2025-12-29 23:23:49.141 [info] Getting sessions for all scopes...
2025-12-29 23:23:49.141 [info] Got 1 sessions for ...
2025-12-29 23:23:49.412 [info] FetcherService: Node fetch failed with status: 429 Too Many Requests
2025-12-29 23:23:49.974 [info] FetcherService: Node http/s failed with status: 429 Too Many Requests
