2025-12-29 23:23:47.227 [info] [main] Log level: Info
2025-12-29 23:23:47.227 [info] [main] Validating found git in: "git"
2025-12-29 23:23:47.227 [info] [main] Using git "2.52.0" from "git"
2025-12-29 23:23:47.227 [info] [Model][doInitialScan] Initial repository scan started
2025-12-29 23:23:47.227 [info] > git rev-parse --show-toplevel [4ms]
2025-12-29 23:23:47.227 [info] [Model][doInitialScan] Initial repository scan completed - repositories (0), closed repositories (0), parent repositories (1), unsafe repositories (0)
2025-12-29 23:23:47.434 [info] > git rev-parse --show-toplevel [36ms]
2025-12-29 23:23:47.452 [info] > git rev-parse --show-toplevel [1ms]
2025-12-29 23:23:47.454 [info] > git rev-parse --show-toplevel [1ms]
2025-12-29 23:23:47.456 [info] > git rev-parse --show-toplevel [0ms]
2025-12-29 23:23:47.458 [info] > git rev-parse --show-toplevel [0ms]
2025-12-29 23:23:47.567 [info] > git rev-parse --show-toplevel [2ms]
2025-12-29 23:23:49.131 [info] > git rev-parse --show-toplevel [2ms]
2025-12-29 23:24:17.100 [info] > git rev-parse --show-toplevel [1ms]
2025-12-29 23:32:41.051 [info] > git rev-parse --show-toplevel [0ms]
2025-12-29 23:43:28.951 [info] > git rev-parse --show-toplevel [1ms]
2025-12-29 23:43:29.594 [info] > git rev-parse --show-toplevel [1ms]
2025-12-29 23:43:30.692 [info] > git rev-parse --show-toplevel [1ms]
2025-12-29 23:43:32.192 [info] > git rev-parse --show-toplevel [1ms]
2025-12-29 23:43:33.900 [info] > git rev-parse --show-toplevel [1ms]
2025-12-29 23:50:27.554 [info] > git rev-parse --show-toplevel [1ms]
2025-12-29 23:50:28.798 [info] > git rev-parse --show-toplevel [2ms]
