2026-01-06 09:37:08.777 [info] Reading sessions from keychain...
2026-01-06 09:37:08.777 [info] Getting sessions for all scopes...
2026-01-06 09:37:08.777 [info] Got stored sessions!
2026-01-06 09:37:08.777 [info] Got 1 verified sessions.
2026-01-06 09:37:08.777 [info] Got 1 sessions for ...
2026-01-06 09:37:08.777 [info] Getting sessions for all scopes...
2026-01-06 09:37:08.777 [info] Got 1 sessions for ...
2026-01-06 09:37:08.777 [info] Getting sessions for all scopes...
2026-01-06 09:37:08.777 [info] Got 1 sessions for ...
2026-01-06 09:37:08.777 [info] Getting sessions for all scopes...
2026-01-06 09:37:08.777 [info] Got 1 sessions for ...
2026-01-06 09:37:08.777 [info] Getting sessions for all scopes...
2026-01-06 09:37:08.777 [info] Got 1 sessions for ...
2026-01-06 09:37:08.777 [info] Getting sessions for all scopes...
2026-01-06 09:37:08.777 [info] Got 1 sessions for ...
2026-01-06 09:37:08.777 [info] Getting sessions for all scopes...
2026-01-06 09:37:08.777 [info] Got 1 sessions for ...
2026-01-06 09:37:08.777 [info] Getting sessions for all scopes...
2026-01-06 09:37:08.777 [info] Got 1 sessions for ...
2026-01-06 09:37:08.777 [info] Getting sessions for all scopes...
2026-01-06 09:37:08.777 [info] Got 1 sessions for ...
2026-01-06 09:37:08.819 [info] Getting sessions for all scopes...
2026-01-06 09:37:08.819 [info] Got 1 sessions for ...
2026-01-06 09:37:08.819 [info] Getting sessions for all scopes...
2026-01-06 09:37:08.819 [info] Got 1 sessions for ...
2026-01-06 09:37:08.819 [info] Getting sessions for all scopes...
2026-01-06 09:37:08.819 [info] Got 1 sessions for ...
2026-01-06 09:37:08.819 [info] Getting sessions for all scopes...
2026-01-06 09:37:08.819 [info] Got 1 sessions for ...
2026-01-06 09:37:08.819 [info] Getting sessions for all scopes...
2026-01-06 09:37:08.819 [info] Got 1 sessions for ...
2026-01-06 09:37:08.819 [info] Getting sessions for all scopes...
2026-01-06 09:37:08.819 [info] Got 1 sessions for ...
2026-01-06 09:37:08.869 [info] Getting sessions for user:email...
2026-01-06 09:37:08.869 [info] Got 1 sessions for user:email...
2026-01-06 09:37:10.419 [info] FetcherService: Electron fetch failed with status: 429 
2026-01-06 09:37:10.822 [info] Getting sessions for all scopes...
2026-01-06 09:37:10.822 [info] Got 1 sessions for ...
2026-01-06 09:37:11.021 [info] FetcherService: Node fetch failed with status: 429 Too Many Requests
2026-01-06 09:37:11.614 [info] FetcherService: Node http/s failed with status: 429 Too Many Requests
