2025-12-29 22:00:14.699 [info] Reading sessions from keychain...
2025-12-29 22:00:14.699 [info] Getting sessions for all scopes...
2025-12-29 22:00:14.699 [info] Got stored sessions!
2025-12-29 22:00:14.699 [info] Got 1 verified sessions.
2025-12-29 22:00:14.699 [info] Got 1 sessions for ...
2025-12-29 22:00:14.699 [info] Getting sessions for all scopes...
2025-12-29 22:00:14.699 [info] Got 1 sessions for ...
2025-12-29 22:00:14.699 [info] Getting sessions for all scopes...
2025-12-29 22:00:14.699 [info] Got 1 sessions for ...
2025-12-29 22:00:14.699 [info] Getting sessions for all scopes...
2025-12-29 22:00:14.699 [info] Got 1 sessions for ...
2025-12-29 22:00:14.699 [info] Getting sessions for all scopes...
2025-12-29 22:00:14.699 [info] Got 1 sessions for ...
2025-12-29 22:00:14.699 [info] Getting sessions for user:email...
2025-12-29 22:00:14.699 [info] Got 1 sessions for user:email...
2025-12-29 22:00:14.699 [info] Getting sessions for all scopes...
2025-12-29 22:00:14.699 [info] Got 1 sessions for ...
2025-12-29 22:00:14.699 [info] Getting sessions for all scopes...
2025-12-29 22:00:14.699 [info] Got 1 sessions for ...
2025-12-29 22:00:14.699 [info] Getting sessions for all scopes...
2025-12-29 22:00:14.699 [info] Got 1 sessions for ...
2025-12-29 22:00:14.699 [info] Getting sessions for all scopes...
2025-12-29 22:00:14.699 [info] Got 1 sessions for ...
2025-12-29 22:00:14.699 [info] Getting sessions for all scopes...
2025-12-29 22:00:14.699 [info] Got 1 sessions for ...
2025-12-29 22:00:14.699 [info] Getting sessions for all scopes...
2025-12-29 22:00:14.699 [info] Got 1 sessions for ...
2025-12-29 22:00:14.699 [info] Getting sessions for all scopes...
2025-12-29 22:00:14.699 [info] Got 1 sessions for ...
2025-12-29 22:00:14.699 [info] Getting sessions for all scopes...
2025-12-29 22:00:14.699 [info] Got 1 sessions for ...
2025-12-29 22:00:14.699 [info] Getting sessions for all scopes...
2025-12-29 22:00:14.699 [info] Got 1 sessions for ...
2025-12-29 22:00:14.699 [info] Getting sessions for all scopes...
2025-12-29 22:00:14.699 [info] Got 1 sessions for ...
2025-12-29 22:00:14.699 [info] Getting sessions for all scopes...
2025-12-29 22:00:14.699 [info] Got 1 sessions for ...
2025-12-29 22:00:15.939 [info] Getting sessions for all scopes...
2025-12-29 22:00:15.939 [info] Got 1 sessions for ...
2025-12-29 22:00:16.279 [info] FetcherService: Electron fetch failed with status: 429 
2025-12-29 22:00:16.832 [info] FetcherService: Node fetch failed with status: 429 Too Many Requests
2025-12-29 22:00:17.401 [info] FetcherService: Node http/s failed with status: 429 Too Many Requests
