2026-01-05 20:51:14.611 [info] Name: autopep8
2026-01-05 20:51:14.611 [info] Module: autopep8
2026-01-05 20:51:14.611 [info] Default formatter is set to ms-python.autopep8 for workspace /home/van/.config/qtile
2026-01-05 20:51:14.611 [info] Python extension loading
2026-01-05 20:51:14.611 [info] Waiting for interpreter from Python extension.
2026-01-05 20:51:14.633 [info] No interpreter found from setting autopep8.interpreter
2026-01-05 20:51:14.633 [info] Getting interpreter from ms-python.python extension for workspace /home/van/.config/qtile
2026-01-05 20:51:14.633 [info] Python extension loaded
2026-01-05 20:51:14.643 [info] Interpreter from ms-python.python extension for /home/van/.config/qtile: /bin/python
2026-01-05 20:51:14.643 [info] No interpreter found from setting autopep8.interpreter
2026-01-05 20:51:14.643 [info] Getting interpreter from ms-python.python extension for workspace /home/van/.config/qtile
2026-01-05 20:51:14.647 [info] Interpreter from ms-python.python extension for /home/van/.config/qtile: /bin/python
2026-01-05 20:51:14.670 [info] Server run command: /bin/python /home/van/.vscode/extensions/ms-python.autopep8-2025.2.0/bundled/tool/lsp_server.py
2026-01-05 20:51:14.671 [info] Server: Start requested.
2026-01-05 20:51:15.054 [info] CWD Server: /home/van/.config/qtile
2026-01-05 20:51:15.054 [info] sys.path used to run Server:
   /home/van/.vscode/extensions/ms-python.autopep8-2025.2.0/bundled/libs
   /home/van/.vscode/extensions/ms-python.autopep8-2025.2.0/bundled/tool
   /usr/lib/python313.zip
   /usr/lib/python3.13
   /usr/lib/python3.13/lib-dynload
   /usr/lib/python3.13/site-packages
2026-01-05 20:51:15.054 [info] PYTHONPATH env variable used to run Server:
   /home/van/.vscode/extensions/ms-python.autopep8-2025.2.0/bundled/libs:
2026-01-05 20:51:15.054 [info] Settings used to run Server:
[
    {
        "cwd": "/home/van/.config/qtile",
        "workspace": "file:///home/van/.config/qtile",
        "args": [],
        "path": [],
        "interpreter": [
            "/bin/python"
        ],
        "importStrategy": "useBundled",
        "showNotifications": "off"
    }
]

2026-01-05 20:51:15.054 [info] Global settings:
{
    "cwd": "/home/van/.config/qtile",
    "workspace": "/home/van/.config/qtile",
    "args": [],
    "path": [],
    "interpreter": [],
    "importStrategy": "useBundled",
    "showNotifications": "off"
}

2026-01-05 20:51:15.055 [info] /bin/python -m autopep8 --version
2026-01-05 20:51:15.055 [info] CWD Server: /home/van/.config/qtile
2026-01-05 20:51:15.092 [info] Version info for formatter running for /home/van/.config/qtile:
autopep8 2.3.2 (pycodestyle: 2.12.1)

2026-01-05 20:51:15.092 [info] SUPPORTED autopep8>=1.7.0
FOUND autopep8==2.3.2

2026-01-05 20:53:31.891 [info] /bin/python -m autopep8 -
2026-01-05 20:53:31.891 [info] CWD Server: /home/van/.config/qtile
2026-01-05 20:57:42.700 [info] /bin/python -m autopep8 -
2026-01-05 20:57:42.700 [info] CWD Server: /home/van/.config/qtile
2026-01-05 20:57:46.786 [info] /bin/python -m autopep8 -
2026-01-05 20:57:46.786 [info] CWD Server: /home/van/.config/qtile
2026-01-05 20:58:23.117 [info] /bin/python -m autopep8 -
2026-01-05 20:58:23.117 [info] CWD Server: /home/van/.config/qtile
2026-01-05 20:58:53.042 [info] /bin/python -m autopep8 -
2026-01-05 20:58:53.042 [info] CWD Server: /home/van/.config/qtile
2026-01-05 20:59:35.112 [info] /bin/python -m autopep8 -
2026-01-05 20:59:35.112 [info] CWD Server: /home/van/.config/qtile
2026-01-05 21:00:31.518 [info] /bin/python -m autopep8 -
2026-01-05 21:00:31.518 [info] CWD Server: /home/van/.config/qtile
2026-01-05 21:00:39.856 [info] /bin/python -m autopep8 -
2026-01-05 21:00:39.856 [info] CWD Server: /home/van/.config/qtile
2026-01-05 21:00:50.636 [info] /bin/python -m autopep8 -
2026-01-05 21:00:50.637 [info] CWD Server: /home/van/.config/qtile
2026-01-05 21:01:12.822 [info] /bin/python -m autopep8 -
2026-01-05 21:01:12.822 [info] CWD Server: /home/van/.config/qtile
