2025-12-29 22:00:14.964 [info] Name: autopep8
2025-12-29 22:00:14.964 [info] Module: autopep8
2025-12-29 22:00:14.964 [info] Default formatter is set to ms-python.autopep8 for workspace /home/van/Workspace/Exercises/Work 4
2025-12-29 22:00:14.964 [info] Python extension loading
2025-12-29 22:00:14.964 [info] Waiting for interpreter from Python extension.
2025-12-29 22:00:14.996 [info] No interpreter found from setting autopep8.interpreter
2025-12-29 22:00:14.996 [info] Getting interpreter from ms-python.python extension for workspace /home/van/Workspace/Exercises/Work 4
2025-12-29 22:00:14.996 [info] Python extension loaded
2025-12-29 22:00:15.000 [info] Interpreter from ms-python.python extension for /home/van/Workspace/Exercises/Work 4: /bin/python
2025-12-29 22:00:15.001 [info] No interpreter found from setting autopep8.interpreter
2025-12-29 22:00:15.001 [info] Getting interpreter from ms-python.python extension for workspace /home/van/Workspace/Exercises/Work 4
2025-12-29 22:00:15.021 [info] Interpreter from ms-python.python extension for /home/van/Workspace/Exercises/Work 4: /bin/python
2025-12-29 22:00:15.026 [info] Server run command: /bin/python /home/van/.vscode/extensions/ms-python.autopep8-2025.2.0/bundled/tool/lsp_server.py
2025-12-29 22:00:15.027 [info] Server: Start requested.
2025-12-29 22:00:15.423 [info] CWD Server: /home/van/Workspace/Exercises/Work 4
2025-12-29 22:00:15.423 [info] sys.path used to run Server:
   /home/van/.vscode/extensions/ms-python.autopep8-2025.2.0/bundled/libs
   /home/van/.vscode/extensions/ms-python.autopep8-2025.2.0/bundled/tool
   /usr/lib/python313.zip
   /usr/lib/python3.13
   /usr/lib/python3.13/lib-dynload
   /usr/lib/python3.13/site-packages
2025-12-29 22:00:15.423 [info] PYTHONPATH env variable used to run Server:
   /home/van/.vscode/extensions/ms-python.autopep8-2025.2.0/bundled/libs:
2025-12-29 22:00:15.423 [info] Settings used to run Server:
[
    {
        "cwd": "/home/van/Workspace/Exercises/Work 4",
        "workspace": "file:///home/van/Workspace/Exercises/Work%204",
        "args": [],
        "path": [],
        "interpreter": [
            "/bin/python"
        ],
        "importStrategy": "useBundled",
        "showNotifications": "off"
    }
]

2025-12-29 22:00:15.423 [info] Global settings:
{
    "cwd": "/home/van/Workspace/Exercises",
    "workspace": "/home/van/Workspace/Exercises",
    "args": [],
    "path": [],
    "interpreter": [],
    "importStrategy": "useBundled",
    "showNotifications": "off"
}

2025-12-29 22:00:15.424 [info] /bin/python -m autopep8 --version
2025-12-29 22:00:15.424 [info] CWD Server: /home/van/Workspace/Exercises/Work 4
2025-12-29 22:00:15.461 [info] Version info for formatter running for /home/van/Workspace/Exercises/Work 4:
autopep8 2.3.2 (pycodestyle: 2.12.1)

2025-12-29 22:00:15.462 [info] SUPPORTED autopep8>=1.7.0
FOUND autopep8==2.3.2

2025-12-29 22:08:31.314 [info] /bin/python -m autopep8 -
2025-12-29 22:08:31.314 [info] CWD Server: /home/van/Workspace/Exercises/Work 4
2025-12-29 22:08:53.688 [info] /bin/python -m autopep8 -
2025-12-29 22:08:53.688 [info] CWD Server: /home/van/Workspace/Exercises/Work 4
2025-12-29 22:12:13.309 [info] /bin/python -m autopep8 -
2025-12-29 22:12:13.309 [info] CWD Server: /home/van/Workspace/Exercises/Work 4
2025-12-29 22:12:21.712 [info] /bin/python -m autopep8 -
2025-12-29 22:12:21.712 [info] CWD Server: /home/van/Workspace/Exercises/Work 4
2025-12-29 22:15:42.284 [info] /bin/python -m autopep8 -
2025-12-29 22:15:42.284 [info] CWD Server: /home/van/Workspace/Exercises/Work 4
2025-12-29 22:17:58.515 [info] /bin/python -m autopep8 -
2025-12-29 22:17:58.516 [info] CWD Server: /home/van/Workspace/Exercises/Work 4
2025-12-29 22:19:32.615 [info] /bin/python -m autopep8 -
2025-12-29 22:19:32.615 [info] CWD Server: /home/van/Workspace/Exercises/Work 4
2025-12-29 22:19:43.943 [info] /bin/python -m autopep8 -
2025-12-29 22:19:43.943 [info] CWD Server: /home/van/Workspace/Exercises/Work 4
2025-12-29 22:19:55.687 [info] /bin/python -m autopep8 -
2025-12-29 22:19:55.687 [info] CWD Server: /home/van/Workspace/Exercises/Work 4
2025-12-29 22:20:02.610 [info] /bin/python -m autopep8 -
2025-12-29 22:20:02.610 [info] CWD Server: /home/van/Workspace/Exercises/Work 4
2025-12-29 22:20:39.523 [info] /bin/python -m autopep8 -
2025-12-29 22:20:39.523 [info] CWD Server: /home/van/Workspace/Exercises/Work 4
2025-12-29 22:21:59.548 [info] /bin/python -m autopep8 -
2025-12-29 22:21:59.548 [info] CWD Server: /home/van/Workspace/Exercises/Work 4
2025-12-29 22:23:19.625 [info] /bin/python -m autopep8 -
2025-12-29 22:23:19.625 [info] CWD Server: /home/van/Workspace/Exercises/Work 4
2025-12-29 22:23:46.491 [info] /bin/python -m autopep8 -
2025-12-29 22:23:46.491 [info] CWD Server: /home/van/Workspace/Exercises/Work 4
2025-12-29 22:24:22.327 [info] /bin/python -m autopep8 -
2025-12-29 22:24:22.328 [info] CWD Server: /home/van/Workspace/Exercises/Work 4
2025-12-29 22:24:28.447 [info] /bin/python -m autopep8 -
2025-12-29 22:24:28.447 [info] CWD Server: /home/van/Workspace/Exercises/Work 4
2025-12-29 22:24:37.799 [info] /bin/python -m autopep8 -
2025-12-29 22:24:37.800 [info] CWD Server: /home/van/Workspace/Exercises/Work 4
2025-12-29 22:24:41.629 [info] /bin/python -m autopep8 -
2025-12-29 22:24:41.629 [info] CWD Server: /home/van/Workspace/Exercises/Work 4
2025-12-29 22:40:00.961 [info] /bin/python -m autopep8 -
2025-12-29 22:40:00.961 [info] CWD Server: /home/van/Workspace/Exercises/Work 4
2025-12-29 22:41:14.664 [info] /bin/python -m autopep8 -
2025-12-29 22:41:14.664 [info] CWD Server: /home/van/Workspace/Exercises/Work 4
2025-12-29 22:41:21.576 [info] /bin/python -m autopep8 -
2025-12-29 22:41:21.576 [info] CWD Server: /home/van/Workspace/Exercises/Work 4
2025-12-29 22:41:35.453 [info] /bin/python -m autopep8 -
2025-12-29 22:41:35.453 [info] CWD Server: /home/van/Workspace/Exercises/Work 4
2025-12-29 22:45:48.543 [info] /bin/python -m autopep8 -
2025-12-29 22:45:48.543 [info] CWD Server: /home/van/Workspace/Exercises/Work 4
2025-12-29 22:45:56.550 [info] /bin/python -m autopep8 -
2025-12-29 22:45:56.551 [info] CWD Server: /home/van/Workspace/Exercises/Work 4
2025-12-29 22:46:10.402 [info] /bin/python -m autopep8 -
2025-12-29 22:46:10.402 [info] CWD Server: /home/van/Workspace/Exercises/Work 4
2025-12-29 22:46:40.485 [info] /bin/python -m autopep8 -
2025-12-29 22:46:40.485 [info] CWD Server: /home/van/Workspace/Exercises/Work 4
2025-12-29 22:47:32.119 [info] /bin/python -m autopep8 -
2025-12-29 22:47:32.119 [info] CWD Server: /home/van/Workspace/Exercises/Work 4
2025-12-29 22:48:27.563 [info] /bin/python -m autopep8 -
2025-12-29 22:48:27.563 [info] CWD Server: /home/van/Workspace/Exercises/Work 4
2025-12-29 22:52:03.074 [info] /bin/python -m autopep8 -
2025-12-29 22:52:03.074 [info] CWD Server: /home/van/Workspace/Exercises/Work 4
2025-12-29 22:52:27.254 [info] /bin/python -m autopep8 -
2025-12-29 22:52:27.254 [info] CWD Server: /home/van/Workspace/Exercises/Work 4
2025-12-29 22:55:59.478 [info] /bin/python -m autopep8 -
2025-12-29 22:55:59.478 [info] CWD Server: /home/van/Workspace/Exercises/Work 4
