2026-01-05 20:51:14.274 [info] Starting Python Locator /home/van/.vscode/extensions/ms-python.python-2025.20.1-linux-x64/python-env-tools/bin/pet server
2026-01-05 20:51:14.277 [info] Discovered env: /bin/python
2026-01-05 20:51:14.279 [info] Discovered env: /usr/bin/python
2026-01-05 20:51:14.287 [info] Env ("/sbin/python") in Path resolved as ResolvedPythonEnv { executable: "/sbin/python", prefix: "/usr", version: "3.13.7.final.0", is64_bit: true, symlinks: Some(["/sbin/python"]) } and reported as Some(GlobalPaths)
2026-01-05 20:51:14.287 [info] Discovered env: /sbin/python
2026-01-05 20:51:14.288 [info] Env ("/usr/sbin/python") in Path resolved as ResolvedPythonEnv { executable: "/usr/sbin/python", prefix: "/usr", version: "3.13.7.final.0", is64_bit: true, symlinks: Some(["/usr/sbin/python"]) } and reported as Some(GlobalPaths)
2026-01-05 20:51:14.288 [info] Discovered env: /usr/sbin/python
2026-01-05 20:51:14.312 [info] Env ("/usr/sbin/python3") in Path resolved as ResolvedPythonEnv { executable: "/usr/sbin/python3", prefix: "/usr", version: "3.13.7.final.0", is64_bit: true, symlinks: Some(["/usr/sbin/python3"]) } and reported as Some(GlobalPaths)
2026-01-05 20:51:14.312 [info] Env ("/sbin/python3") in Path resolved as ResolvedPythonEnv { executable: "/sbin/python3", prefix: "/usr", version: "3.13.7.final.0", is64_bit: true, symlinks: Some(["/sbin/python3"]) } and reported as Some(GlobalPaths)
2026-01-05 20:51:14.312 [info] Discovered env: /usr/sbin/python3
2026-01-05 20:51:14.313 [info] Discovered env: /sbin/python3
2026-01-05 20:51:14.333 [info] Env ("/usr/sbin/python3.13") in Path resolved as ResolvedPythonEnv { executable: "/usr/sbin/python3.13", prefix: "/usr", version: "3.13.7.final.0", is64_bit: true, symlinks: Some(["/usr/sbin/python3.13"]) } and reported as Some(GlobalPaths)
2026-01-05 20:51:14.333 [info] Discovered env: /usr/sbin/python3.13
2026-01-05 20:51:14.334 [info] Env ("/sbin/python3.13") in Path resolved as ResolvedPythonEnv { executable: "/sbin/python3.13", prefix: "/usr", version: "3.13.7.final.0", is64_bit: true, symlinks: Some(["/sbin/python3.13"]) } and reported as Some(GlobalPaths)
2026-01-05 20:51:14.334 [info] Discovered env: /sbin/python3.13
2026-01-05 20:51:14.334 [info] Locator Conda took 175.098394ms
2026-01-05 20:51:14.334 [info] Locator Homebrew took 230.371µs
2026-01-05 20:51:14.334 [info] Locator LinuxGlobal took 204.491428ms
2026-01-05 20:51:14.334 [info] Locator PipEnv took 53.912µs
2026-01-05 20:51:14.334 [info] Locator Pixi took 80.046µs
2026-01-05 20:51:14.334 [info] Locator Poetry took 961.936µs
2026-01-05 20:51:14.334 [info] Locator PyEnv took 348.168µs
2026-01-05 20:51:14.334 [info] Locator Uv took 61.179µs
2026-01-05 20:51:14.334 [info] Locator Venv took 54.897µs
2026-01-05 20:51:14.334 [info] Locator VirtualEnv took 114.685µs
2026-01-05 20:51:14.335 [info] Locator VirtualEnvWrapper took 91.176µs
2026-01-05 20:51:14.335 [info] Locator GlobalVirtualEnvs took 85.419µs
2026-01-05 20:51:14.335 [info] Locator Locators took 205.021029ms
2026-01-05 20:51:14.335 [info] Locator Path took 263.52807ms
2026-01-05 20:51:14.335 [info] Locator Workspaces took 1.89779ms
2026-01-05 20:51:14.335 [info] Refresh completed in 263ms
2026-01-05 20:51:14.631 [info] Discovered env: /usr/bin/python
2026-01-05 20:51:14.632 [info] Discovered env: /bin/python
2026-01-05 20:51:14.632 [info] Resolved Python Environment /usr/bin/python
2026-01-05 20:51:14.634 [info] Env ("/sbin/python") in Path resolved as ResolvedPythonEnv { executable: "/sbin/python", prefix: "/usr", version: "3.13.7.final.0", is64_bit: true, symlinks: Some(["/sbin/python"]) } and reported as Some(GlobalPaths)
2026-01-05 20:51:14.634 [info] Env ("/usr/sbin/python") in Path resolved as ResolvedPythonEnv { executable: "/usr/sbin/python", prefix: "/usr", version: "3.13.7.final.0", is64_bit: true, symlinks: Some(["/usr/sbin/python"]) } and reported as Some(GlobalPaths)
2026-01-05 20:51:14.634 [info] Discovered env: /sbin/python
2026-01-05 20:51:14.634 [info] Discovered env: /usr/sbin/python
2026-01-05 20:51:14.635 [info] Env ("/sbin/python3") in Path resolved as ResolvedPythonEnv { executable: "/sbin/python3", prefix: "/usr", version: "3.13.7.final.0", is64_bit: true, symlinks: Some(["/sbin/python3"]) } and reported as Some(GlobalPaths)
2026-01-05 20:51:14.635 [info] Discovered env: /sbin/python3
2026-01-05 20:51:14.635 [info] Env ("/usr/sbin/python3") in Path resolved as ResolvedPythonEnv { executable: "/usr/sbin/python3", prefix: "/usr", version: "3.13.7.final.0", is64_bit: true, symlinks: Some(["/usr/sbin/python3"]) } and reported as Some(GlobalPaths)
2026-01-05 20:51:14.635 [info] Discovered env: /usr/sbin/python3
2026-01-05 20:51:14.635 [info] Env ("/sbin/python3.13") in Path resolved as ResolvedPythonEnv { executable: "/sbin/python3.13", prefix: "/usr", version: "3.13.7.final.0", is64_bit: true, symlinks: Some(["/sbin/python3.13"]) } and reported as Some(GlobalPaths)
2026-01-05 20:51:14.635 [info] Discovered env: /sbin/python3.13
2026-01-05 20:51:14.635 [info] Env ("/usr/sbin/python3.13") in Path resolved as ResolvedPythonEnv { executable: "/usr/sbin/python3.13", prefix: "/usr", version: "3.13.7.final.0", is64_bit: true, symlinks: Some(["/usr/sbin/python3.13"]) } and reported as Some(GlobalPaths)
2026-01-05 20:51:14.635 [info] Discovered env: /usr/sbin/python3.13
2026-01-05 20:51:14.636 [info] Locator Conda took 71.798862ms
2026-01-05 20:51:14.639 [info] Locator Homebrew took 78.317µs
2026-01-05 20:51:14.640 [info] Locator LinuxGlobal took 71.532568ms
2026-01-05 20:51:14.640 [info] Locator PipEnv took 22.445µs
2026-01-05 20:51:14.640 [info] Locator Pixi took 21.286µs
2026-01-05 20:51:14.640 [info] Locator Poetry took 532.853µs
2026-01-05 20:51:14.640 [info] Locator PyEnv took 94.884µs
2026-01-05 20:51:14.640 [info] Locator Uv took 13.627µs
2026-01-05 20:51:14.640 [info] Locator Venv took 174.327µs
2026-01-05 20:51:14.640 [info] Locator VirtualEnv took 125.565µs
2026-01-05 20:51:14.640 [info] Locator VirtualEnvWrapper took 654.02µs
2026-01-05 20:51:14.640 [info] Locator GlobalVirtualEnvs took 73.824µs
2026-01-05 20:51:14.640 [info] Locator Locators took 73.150493ms
2026-01-05 20:51:14.640 [info] Locator Path took 137.826489ms
2026-01-05 20:51:14.640 [info] Locator Workspaces took 847.866µs
2026-01-05 20:51:14.640 [info] Refresh completed in 137ms
2026-01-05 20:51:14.641 [info] Resolved Python Environment /bin/python
2026-01-05 20:54:18.331 [info] Resolved Python Environment /bin/python
2026-01-05 20:55:21.606 [info] Resolved Python Environment /bin/python
2026-01-05 21:04:16.664 [info] Resolved Python Environment /bin/python
2026-01-05 21:05:46.322 [info] Resolved Python Environment /bin/python
2026-01-05 21:06:20.008 [info] Resolved Python Environment /bin/python
