2025-12-30 00:07:04.363 [info] Name: autopep8
2025-12-30 00:07:04.363 [info] Module: autopep8
2025-12-30 00:07:04.363 [info] Default formatter is set to ms-python.autopep8 for workspace /home/van/Workspace/Exercises/Work 5
2025-12-30 00:07:04.363 [info] Python extension loading
2025-12-30 00:07:04.363 [info] Waiting for interpreter from Python extension.
2025-12-30 00:07:04.389 [info] No interpreter found from setting autopep8.interpreter
2025-12-30 00:07:04.389 [info] Getting interpreter from ms-python.python extension for workspace /home/van/Workspace/Exercises/Work 5
2025-12-30 00:07:04.390 [info] Python extension loaded
2025-12-30 00:07:04.396 [info] Interpreter from ms-python.python extension for /home/van/Workspace/Exercises/Work 5: /usr/bin/python
2025-12-30 00:07:04.396 [info] No interpreter found from setting autopep8.interpreter
2025-12-30 00:07:04.396 [info] Getting interpreter from ms-python.python extension for workspace /home/van/Workspace/Exercises/Work 5
2025-12-30 00:07:04.401 [info] Interpreter from ms-python.python extension for /home/van/Workspace/Exercises/Work 5: /bin/python
2025-12-30 00:07:04.427 [info] Server run command: /usr/bin/python /home/van/.vscode/extensions/ms-python.autopep8-2025.2.0/bundled/tool/lsp_server.py
2025-12-30 00:07:04.427 [info] Server: Start requested.
2025-12-30 00:07:04.786 [info] CWD Server: /home/van/Workspace/Exercises/Work 5
2025-12-30 00:07:04.786 [info] sys.path used to run Server:
   /home/van/.vscode/extensions/ms-python.autopep8-2025.2.0/bundled/libs
   /home/van/.vscode/extensions/ms-python.autopep8-2025.2.0/bundled/tool
   /usr/lib/python313.zip
   /usr/lib/python3.13
   /usr/lib/python3.13/lib-dynload
   /usr/lib/python3.13/site-packages
2025-12-30 00:07:04.786 [info] PYTHONPATH env variable used to run Server:
   /home/van/.vscode/extensions/ms-python.autopep8-2025.2.0/bundled/libs:
2025-12-30 00:07:04.786 [info] Settings used to run Server:
[
    {
        "cwd": "/home/van/Workspace/Exercises/Work 5",
        "workspace": "file:///home/van/Workspace/Exercises/Work%205",
        "args": [],
        "path": [],
        "interpreter": [
            "/bin/python"
        ],
        "importStrategy": "useBundled",
        "showNotifications": "off"
    }
]

2025-12-30 00:07:04.786 [info] Global settings:
{
    "cwd": "/home/van",
    "workspace": "/home/van",
    "args": [],
    "path": [],
    "interpreter": [],
    "importStrategy": "useBundled",
    "showNotifications": "off"
}

2025-12-30 00:07:04.787 [info] /usr/bin/python -m autopep8 --version
2025-12-30 00:07:04.787 [info] CWD Server: /home/van/Workspace/Exercises/Work 5
2025-12-30 00:07:04.823 [info] Version info for formatter running for /home/van/Workspace/Exercises/Work 5:
autopep8 2.3.2 (pycodestyle: 2.12.1)

2025-12-30 00:07:04.823 [info] SUPPORTED autopep8>=1.7.0
FOUND autopep8==2.3.2

2025-12-30 00:26:42.393 [info] [Trace - 12:26:42] Sending notification 'textDocument/didChange'.
2025-12-30 00:26:44.559 [info] [Trace - 12:26:44] Sending notification 'textDocument/didChange'.
2025-12-30 00:26:45.422 [info] [Trace - 12:26:45] Sending notification 'textDocument/didChange'.
2025-12-30 00:26:45.674 [info] [Trace - 12:26:45] Sending notification 'textDocument/didChange'.
2025-12-30 00:26:45.876 [info] [Trace - 12:26:45] Sending notification 'textDocument/didChange'.
2025-12-30 00:26:45.902 [info] [Trace - 12:26:45] Sending notification 'textDocument/didChange'.
2025-12-30 00:26:47.097 [info] [Trace - 12:26:47] Sending notification 'textDocument/didChange'.
2025-12-30 00:26:49.341 [info] [Trace - 12:26:49] Sending notification 'textDocument/didChange'.
2025-12-30 00:26:49.833 [info] [Trace - 12:26:49] Sending notification 'textDocument/didChange'.
2025-12-30 00:26:56.440 [info] [Trace - 12:26:56] Sending notification 'textDocument/didChange'.
2025-12-30 00:26:57.233 [info] [Trace - 12:26:57] Sending notification 'textDocument/didChange'.
2025-12-30 00:26:58.546 [info] [Trace - 12:26:58] Sending request 'textDocument/formatting - (1)'.
2025-12-30 00:26:58.554 [info] [Trace - 12:26:58] Received notification 'window/logMessage'.
2025-12-30 00:26:58.554 [info] /usr/bin/python -m autopep8 -
2025-12-30 00:26:58.555 [info] [Trace - 12:26:58] Received notification 'window/logMessage'.
2025-12-30 00:26:58.555 [info] CWD Server: /home/van/Workspace/Exercises/Work 5
2025-12-30 00:26:58.615 [info] [Trace - 12:26:58] Received response 'textDocument/formatting - (1)' in 68ms.
2025-12-30 00:26:58.617 [info] [Trace - 12:26:58] Sending notification 'textDocument/didChange'.
2025-12-30 00:29:24.506 [info] [Trace - 12:29:24] Sending notification 'textDocument/didChange'.
2025-12-30 00:29:25.584 [info] [Trace - 12:29:25] Sending notification 'textDocument/didChange'.
2025-12-30 00:29:26.562 [info] [Trace - 12:29:26] Sending notification 'textDocument/didChange'.
2025-12-30 00:29:27.801 [info] [Trace - 12:29:27] Sending notification 'textDocument/didChange'.
2025-12-30 00:29:28.498 [info] [Trace - 12:29:28] Sending notification 'textDocument/didChange'.
2025-12-30 00:29:30.509 [info] [Trace - 12:29:30] Sending notification 'textDocument/didChange'.
2025-12-30 00:29:33.593 [info] [Trace - 12:29:33] Sending request 'textDocument/formatting - (2)'.
2025-12-30 00:29:33.595 [info] [Trace - 12:29:33] Received notification 'window/logMessage'.
2025-12-30 00:29:33.595 [info] /usr/bin/python -m autopep8 -
2025-12-30 00:29:33.595 [info] [Trace - 12:29:33] Received notification 'window/logMessage'.
2025-12-30 00:29:33.595 [info] CWD Server: /home/van/Workspace/Exercises/Work 5
2025-12-30 00:29:33.637 [info] [Trace - 12:29:33] Received response 'textDocument/formatting - (2)' in 44ms.
2025-12-30 00:30:15.720 [info] [Trace - 12:30:15] Sending notification 'textDocument/didOpen'.
2025-12-30 00:30:52.076 [info] [Trace - 12:30:52] Sending notification 'textDocument/didChange'.
2025-12-30 00:30:52.265 [info] [Trace - 12:30:52] Sending notification 'textDocument/didChange'.
2025-12-30 00:30:52.467 [info] [Trace - 12:30:52] Sending notification 'textDocument/didChange'.
2025-12-30 00:30:52.488 [info] [Trace - 12:30:52] Sending notification 'textDocument/didChange'.
2025-12-30 00:30:53.286 [info] [Trace - 12:30:53] Sending notification 'textDocument/didChange'.
2025-12-30 00:30:53.523 [info] [Trace - 12:30:53] Sending notification 'textDocument/didChange'.
2025-12-30 00:30:58.153 [info] [Trace - 12:30:58] Sending notification 'textDocument/didChange'.
2025-12-30 00:31:00.032 [info] [Trace - 12:31:00] Sending notification 'textDocument/didChange'.
2025-12-30 00:31:00.834 [info] [Trace - 12:31:00] Sending notification 'textDocument/didChange'.
2025-12-30 00:31:01.882 [info] [Trace - 12:31:01] Sending request 'textDocument/formatting - (3)'.
2025-12-30 00:31:01.887 [info] [Trace - 12:31:01] Received notification 'window/logMessage'.
2025-12-30 00:31:01.888 [info] /usr/bin/python -m autopep8 -
2025-12-30 00:31:01.888 [info] [Trace - 12:31:01] Received notification 'window/logMessage'.
2025-12-30 00:31:01.888 [info] CWD Server: /home/van/Workspace/Exercises/Work 5
2025-12-30 00:31:01.949 [info] [Trace - 12:31:01] Received response 'textDocument/formatting - (3)' in 67ms.
2025-12-30 00:31:20.346 [info] [Trace - 12:31:20] Sending notification 'textDocument/didChange'.
2025-12-30 00:31:21.907 [info] [Trace - 12:31:21] Sending request 'textDocument/formatting - (4)'.
2025-12-30 00:31:21.911 [info] [Trace - 12:31:21] Received notification 'window/logMessage'.
2025-12-30 00:31:21.911 [info] /usr/bin/python -m autopep8 -
2025-12-30 00:31:21.911 [info] [Trace - 12:31:21] Received notification 'window/logMessage'.
2025-12-30 00:31:21.911 [info] CWD Server: /home/van/Workspace/Exercises/Work 5
2025-12-30 00:31:21.971 [info] [Trace - 12:31:21] Received response 'textDocument/formatting - (4)' in 64ms.
2025-12-30 00:31:52.075 [info] [Trace - 12:31:52] Sending notification 'textDocument/didOpen'.
2025-12-30 00:32:05.179 [info] [Trace - 12:32:05] Sending notification 'textDocument/didClose'.
2025-12-30 00:32:05.206 [info] [Trace - 12:32:05] Sending notification 'textDocument/didOpen'.
2025-12-30 00:32:23.370 [info] [Trace - 12:32:23] Sending notification 'textDocument/didChange'.
2025-12-30 00:32:23.601 [info] [Trace - 12:32:23] Sending notification 'textDocument/didChange'.
2025-12-30 00:32:23.798 [info] [Trace - 12:32:23] Sending notification 'textDocument/didChange'.
2025-12-30 00:32:23.804 [info] [Trace - 12:32:23] Sending notification 'textDocument/didChange'.
2025-12-30 00:32:24.852 [info] [Trace - 12:32:24] Sending notification 'textDocument/didChange'.
2025-12-30 00:32:25.106 [info] [Trace - 12:32:25] Sending notification 'textDocument/didChange'.
2025-12-30 00:32:27.384 [info] [Trace - 12:32:27] Sending notification 'textDocument/didChange'.
2025-12-30 00:32:28.263 [info] [Trace - 12:32:28] Sending notification 'textDocument/didChange'.
2025-12-30 00:32:28.815 [info] [Trace - 12:32:28] Sending request 'textDocument/formatting - (5)'.
2025-12-30 00:32:28.819 [info] [Trace - 12:32:28] Received notification 'window/logMessage'.
2025-12-30 00:32:28.819 [info] /usr/bin/python -m autopep8 -
2025-12-30 00:32:28.819 [info] [Trace - 12:32:28] Received notification 'window/logMessage'.
2025-12-30 00:32:28.819 [info] CWD Server: /home/van/Workspace/Exercises/Work 5
2025-12-30 00:32:28.870 [info] [Trace - 12:32:28] Received response 'textDocument/formatting - (5)' in 55ms.
2025-12-30 00:32:50.821 [info] [Trace - 12:32:50] Sending notification 'textDocument/didOpen'.
2025-12-30 00:32:58.655 [info] [Trace - 12:32:58] Sending notification 'textDocument/didChange'.
2025-12-30 00:33:00.057 [info] [Trace - 12:33:00] Sending notification 'textDocument/didChange'.
2025-12-30 00:33:00.866 [info] [Trace - 12:33:00] Sending notification 'textDocument/didChange'.
2025-12-30 00:33:01.073 [info] [Trace - 12:33:01] Sending notification 'textDocument/didChange'.
2025-12-30 00:33:01.250 [info] [Trace - 12:33:01] Sending notification 'textDocument/didChange'.
2025-12-30 00:33:01.268 [info] [Trace - 12:33:01] Sending notification 'textDocument/didChange'.
2025-12-30 00:33:01.852 [info] [Trace - 12:33:01] Sending notification 'textDocument/didChange'.
2025-12-30 00:33:02.102 [info] [Trace - 12:33:02] Sending notification 'textDocument/didChange'.
2025-12-30 00:33:03.884 [info] [Trace - 12:33:03] Sending notification 'textDocument/didChange'.
2025-12-30 00:33:04.786 [info] [Trace - 12:33:04] Sending notification 'textDocument/didChange'.
2025-12-30 00:33:08.914 [info] [Trace - 12:33:08] Sending request 'textDocument/formatting - (6)'.
2025-12-30 00:33:08.919 [info] [Trace - 12:33:08] Received notification 'window/logMessage'.
2025-12-30 00:33:08.920 [info] /usr/bin/python -m autopep8 -
2025-12-30 00:33:08.920 [info] [Trace - 12:33:08] Received notification 'window/logMessage'.
2025-12-30 00:33:08.920 [info] CWD Server: /home/van/Workspace/Exercises/Work 5
2025-12-30 00:33:08.994 [info] [Trace - 12:33:08] Received response 'textDocument/formatting - (6)' in 79ms.
2025-12-30 00:33:19.696 [info] [Trace - 12:33:19] Sending notification 'textDocument/didChange'.
2025-12-30 00:33:22.752 [info] [Trace - 12:33:22] Sending notification 'textDocument/didChange'.
2025-12-30 00:33:54.949 [info] [Trace - 12:33:54] Sending notification 'textDocument/didOpen'.
2025-12-30 00:34:10.658 [info] [Trace - 12:34:10] Sending notification 'textDocument/didChange'.
2025-12-30 00:34:10.857 [info] [Trace - 12:34:10] Sending notification 'textDocument/didChange'.
2025-12-30 00:34:11.042 [info] [Trace - 12:34:11] Sending notification 'textDocument/didChange'.
2025-12-30 00:34:11.059 [info] [Trace - 12:34:11] Sending notification 'textDocument/didChange'.
2025-12-30 00:34:11.764 [info] [Trace - 12:34:11] Sending notification 'textDocument/didChange'.
2025-12-30 00:34:11.970 [info] [Trace - 12:34:11] Sending notification 'textDocument/didChange'.
2025-12-30 00:34:13.408 [info] [Trace - 12:34:13] Sending notification 'textDocument/didChange'.
2025-12-30 00:34:13.679 [info] [Trace - 12:34:13] Sending notification 'textDocument/didChange'.
2025-12-30 00:34:14.162 [info] [Trace - 12:34:14] Sending request 'textDocument/formatting - (7)'.
2025-12-30 00:34:14.167 [info] [Trace - 12:34:14] Received notification 'window/logMessage'.
2025-12-30 00:34:14.167 [info] /usr/bin/python -m autopep8 -
2025-12-30 00:34:14.167 [info] [Trace - 12:34:14] Received notification 'window/logMessage'.
2025-12-30 00:34:14.167 [info] CWD Server: /home/van/Workspace/Exercises/Work 5
2025-12-30 00:34:14.226 [info] [Trace - 12:34:14] Received response 'textDocument/formatting - (7)' in 64ms.
2025-12-30 00:35:13.480 [info] [Trace - 12:35:13] Sending notification 'textDocument/didOpen'.
2025-12-30 00:35:26.566 [info] [Trace - 12:35:26] Sending notification 'textDocument/didChange'.
2025-12-30 00:35:28.081 [info] [Trace - 12:35:28] Sending notification 'textDocument/didChange'.
2025-12-30 00:35:28.811 [info] [Trace - 12:35:28] Sending notification 'textDocument/didChange'.
2025-12-30 00:35:29.009 [info] [Trace - 12:35:29] Sending notification 'textDocument/didChange'.
2025-12-30 00:35:29.194 [info] [Trace - 12:35:29] Sending notification 'textDocument/didChange'.
2025-12-30 00:35:29.212 [info] [Trace - 12:35:29] Sending notification 'textDocument/didChange'.
2025-12-30 00:35:30.219 [info] [Trace - 12:35:30] Sending notification 'textDocument/didChange'.
2025-12-30 00:35:32.037 [info] [Trace - 12:35:32] Sending notification 'textDocument/didChange'.
2025-12-30 00:35:34.171 [info] [Trace - 12:35:34] Sending notification 'textDocument/didChange'.
2025-12-30 00:35:36.880 [info] [Trace - 12:35:36] Sending notification 'textDocument/didChange'.
2025-12-30 00:35:37.289 [info] [Trace - 12:35:37] Sending notification 'textDocument/didChange'.
2025-12-30 00:35:38.177 [info] [Trace - 12:35:38] Sending notification 'textDocument/didChange'.
2025-12-30 00:35:38.496 [info] [Trace - 12:35:38] Sending notification 'textDocument/didChange'.
2025-12-30 00:35:39.698 [info] [Trace - 12:35:39] Sending notification 'textDocument/didChange'.
2025-12-30 00:35:40.769 [info] [Trace - 12:35:40] Sending notification 'textDocument/didChange'.
2025-12-30 00:35:41.946 [info] [Trace - 12:35:41] Sending request 'textDocument/formatting - (8)'.
2025-12-30 00:35:41.948 [info] [Trace - 12:35:41] Received notification 'window/logMessage'.
2025-12-30 00:35:41.949 [info] /usr/bin/python -m autopep8 -
2025-12-30 00:35:41.949 [info] [Trace - 12:35:41] Received notification 'window/logMessage'.
2025-12-30 00:35:41.949 [info] CWD Server: /home/van/Workspace/Exercises/Work 5
2025-12-30 00:35:42.011 [info] [Trace - 12:35:42] Received response 'textDocument/formatting - (8)' in 65ms.
2025-12-30 00:35:42.012 [info] [Trace - 12:35:42] Sending notification 'textDocument/didChange'.
2025-12-30 00:35:44.930 [info] [Trace - 12:35:44] Sending notification 'textDocument/didChange'.
2025-12-30 00:35:47.785 [info] [Trace - 12:35:47] Sending notification 'textDocument/didChange'.
2025-12-30 00:35:50.218 [info] [Trace - 12:35:50] Sending request 'textDocument/formatting - (9)'.
2025-12-30 00:35:50.224 [info] [Trace - 12:35:50] Received notification 'window/logMessage'.
2025-12-30 00:35:50.224 [info] /usr/bin/python -m autopep8 -
2025-12-30 00:35:50.224 [info] [Trace - 12:35:50] Received notification 'window/logMessage'.
2025-12-30 00:35:50.224 [info] CWD Server: /home/van/Workspace/Exercises/Work 5
2025-12-30 00:35:50.282 [info] [Trace - 12:35:50] Received response 'textDocument/formatting - (9)' in 64ms.
2025-12-30 00:36:18.565 [info] [Trace - 12:36:18] Sending notification 'textDocument/didOpen'.
2025-12-30 00:36:28.093 [info] [Trace - 12:36:28] Sending notification 'textDocument/didChange'.
2025-12-30 00:36:29.336 [info] [Trace - 12:36:29] Sending notification 'textDocument/didChange'.
2025-12-30 00:36:29.769 [info] [Trace - 12:36:29] Sending notification 'textDocument/didChange'.
2025-12-30 00:36:29.975 [info] [Trace - 12:36:29] Sending notification 'textDocument/didChange'.
2025-12-30 00:36:30.154 [info] [Trace - 12:36:30] Sending notification 'textDocument/didChange'.
2025-12-30 00:36:30.173 [info] [Trace - 12:36:30] Sending notification 'textDocument/didChange'.
2025-12-30 00:36:32.192 [info] [Trace - 12:36:32] Sending notification 'textDocument/didChange'.
2025-12-30 00:36:34.360 [info] [Trace - 12:36:34] Sending notification 'textDocument/didChange'.
2025-12-30 00:36:34.642 [info] [Trace - 12:36:34] Sending notification 'textDocument/didChange'.
2025-12-30 00:36:35.227 [info] [Trace - 12:36:35] Sending request 'textDocument/formatting - (10)'.
2025-12-30 00:36:35.232 [info] [Trace - 12:36:35] Received notification 'window/logMessage'.
2025-12-30 00:36:35.232 [info] /usr/bin/python -m autopep8 -
2025-12-30 00:36:35.232 [info] [Trace - 12:36:35] Received notification 'window/logMessage'.
2025-12-30 00:36:35.232 [info] CWD Server: /home/van/Workspace/Exercises/Work 5
2025-12-30 00:36:35.292 [info] [Trace - 12:36:35] Received response 'textDocument/formatting - (10)' in 65ms.
2025-12-30 00:36:35.294 [info] [Trace - 12:36:35] Sending notification 'textDocument/didChange'.
2025-12-30 00:36:43.040 [info] [Trace - 12:36:43] Sending notification 'textDocument/didChange'.
2025-12-30 00:36:43.153 [info] [Trace - 12:36:43] Sending notification 'textDocument/didChange'.
2025-12-30 00:36:44.156 [info] [Trace - 12:36:44] Sending request 'textDocument/formatting - (11)'.
2025-12-30 00:36:44.160 [info] [Trace - 12:36:44] Received notification 'window/logMessage'.
2025-12-30 00:36:44.161 [info] /usr/bin/python -m autopep8 -
2025-12-30 00:36:44.161 [info] [Trace - 12:36:44] Received notification 'window/logMessage'.
2025-12-30 00:36:44.161 [info] CWD Server: /home/van/Workspace/Exercises/Work 5
2025-12-30 00:36:44.217 [info] [Trace - 12:36:44] Received response 'textDocument/formatting - (11)' in 61ms.
2025-12-30 00:38:24.531 [info] [Trace - 12:38:24] Sending notification 'textDocument/didOpen'.
2025-12-30 00:38:26.528 [info] [Trace - 12:38:26] Sending notification 'textDocument/didChange'.
2025-12-30 00:38:26.742 [info] [Trace - 12:38:26] Sending notification 'textDocument/didChange'.
2025-12-30 00:38:26.929 [info] [Trace - 12:38:26] Sending notification 'textDocument/didChange'.
2025-12-30 00:38:26.946 [info] [Trace - 12:38:26] Sending notification 'textDocument/didChange'.
2025-12-30 00:38:27.914 [info] [Trace - 12:38:27] Sending notification 'textDocument/didChange'.
2025-12-30 00:38:28.199 [info] [Trace - 12:38:28] Sending notification 'textDocument/didChange'.
2025-12-30 00:38:32.814 [info] [Trace - 12:38:32] Sending notification 'textDocument/didChange'.
2025-12-30 00:38:40.509 [info] [Trace - 12:38:40] Sending notification 'textDocument/didChange'.
2025-12-30 00:38:43.912 [info] [Trace - 12:38:43] Sending notification 'textDocument/didChange'.
2025-12-30 00:38:44.237 [info] [Trace - 12:38:44] Sending notification 'textDocument/didChange'.
2025-12-30 00:38:49.121 [info] [Trace - 12:38:49] Sending notification 'textDocument/didChange'.
2025-12-30 00:38:50.466 [info] [Trace - 12:38:50] Sending request 'textDocument/formatting - (12)'.
2025-12-30 00:38:50.469 [info] [Trace - 12:38:50] Received notification 'window/logMessage'.
2025-12-30 00:38:50.469 [info] /usr/bin/python -m autopep8 -
2025-12-30 00:38:50.469 [info] [Trace - 12:38:50] Received notification 'window/logMessage'.
2025-12-30 00:38:50.469 [info] CWD Server: /home/van/Workspace/Exercises/Work 5
2025-12-30 00:38:50.524 [info] [Trace - 12:38:50] Received response 'textDocument/formatting - (12)' in 58ms.
2025-12-30 00:39:17.305 [info] [Trace - 12:39:17] Sending notification 'textDocument/didOpen'.
2025-12-30 00:39:20.563 [info] [Trace - 12:39:20] Sending notification 'textDocument/didChange'.
2025-12-30 00:39:20.776 [info] [Trace - 12:39:20] Sending notification 'textDocument/didChange'.
2025-12-30 00:39:20.969 [info] [Trace - 12:39:20] Sending notification 'textDocument/didChange'.
2025-12-30 00:39:20.985 [info] [Trace - 12:39:20] Sending notification 'textDocument/didChange'.
2025-12-30 00:39:21.940 [info] [Trace - 12:39:21] Sending notification 'textDocument/didChange'.
2025-12-30 00:39:25.817 [info] [Trace - 12:39:25] Sending notification 'textDocument/didChange'.
2025-12-30 00:39:26.496 [info] [Trace - 12:39:26] Sending notification 'textDocument/didChange'.
2025-12-30 00:39:27.303 [info] [Trace - 12:39:27] Sending notification 'textDocument/didChange'.
2025-12-30 00:39:28.150 [info] [Trace - 12:39:28] Sending request 'textDocument/formatting - (13)'.
2025-12-30 00:39:28.155 [info] [Trace - 12:39:28] Received notification 'window/logMessage'.
2025-12-30 00:39:28.155 [info] /usr/bin/python -m autopep8 -
2025-12-30 00:39:28.155 [info] [Trace - 12:39:28] Received notification 'window/logMessage'.
2025-12-30 00:39:28.155 [info] CWD Server: /home/van/Workspace/Exercises/Work 5
2025-12-30 00:39:28.219 [info] [Trace - 12:39:28] Received response 'textDocument/formatting - (13)' in 69ms.
2025-12-30 00:39:28.221 [info] [Trace - 12:39:28] Sending notification 'textDocument/didChange'.
2025-12-30 00:39:48.072 [info] [Trace - 12:39:48] Sending notification 'textDocument/didOpen'.
2025-12-30 00:39:48.743 [info] [Trace - 12:39:48] Sending notification 'textDocument/didChange'.
2025-12-30 00:39:50.747 [info] [Trace - 12:39:50] Sending notification 'textDocument/didChange'.
2025-12-30 00:39:51.053 [info] [Trace - 12:39:51] Sending notification 'textDocument/didChange'.
2025-12-30 00:39:51.264 [info] [Trace - 12:39:51] Sending notification 'textDocument/didChange'.
2025-12-30 00:39:51.435 [info] [Trace - 12:39:51] Sending notification 'textDocument/didChange'.
2025-12-30 00:39:51.450 [info] [Trace - 12:39:51] Sending notification 'textDocument/didChange'.
2025-12-30 00:39:52.273 [info] [Trace - 12:39:52] Sending notification 'textDocument/didChange'.
2025-12-30 00:39:52.415 [info] [Trace - 12:39:52] Sending notification 'textDocument/didChange'.
2025-12-30 00:39:52.568 [info] [Trace - 12:39:52] Sending notification 'textDocument/didChange'.
2025-12-30 00:39:54.908 [info] [Trace - 12:39:54] Sending notification 'textDocument/didChange'.
2025-12-30 00:39:55.529 [info] [Trace - 12:39:55] Sending notification 'textDocument/didChange'.
2025-12-30 00:39:55.729 [info] [Trace - 12:39:55] Sending notification 'textDocument/didChange'.
2025-12-30 00:39:55.897 [info] [Trace - 12:39:55] Sending notification 'textDocument/didChange'.
2025-12-30 00:39:55.926 [info] [Trace - 12:39:55] Sending notification 'textDocument/didChange'.
2025-12-30 00:39:56.303 [info] [Trace - 12:39:56] Sending notification 'textDocument/didChange'.
2025-12-30 00:39:56.496 [info] [Trace - 12:39:56] Sending notification 'textDocument/didChange'.
2025-12-30 00:39:56.640 [info] [Trace - 12:39:56] Sending notification 'textDocument/didChange'.
2025-12-30 00:39:56.802 [info] [Trace - 12:39:56] Sending notification 'textDocument/didChange'.
2025-12-30 00:39:57.770 [info] [Trace - 12:39:57] Sending notification 'textDocument/didChange'.
2025-12-30 00:39:58.136 [info] [Trace - 12:39:58] Sending request 'textDocument/formatting - (14)'.
2025-12-30 00:39:58.139 [info] [Trace - 12:39:58] Received notification 'window/logMessage'.
2025-12-30 00:39:58.139 [info] /usr/bin/python -m autopep8 -
2025-12-30 00:39:58.139 [info] [Trace - 12:39:58] Received notification 'window/logMessage'.
2025-12-30 00:39:58.139 [info] CWD Server: /home/van/Workspace/Exercises/Work 5
2025-12-30 00:39:58.199 [info] [Trace - 12:39:58] Received response 'textDocument/formatting - (14)' in 63ms.
2025-12-30 00:39:58.200 [info] [Trace - 12:39:58] Sending notification 'textDocument/didChange'.
2025-12-30 00:40:09.162 [info] [Trace - 12:40:09] Sending request 'textDocument/formatting - (15)'.
2025-12-30 00:40:09.167 [info] [Trace - 12:40:09] Received notification 'window/logMessage'.
2025-12-30 00:40:09.167 [info] /usr/bin/python -m autopep8 -
2025-12-30 00:40:09.167 [info] [Trace - 12:40:09] Received notification 'window/logMessage'.
2025-12-30 00:40:09.167 [info] CWD Server: /home/van/Workspace/Exercises/Work 5
2025-12-30 00:40:09.227 [info] [Trace - 12:40:09] Received response 'textDocument/formatting - (15)' in 65ms.
2025-12-30 00:40:41.682 [info] [Trace - 12:40:41] Sending notification 'textDocument/didOpen'.
2025-12-30 00:40:43.459 [info] [Trace - 12:40:43] Sending notification 'textDocument/didChange'.
2025-12-30 00:40:43.680 [info] [Trace - 12:40:43] Sending notification 'textDocument/didChange'.
2025-12-30 00:40:43.879 [info] [Trace - 12:40:43] Sending notification 'textDocument/didChange'.
2025-12-30 00:40:43.887 [info] [Trace - 12:40:43] Sending notification 'textDocument/didChange'.
2025-12-30 00:40:44.943 [info] [Trace - 12:40:44] Sending notification 'textDocument/didChange'.
2025-12-30 00:40:46.317 [info] [Trace - 12:40:46] Sending notification 'textDocument/didChange'.
2025-12-30 00:40:46.639 [info] [Trace - 12:40:46] Sending notification 'textDocument/didChange'.
2025-12-30 00:40:50.224 [info] [Trace - 12:40:50] Sending notification 'textDocument/didChange'.
2025-12-30 00:40:50.809 [info] [Trace - 12:40:50] Sending notification 'textDocument/didChange'.
2025-12-30 00:40:51.536 [info] [Trace - 12:40:51] Sending notification 'textDocument/didChange'.
2025-12-30 00:40:51.985 [info] [Trace - 12:40:51] Sending notification 'textDocument/didChange'.
2025-12-30 00:40:53.653 [info] [Trace - 12:40:53] Sending request 'textDocument/formatting - (16)'.
2025-12-30 00:40:53.653 [info] [Trace - 12:40:53] Received notification 'window/logMessage'.
2025-12-30 00:40:53.653 [info] /usr/bin/python -m autopep8 -
2025-12-30 00:40:53.653 [info] [Trace - 12:40:53] Received notification 'window/logMessage'.
2025-12-30 00:40:53.653 [info] CWD Server: /home/van/Workspace/Exercises/Work 5
2025-12-30 00:40:53.697 [info] [Trace - 12:40:53] Received response 'textDocument/formatting - (16)' in 45ms.
2025-12-30 00:40:53.698 [info] [Trace - 12:40:53] Sending notification 'textDocument/didChange'.
2025-12-30 00:40:56.178 [info] [Trace - 12:40:56] Sending notification 'textDocument/didChange'.
2025-12-30 00:40:57.825 [info] [Trace - 12:40:57] Sending notification 'textDocument/didChange'.
2025-12-30 00:40:59.006 [info] [Trace - 12:40:59] Sending request 'textDocument/formatting - (17)'.
2025-12-30 00:40:59.010 [info] [Trace - 12:40:59] Received notification 'window/logMessage'.
2025-12-30 00:40:59.011 [info] /usr/bin/python -m autopep8 -
2025-12-30 00:40:59.011 [info] [Trace - 12:40:59] Received notification 'window/logMessage'.
2025-12-30 00:40:59.011 [info] CWD Server: /home/van/Workspace/Exercises/Work 5
2025-12-30 00:40:59.069 [info] [Trace - 12:40:59] Received response 'textDocument/formatting - (17)' in 63ms.
2025-12-30 00:41:30.134 [info] [Trace - 12:41:30] Sending notification 'textDocument/didOpen'.
2025-12-30 00:41:32.079 [info] [Trace - 12:41:32] Sending notification 'textDocument/didChange'.
2025-12-30 00:41:34.243 [info] [Trace - 12:41:34] Sending notification 'textDocument/didChange'.
2025-12-30 00:41:34.802 [info] [Trace - 12:41:34] Sending notification 'textDocument/didChange'.
2025-12-30 00:41:34.992 [info] [Trace - 12:41:34] Sending notification 'textDocument/didChange'.
2025-12-30 00:41:35.258 [info] [Trace - 12:41:35] Sending notification 'textDocument/didChange'.
2025-12-30 00:41:35.260 [info] [Trace - 12:41:35] Sending notification 'textDocument/didChange'.
2025-12-30 00:41:37.183 [info] [Trace - 12:41:37] Sending notification 'textDocument/didChange'.
2025-12-30 00:41:39.029 [info] [Trace - 12:41:39] Sending notification 'textDocument/didChange'.
2025-12-30 00:41:39.638 [info] [Trace - 12:41:39] Sending notification 'textDocument/didChange'.
2025-12-30 00:41:40.745 [info] [Trace - 12:41:40] Sending notification 'textDocument/didChange'.
2025-12-30 00:41:40.961 [info] [Trace - 12:41:40] Sending notification 'textDocument/didChange'.
2025-12-30 00:41:42.819 [info] [Trace - 12:41:42] Sending notification 'textDocument/didChange'.
2025-12-30 00:41:44.610 [info] [Trace - 12:41:44] Sending notification 'textDocument/didChange'.
2025-12-30 00:41:45.089 [info] [Trace - 12:41:45] Sending request 'textDocument/formatting - (18)'.
2025-12-30 00:41:45.092 [info] [Trace - 12:41:45] Received notification 'window/logMessage'.
2025-12-30 00:41:45.092 [info] /usr/bin/python -m autopep8 -
2025-12-30 00:41:45.092 [info] [Trace - 12:41:45] Received notification 'window/logMessage'.
2025-12-30 00:41:45.092 [info] CWD Server: /home/van/Workspace/Exercises/Work 5
2025-12-30 00:41:45.150 [info] [Trace - 12:41:45] Received response 'textDocument/formatting - (18)' in 62ms.
2025-12-30 00:41:45.152 [info] [Trace - 12:41:45] Sending notification 'textDocument/didChange'.
2025-12-30 00:41:48.912 [info] [Trace - 12:41:48] Sending notification 'textDocument/didChange'.
2025-12-30 00:41:49.721 [info] [Trace - 12:41:49] Sending notification 'textDocument/didChange'.
2025-12-30 00:41:51.112 [info] [Trace - 12:41:51] Sending notification 'textDocument/didChange'.
2025-12-30 00:41:51.272 [info] [Trace - 12:41:51] Sending notification 'textDocument/didChange'.
2025-12-30 00:41:52.561 [info] [Trace - 12:41:52] Sending notification 'textDocument/didChange'.
2025-12-30 00:41:52.833 [info] [Trace - 12:41:52] Sending notification 'textDocument/didChange'.
2025-12-30 00:41:53.624 [info] [Trace - 12:41:53] Sending notification 'textDocument/didChange'.
2025-12-30 00:41:53.745 [info] [Trace - 12:41:53] Sending notification 'textDocument/didChange'.
2025-12-30 00:41:54.952 [info] [Trace - 12:41:54] Sending notification 'textDocument/didChange'.
2025-12-30 00:41:55.889 [info] [Trace - 12:41:55] Sending notification 'textDocument/didChange'.
2025-12-30 00:41:57.563 [info] [Trace - 12:41:57] Sending request 'textDocument/formatting - (19)'.
2025-12-30 00:41:57.567 [info] [Trace - 12:41:57] Received notification 'window/logMessage'.
2025-12-30 00:41:57.567 [info] /usr/bin/python -m autopep8 -
2025-12-30 00:41:57.568 [info] [Trace - 12:41:57] Received notification 'window/logMessage'.
2025-12-30 00:41:57.568 [info] CWD Server: /home/van/Workspace/Exercises/Work 5
2025-12-30 00:41:57.625 [info] [Trace - 12:41:57] Received response 'textDocument/formatting - (19)' in 62ms.
2025-12-30 00:42:05.241 [info] [Trace - 12:42:05] Sending notification 'textDocument/didOpen'.
2025-12-30 00:42:14.391 [info] [Trace - 12:42:14] Sending notification 'textDocument/didChange'.
2025-12-30 00:42:15.591 [info] [Trace - 12:42:15] Sending notification 'textDocument/didChange'.
2025-12-30 00:42:16.162 [info] [Trace - 12:42:16] Sending notification 'textDocument/didChange'.
2025-12-30 00:42:16.361 [info] [Trace - 12:42:16] Sending notification 'textDocument/didChange'.
2025-12-30 00:42:16.521 [info] [Trace - 12:42:16] Sending notification 'textDocument/didChange'.
2025-12-30 00:42:16.538 [info] [Trace - 12:42:16] Sending notification 'textDocument/didChange'.
2025-12-30 00:42:17.623 [info] [Trace - 12:42:17] Sending notification 'textDocument/didChange'.
2025-12-30 00:42:17.870 [info] [Trace - 12:42:17] Sending notification 'textDocument/didChange'.
2025-12-30 00:42:19.352 [info] [Trace - 12:42:19] Sending notification 'textDocument/didChange'.
2025-12-30 00:42:19.610 [info] [Trace - 12:42:19] Sending notification 'textDocument/didChange'.
2025-12-30 00:42:20.162 [info] [Trace - 12:42:20] Sending request 'textDocument/formatting - (20)'.
2025-12-30 00:42:20.167 [info] [Trace - 12:42:20] Received notification 'window/logMessage'.
2025-12-30 00:42:20.167 [info] /usr/bin/python -m autopep8 -
2025-12-30 00:42:20.167 [info] [Trace - 12:42:20] Received notification 'window/logMessage'.
2025-12-30 00:42:20.167 [info] CWD Server: /home/van/Workspace/Exercises/Work 5
2025-12-30 00:42:20.227 [info] [Trace - 12:42:20] Received response 'textDocument/formatting - (20)' in 65ms.
2025-12-30 00:42:38.039 [info] [Trace - 12:42:38] Sending notification 'textDocument/didOpen'.
2025-12-30 00:43:29.745 [info] [Trace - 12:43:29] Sending notification 'textDocument/didChange'.
2025-12-30 00:43:29.953 [info] [Trace - 12:43:29] Sending notification 'textDocument/didChange'.
2025-12-30 00:43:30.130 [info] [Trace - 12:43:30] Sending notification 'textDocument/didChange'.
2025-12-30 00:43:30.147 [info] [Trace - 12:43:30] Sending notification 'textDocument/didChange'.
2025-12-30 00:43:31.148 [info] [Trace - 12:43:31] Sending notification 'textDocument/didChange'.
2025-12-30 00:43:32.557 [info] [Trace - 12:43:32] Sending notification 'textDocument/didChange'.
2025-12-30 00:43:32.851 [info] [Trace - 12:43:32] Sending notification 'textDocument/didChange'.
2025-12-30 00:43:33.349 [info] [Trace - 12:43:33] Sending request 'textDocument/formatting - (21)'.
2025-12-30 00:43:33.350 [info] [Trace - 12:43:33] Received notification 'window/logMessage'.
2025-12-30 00:43:33.350 [info] /usr/bin/python -m autopep8 -
2025-12-30 00:43:33.350 [info] [Trace - 12:43:33] Received notification 'window/logMessage'.
2025-12-30 00:43:33.350 [info] CWD Server: /home/van/Workspace/Exercises/Work 5
2025-12-30 00:43:33.394 [info] [Trace - 12:43:33] Received response 'textDocument/formatting - (21)' in 45ms.
2025-12-30 00:43:33.396 [info] [Trace - 12:43:33] Sending notification 'textDocument/didChange'.
2025-12-30 00:43:53.826 [info] [Trace - 12:43:53] Sending notification 'textDocument/didOpen'.
2025-12-30 00:43:55.385 [info] [Trace - 12:43:55] Sending notification 'textDocument/didChange'.
2025-12-30 00:43:55.569 [info] [Trace - 12:43:55] Sending notification 'textDocument/didChange'.
2025-12-30 00:43:55.753 [info] [Trace - 12:43:55] Sending notification 'textDocument/didChange'.
2025-12-30 00:43:55.769 [info] [Trace - 12:43:55] Sending notification 'textDocument/didChange'.
2025-12-30 00:43:56.467 [info] [Trace - 12:43:56] Sending notification 'textDocument/didChange'.
2025-12-30 00:43:59.503 [info] [Trace - 12:43:59] Sending notification 'textDocument/didChange'.
2025-12-30 00:43:59.828 [info] [Trace - 12:43:59] Sending notification 'textDocument/didChange'.
2025-12-30 00:44:00.737 [info] [Trace - 12:44:00] Sending request 'textDocument/formatting - (22)'.
2025-12-30 00:44:00.742 [info] [Trace - 12:44:00] Received notification 'window/logMessage'.
2025-12-30 00:44:00.742 [info] /usr/bin/python -m autopep8 -
2025-12-30 00:44:00.742 [info] [Trace - 12:44:00] Received notification 'window/logMessage'.
2025-12-30 00:44:00.742 [info] CWD Server: /home/van/Workspace/Exercises/Work 5
2025-12-30 00:44:00.800 [info] [Trace - 12:44:00] Received response 'textDocument/formatting - (22)' in 63ms.
2025-12-30 00:44:00.802 [info] [Trace - 12:44:00] Sending notification 'textDocument/didChange'.
2025-12-30 00:44:03.600 [info] [Trace - 12:44:03] Sending notification 'textDocument/didChange'.
2025-12-30 00:44:04.096 [info] [Trace - 12:44:04] Sending notification 'textDocument/didChange'.
2025-12-30 00:44:05.170 [info] [Trace - 12:44:05] Sending request 'textDocument/formatting - (23)'.
2025-12-30 00:44:05.175 [info] [Trace - 12:44:05] Received notification 'window/logMessage'.
2025-12-30 00:44:05.175 [info] /usr/bin/python -m autopep8 -
2025-12-30 00:44:05.175 [info] [Trace - 12:44:05] Received notification 'window/logMessage'.
2025-12-30 00:44:05.175 [info] CWD Server: /home/van/Workspace/Exercises/Work 5
2025-12-30 00:44:05.234 [info] [Trace - 12:44:05] Received response 'textDocument/formatting - (23)' in 64ms.
2025-12-30 00:44:24.917 [info] [Trace - 12:44:24] Sending notification 'textDocument/didOpen'.
2025-12-30 00:44:26.875 [info] [Trace - 12:44:26] Sending notification 'textDocument/didChange'.
2025-12-30 00:44:27.087 [info] [Trace - 12:44:27] Sending notification 'textDocument/didChange'.
2025-12-30 00:44:27.280 [info] [Trace - 12:44:27] Sending notification 'textDocument/didChange'.
2025-12-30 00:44:27.288 [info] [Trace - 12:44:27] Sending notification 'textDocument/didChange'.
2025-12-30 00:44:28.171 [info] [Trace - 12:44:28] Sending notification 'textDocument/didChange'.
2025-12-30 00:44:30.194 [info] [Trace - 12:44:30] Sending notification 'textDocument/didChange'.
2025-12-30 00:44:30.561 [info] [Trace - 12:44:30] Sending notification 'textDocument/didChange'.
2025-12-30 00:44:31.137 [info] [Trace - 12:44:31] Sending request 'textDocument/formatting - (24)'.
2025-12-30 00:44:31.140 [info] [Trace - 12:44:31] Received notification 'window/logMessage'.
2025-12-30 00:44:31.140 [info] /usr/bin/python -m autopep8 -
2025-12-30 00:44:31.140 [info] [Trace - 12:44:31] Received notification 'window/logMessage'.
2025-12-30 00:44:31.140 [info] CWD Server: /home/van/Workspace/Exercises/Work 5
2025-12-30 00:44:31.197 [info] [Trace - 12:44:31] Received response 'textDocument/formatting - (24)' in 60ms.
2025-12-30 00:44:31.198 [info] [Trace - 12:44:31] Sending notification 'textDocument/didChange'.
2025-12-30 00:44:43.149 [info] [Trace - 12:44:43] Sending notification 'textDocument/didOpen'.
2025-12-30 00:44:43.333 [info] [Trace - 12:44:43] Sending notification 'textDocument/didChange'.
2025-12-30 00:44:44.779 [info] [Trace - 12:44:44] Sending notification 'textDocument/didChange'.
2025-12-30 00:44:45.249 [info] [Trace - 12:44:45] Sending notification 'textDocument/didChange'.
2025-12-30 00:44:45.431 [info] [Trace - 12:44:45] Sending notification 'textDocument/didChange'.
2025-12-30 00:44:45.617 [info] [Trace - 12:44:45] Sending notification 'textDocument/didChange'.
2025-12-30 00:44:45.635 [info] [Trace - 12:44:45] Sending notification 'textDocument/didChange'.
2025-12-30 00:44:45.866 [info] [Trace - 12:44:45] Sending notification 'textDocument/didChange'.
2025-12-30 00:44:48.567 [info] [Trace - 12:44:48] Sending notification 'textDocument/didChange'.
2025-12-30 00:44:48.822 [info] [Trace - 12:44:48] Sending notification 'textDocument/didChange'.
2025-12-30 00:44:49.618 [info] [Trace - 12:44:49] Sending request 'textDocument/formatting - (25)'.
2025-12-30 00:44:49.622 [info] [Trace - 12:44:49] Received notification 'window/logMessage'.
2025-12-30 00:44:49.622 [info] /usr/bin/python -m autopep8 -
2025-12-30 00:44:49.622 [info] [Trace - 12:44:49] Received notification 'window/logMessage'.
2025-12-30 00:44:49.622 [info] CWD Server: /home/van/Workspace/Exercises/Work 5
2025-12-30 00:44:49.684 [info] [Trace - 12:44:49] Received response 'textDocument/formatting - (25)' in 66ms.
2025-12-30 00:44:49.685 [info] [Trace - 12:44:49] Sending notification 'textDocument/didChange'.
2025-12-30 00:45:08.386 [info] [Trace - 12:45:08] Sending notification 'textDocument/didOpen'.
2025-12-30 00:45:10.587 [info] [Trace - 12:45:10] Sending notification 'textDocument/didChange'.
2025-12-30 00:45:10.777 [info] [Trace - 12:45:10] Sending notification 'textDocument/didChange'.
2025-12-30 00:45:10.971 [info] [Trace - 12:45:10] Sending notification 'textDocument/didChange'.
2025-12-30 00:45:10.987 [info] [Trace - 12:45:10] Sending notification 'textDocument/didChange'.
2025-12-30 00:45:11.459 [info] [Trace - 12:45:11] Sending notification 'textDocument/didChange'.
2025-12-30 00:45:12.984 [info] [Trace - 12:45:12] Sending notification 'textDocument/didChange'.
2025-12-30 00:45:13.305 [info] [Trace - 12:45:13] Sending notification 'textDocument/didChange'.
2025-12-30 00:45:13.706 [info] [Trace - 12:45:13] Sending request 'textDocument/formatting - (26)'.
2025-12-30 00:45:13.710 [info] [Trace - 12:45:13] Received notification 'window/logMessage'.
2025-12-30 00:45:13.710 [info] /usr/bin/python -m autopep8 -
2025-12-30 00:45:13.710 [info] [Trace - 12:45:13] Received notification 'window/logMessage'.
2025-12-30 00:45:13.710 [info] CWD Server: /home/van/Workspace/Exercises/Work 5
2025-12-30 00:45:13.767 [info] [Trace - 12:45:13] Received response 'textDocument/formatting - (26)' in 61ms.
2025-12-30 00:45:13.768 [info] [Trace - 12:45:13] Sending notification 'textDocument/didChange'.
2025-12-30 00:45:26.388 [info] [Trace - 12:45:26] Sending notification 'textDocument/didOpen'.
2025-12-30 00:45:27.450 [info] [Trace - 12:45:27] Sending notification 'textDocument/didChange'.
2025-12-30 00:45:27.665 [info] [Trace - 12:45:27] Sending notification 'textDocument/didChange'.
2025-12-30 00:45:27.850 [info] [Trace - 12:45:27] Sending notification 'textDocument/didChange'.
2025-12-30 00:45:27.867 [info] [Trace - 12:45:27] Sending notification 'textDocument/didChange'.
2025-12-30 00:45:28.204 [info] [Trace - 12:45:28] Sending notification 'textDocument/didChange'.
2025-12-30 00:45:30.410 [info] [Trace - 12:45:30] Sending notification 'textDocument/didChange'.
2025-12-30 00:45:31.128 [info] [Trace - 12:45:31] Sending request 'textDocument/formatting - (27)'.
2025-12-30 00:45:31.131 [info] [Trace - 12:45:31] Received notification 'window/logMessage'.
2025-12-30 00:45:31.131 [info] /usr/bin/python -m autopep8 -
2025-12-30 00:45:31.131 [info] [Trace - 12:45:31] Received notification 'window/logMessage'.
2025-12-30 00:45:31.131 [info] CWD Server: /home/van/Workspace/Exercises/Work 5
2025-12-30 00:45:31.191 [info] [Trace - 12:45:31] Received response 'textDocument/formatting - (27)' in 63ms.
2025-12-30 00:45:31.192 [info] [Trace - 12:45:31] Sending notification 'textDocument/didChange'.
2025-12-30 00:45:36.511 [info] [Trace - 12:45:36] Sending notification 'textDocument/didChange'.
2025-12-30 00:45:38.165 [info] [Trace - 12:45:38] Sending notification 'textDocument/didChange'.
2025-12-30 00:45:41.031 [info] [Trace - 12:45:41] Sending notification 'textDocument/didChange'.
2025-12-30 00:45:42.033 [info] [Trace - 12:45:42] Sending notification 'textDocument/didChange'.
2025-12-30 00:45:44.023 [info] [Trace - 12:45:44] Sending request 'textDocument/formatting - (28)'.
2025-12-30 00:45:44.026 [info] [Trace - 12:45:44] Received notification 'window/logMessage'.
2025-12-30 00:45:44.026 [info] /usr/bin/python -m autopep8 -
2025-12-30 00:45:44.027 [info] [Trace - 12:45:44] Received notification 'window/logMessage'.
2025-12-30 00:45:44.027 [info] CWD Server: /home/van/Workspace/Exercises/Work 5
2025-12-30 00:45:44.083 [info] [Trace - 12:45:44] Received response 'textDocument/formatting - (28)' in 60ms.
2025-12-30 00:45:59.196 [info] [Trace - 12:45:59] Sending notification 'textDocument/didOpen'.
2025-12-30 00:46:00.891 [info] [Trace - 12:46:00] Sending notification 'textDocument/didChange'.
2025-12-30 00:46:01.097 [info] [Trace - 12:46:01] Sending notification 'textDocument/didChange'.
2025-12-30 00:46:01.289 [info] [Trace - 12:46:01] Sending notification 'textDocument/didChange'.
2025-12-30 00:46:01.308 [info] [Trace - 12:46:01] Sending notification 'textDocument/didChange'.
2025-12-30 00:46:01.635 [info] [Trace - 12:46:01] Sending notification 'textDocument/didChange'.
2025-12-30 00:46:03.965 [info] [Trace - 12:46:03] Sending notification 'textDocument/didChange'.
2025-12-30 00:46:04.298 [info] [Trace - 12:46:04] Sending notification 'textDocument/didChange'.
2025-12-30 00:46:05.826 [info] [Trace - 12:46:05] Sending request 'textDocument/formatting - (29)'.
2025-12-30 00:46:05.830 [info] [Trace - 12:46:05] Received notification 'window/logMessage'.
2025-12-30 00:46:05.830 [info] /usr/bin/python -m autopep8 -
2025-12-30 00:46:05.831 [info] [Trace - 12:46:05] Received notification 'window/logMessage'.
2025-12-30 00:46:05.831 [info] CWD Server: /home/van/Workspace/Exercises/Work 5
2025-12-30 00:46:05.891 [info] [Trace - 12:46:05] Received response 'textDocument/formatting - (29)' in 65ms.
2025-12-30 00:46:05.892 [info] [Trace - 12:46:05] Sending notification 'textDocument/didChange'.
2025-12-30 00:46:39.905 [info] [Trace - 12:46:39] Sending notification 'textDocument/didOpen'.
2025-12-30 00:46:44.195 [info] [Trace - 12:46:44] Sending notification 'textDocument/didChange'.
2025-12-30 00:46:44.393 [info] [Trace - 12:46:44] Sending notification 'textDocument/didChange'.
2025-12-30 00:46:44.594 [info] [Trace - 12:46:44] Sending notification 'textDocument/didChange'.
2025-12-30 00:46:44.612 [info] [Trace - 12:46:44] Sending notification 'textDocument/didChange'.
2025-12-30 00:46:45.084 [info] [Trace - 12:46:45] Sending notification 'textDocument/didChange'.
2025-12-30 00:46:45.418 [info] [Trace - 12:46:45] Sending notification 'textDocument/didChange'.
2025-12-30 00:46:47.896 [info] [Trace - 12:46:47] Sending notification 'textDocument/didChange'.
2025-12-30 00:46:49.040 [info] [Trace - 12:46:49] Sending notification 'textDocument/didChange'.
2025-12-30 00:46:51.651 [info] [Trace - 12:46:51] Sending notification 'textDocument/didChange'.
2025-12-30 00:46:58.792 [info] [Trace - 12:46:58] Sending notification 'textDocument/didChange'.
2025-12-30 00:47:18.932 [info] [Trace - 12:47:18] Sending notification 'textDocument/didClose'.
2025-12-30 00:47:18.958 [info] [Trace - 12:47:18] Sending notification 'textDocument/didOpen'.
2025-12-30 00:47:39.875 [info] [Trace - 12:47:39] Sending notification 'textDocument/didOpen'.
2025-12-30 00:47:41.203 [info] [Trace - 12:47:41] Sending notification 'textDocument/didChange'.
2025-12-30 00:47:41.427 [info] [Trace - 12:47:41] Sending notification 'textDocument/didChange'.
2025-12-30 00:47:41.609 [info] [Trace - 12:47:41] Sending notification 'textDocument/didChange'.
2025-12-30 00:47:41.625 [info] [Trace - 12:47:41] Sending notification 'textDocument/didChange'.
2025-12-30 00:47:42.460 [info] [Trace - 12:47:42] Sending notification 'textDocument/didChange'.
2025-12-30 00:47:42.667 [info] [Trace - 12:47:42] Sending notification 'textDocument/didChange'.
2025-12-30 00:47:46.584 [info] [Trace - 12:47:46] Sending notification 'textDocument/didChange'.
2025-12-30 00:47:53.601 [info] [Trace - 12:47:53] Sending notification 'textDocument/didChange'.
2025-12-30 00:47:54.157 [info] [Trace - 12:47:54] Sending request 'textDocument/formatting - (30)'.
2025-12-30 00:47:54.158 [info] [Trace - 12:47:54] Received notification 'window/logMessage'.
2025-12-30 00:47:54.158 [info] /usr/bin/python -m autopep8 -
2025-12-30 00:47:54.158 [info] [Trace - 12:47:54] Received notification 'window/logMessage'.
2025-12-30 00:47:54.158 [info] CWD Server: /home/van/Workspace/Exercises/Work 5
2025-12-30 00:47:54.201 [info] [Trace - 12:47:54] Received response 'textDocument/formatting - (30)' in 44ms.
2025-12-30 00:48:27.173 [info] [Trace - 12:48:27] Sending notification 'textDocument/didOpen'.
2025-12-30 00:48:29.171 [info] [Trace - 12:48:29] Sending notification 'textDocument/didChange'.
2025-12-30 00:48:29.377 [info] [Trace - 12:48:29] Sending notification 'textDocument/didChange'.
2025-12-30 00:48:29.585 [info] [Trace - 12:48:29] Sending notification 'textDocument/didChange'.
2025-12-30 00:48:29.607 [info] [Trace - 12:48:29] Sending notification 'textDocument/didChange'.
2025-12-30 00:48:30.059 [info] [Trace - 12:48:30] Sending notification 'textDocument/didChange'.
2025-12-30 00:48:30.808 [info] [Trace - 12:48:30] Sending notification 'textDocument/didChange'.
2025-12-30 00:48:31.008 [info] [Trace - 12:48:31] Sending notification 'textDocument/didChange'.
2025-12-30 00:48:31.167 [info] [Trace - 12:48:31] Sending notification 'textDocument/didChange'.
2025-12-30 00:48:31.338 [info] [Trace - 12:48:31] Sending notification 'textDocument/didChange'.
2025-12-30 00:48:31.480 [info] [Trace - 12:48:31] Sending notification 'textDocument/didChange'.
2025-12-30 00:48:31.687 [info] [Trace - 12:48:31] Sending notification 'textDocument/didChange'.
2025-12-30 00:48:32.175 [info] [Trace - 12:48:32] Sending notification 'textDocument/didChange'.
2025-12-30 00:48:32.526 [info] [Trace - 12:48:32] Sending notification 'textDocument/didChange'.
2025-12-30 00:48:33.594 [info] [Trace - 12:48:33] Sending request 'textDocument/formatting - (31)'.
2025-12-30 00:48:33.599 [info] [Trace - 12:48:33] Received notification 'window/logMessage'.
2025-12-30 00:48:33.599 [info] /usr/bin/python -m autopep8 -
2025-12-30 00:48:33.599 [info] [Trace - 12:48:33] Received notification 'window/logMessage'.
2025-12-30 00:48:33.599 [info] CWD Server: /home/van/Workspace/Exercises/Work 5
2025-12-30 00:48:33.658 [info] [Trace - 12:48:33] Received response 'textDocument/formatting - (31)' in 64ms.
2025-12-30 00:48:33.659 [info] [Trace - 12:48:33] Sending notification 'textDocument/didChange'.
2025-12-30 00:48:38.555 [info] [Trace - 12:48:38] Sending notification 'textDocument/didChange'.
2025-12-30 00:48:40.738 [info] [Trace - 12:48:40] Sending notification 'textDocument/didChange'.
2025-12-30 00:48:43.552 [info] [Trace - 12:48:43] Sending notification 'textDocument/didChange'.
2025-12-30 00:48:44.368 [info] [Trace - 12:48:44] Sending notification 'textDocument/didChange'.
2025-12-30 00:48:45.846 [info] [Trace - 12:48:45] Sending request 'textDocument/formatting - (32)'.
2025-12-30 00:48:45.849 [info] [Trace - 12:48:45] Received notification 'window/logMessage'.
2025-12-30 00:48:45.849 [info] /usr/bin/python -m autopep8 -
2025-12-30 00:48:45.849 [info] [Trace - 12:48:45] Received notification 'window/logMessage'.
2025-12-30 00:48:45.849 [info] CWD Server: /home/van/Workspace/Exercises/Work 5
2025-12-30 00:48:45.905 [info] [Trace - 12:48:45] Received response 'textDocument/formatting - (32)' in 59ms.
2025-12-30 00:49:27.515 [info] [Trace - 12:49:27] Sending notification 'textDocument/didOpen'.
2025-12-30 00:49:29.107 [info] [Trace - 12:49:29] Sending notification 'textDocument/didChange'.
2025-12-30 00:49:29.280 [info] [Trace - 12:49:29] Sending notification 'textDocument/didChange'.
2025-12-30 00:49:29.472 [info] [Trace - 12:49:29] Sending notification 'textDocument/didChange'.
2025-12-30 00:49:29.489 [info] [Trace - 12:49:29] Sending notification 'textDocument/didChange'.
2025-12-30 00:49:29.849 [info] [Trace - 12:49:29] Sending notification 'textDocument/didChange'.
2025-12-30 00:49:31.456 [info] [Trace - 12:49:31] Sending notification 'textDocument/didChange'.
2025-12-30 00:49:31.766 [info] [Trace - 12:49:31] Sending notification 'textDocument/didChange'.
2025-12-30 00:49:32.537 [info] [Trace - 12:49:32] Sending request 'textDocument/formatting - (33)'.
2025-12-30 00:49:32.538 [info] [Trace - 12:49:32] Received notification 'window/logMessage'.
2025-12-30 00:49:32.538 [info] /usr/bin/python -m autopep8 -
2025-12-30 00:49:32.539 [info] [Trace - 12:49:32] Received notification 'window/logMessage'.
2025-12-30 00:49:32.539 [info] CWD Server: /home/van/Workspace/Exercises/Work 5
2025-12-30 00:49:32.596 [info] [Trace - 12:49:32] Received response 'textDocument/formatting - (33)' in 59ms.
2025-12-30 00:49:32.597 [info] [Trace - 12:49:32] Sending notification 'textDocument/didChange'.
2025-12-30 00:50:07.191 [info] [Trace - 12:50:07] Sending notification 'textDocument/didOpen'.
2025-12-30 00:50:08.338 [info] [Trace - 12:50:08] Sending notification 'textDocument/didChange'.
2025-12-30 00:50:08.545 [info] [Trace - 12:50:08] Sending notification 'textDocument/didChange'.
2025-12-30 00:50:08.721 [info] [Trace - 12:50:08] Sending notification 'textDocument/didChange'.
2025-12-30 00:50:08.739 [info] [Trace - 12:50:08] Sending notification 'textDocument/didChange'.
2025-12-30 00:50:09.115 [info] [Trace - 12:50:09] Sending notification 'textDocument/didChange'.
2025-12-30 00:50:11.176 [info] [Trace - 12:50:11] Sending notification 'textDocument/didChange'.
2025-12-30 00:50:11.486 [info] [Trace - 12:50:11] Sending notification 'textDocument/didChange'.
2025-12-30 00:50:12.833 [info] [Trace - 12:50:12] Sending request 'textDocument/formatting - (34)'.
2025-12-30 00:50:12.836 [info] [Trace - 12:50:12] Received notification 'window/logMessage'.
2025-12-30 00:50:12.836 [info] /usr/bin/python -m autopep8 -
2025-12-30 00:50:12.837 [info] [Trace - 12:50:12] Received notification 'window/logMessage'.
2025-12-30 00:50:12.837 [info] CWD Server: /home/van/Workspace/Exercises/Work 5
2025-12-30 00:50:12.896 [info] [Trace - 12:50:12] Received response 'textDocument/formatting - (34)' in 63ms.
2025-12-30 00:50:12.898 [info] [Trace - 12:50:12] Sending notification 'textDocument/didChange'.
2025-12-30 00:50:51.923 [info] [Trace - 12:50:51] Sending notification 'textDocument/didOpen'.
2025-12-30 00:50:52.897 [info] [Trace - 12:50:52] Sending notification 'textDocument/didChange'.
2025-12-30 00:50:53.096 [info] [Trace - 12:50:53] Sending notification 'textDocument/didChange'.
2025-12-30 00:50:53.273 [info] [Trace - 12:50:53] Sending notification 'textDocument/didChange'.
2025-12-30 00:50:53.291 [info] [Trace - 12:50:53] Sending notification 'textDocument/didChange'.
2025-12-30 00:50:53.561 [info] [Trace - 12:50:53] Sending notification 'textDocument/didChange'.
2025-12-30 00:50:55.111 [info] [Trace - 12:50:55] Sending notification 'textDocument/didChange'.
2025-12-30 00:50:55.345 [info] [Trace - 12:50:55] Sending notification 'textDocument/didChange'.
2025-12-30 00:51:01.815 [info] [Trace - 12:51:01] Sending notification 'textDocument/didChange'.
2025-12-30 00:51:02.281 [info] [Trace - 12:51:02] Sending notification 'textDocument/didChange'.
2025-12-30 00:51:07.440 [info] [Trace - 12:51:07] Sending notification 'textDocument/didChange'.
2025-12-30 00:51:07.800 [info] [Trace - 12:51:07] Sending notification 'textDocument/didChange'.
2025-12-30 00:51:08.522 [info] [Trace - 12:51:08] Sending request 'textDocument/formatting - (35)'.
2025-12-30 00:51:08.526 [info] [Trace - 12:51:08] Received notification 'window/logMessage'.
2025-12-30 00:51:08.526 [info] /usr/bin/python -m autopep8 -
2025-12-30 00:51:08.526 [info] [Trace - 12:51:08] Received notification 'window/logMessage'.
2025-12-30 00:51:08.527 [info] CWD Server: /home/van/Workspace/Exercises/Work 5
2025-12-30 00:51:08.587 [info] [Trace - 12:51:08] Received response 'textDocument/formatting - (35)' in 65ms.
2025-12-30 00:51:08.588 [info] [Trace - 12:51:08] Sending notification 'textDocument/didChange'.
2025-12-30 00:51:38.849 [info] [Trace - 12:51:38] Sending request 'textDocument/formatting - (36)'.
2025-12-30 00:51:38.850 [info] [Trace - 12:51:38] Received notification 'window/logMessage'.
2025-12-30 00:51:38.850 [info] /usr/bin/python -m autopep8 -
2025-12-30 00:51:38.850 [info] [Trace - 12:51:38] Received notification 'window/logMessage'.
2025-12-30 00:51:38.850 [info] CWD Server: /home/van/Workspace/Exercises/Work 5
2025-12-30 00:51:38.907 [info] [Trace - 12:51:38] Received response 'textDocument/formatting - (36)' in 58ms.
2025-12-30 00:51:44.674 [info] [Trace - 12:51:44] Sending request 'textDocument/formatting - (37)'.
2025-12-30 00:51:44.679 [info] [Trace - 12:51:44] Received notification 'window/logMessage'.
2025-12-30 00:51:44.679 [info] /usr/bin/python -m autopep8 -
2025-12-30 00:51:44.679 [info] [Trace - 12:51:44] Received notification 'window/logMessage'.
2025-12-30 00:51:44.679 [info] CWD Server: /home/van/Workspace/Exercises/Work 5
2025-12-30 00:51:44.740 [info] [Trace - 12:51:44] Received response 'textDocument/formatting - (37)' in 66ms.
2025-12-30 00:51:53.282 [info] [Trace - 12:51:53] Sending notification 'textDocument/didClose'.
2025-12-30 00:51:53.479 [info] [Trace - 12:51:53] Sending notification 'textDocument/didClose'.
2025-12-30 00:51:53.655 [info] [Trace - 12:51:53] Sending notification 'textDocument/didClose'.
2025-12-30 00:51:53.810 [info] [Trace - 12:51:53] Sending notification 'textDocument/didClose'.
2025-12-30 00:51:53.967 [info] [Trace - 12:51:53] Sending notification 'textDocument/didClose'.
2025-12-30 00:51:54.266 [info] [Trace - 12:51:54] Sending notification 'textDocument/didClose'.
2025-12-30 00:51:54.454 [info] [Trace - 12:51:54] Sending notification 'textDocument/didClose'.
2025-12-30 00:51:54.614 [info] [Trace - 12:51:54] Sending notification 'textDocument/didClose'.
2025-12-30 00:51:54.804 [info] [Trace - 12:51:54] Sending notification 'textDocument/didClose'.
2025-12-30 00:51:54.964 [info] [Trace - 12:51:54] Sending notification 'textDocument/didClose'.
2025-12-30 00:51:55.143 [info] [Trace - 12:51:55] Sending notification 'textDocument/didClose'.
2025-12-30 00:51:55.312 [info] [Trace - 12:51:55] Sending notification 'textDocument/didClose'.
2025-12-30 00:51:55.503 [info] [Trace - 12:51:55] Sending notification 'textDocument/didClose'.
2025-12-30 00:51:55.675 [info] [Trace - 12:51:55] Sending notification 'textDocument/didClose'.
2025-12-30 00:51:55.866 [info] [Trace - 12:51:55] Sending notification 'textDocument/didClose'.
2025-12-30 00:51:56.059 [info] [Trace - 12:51:56] Sending notification 'textDocument/didClose'.
2025-12-30 00:51:56.224 [info] [Trace - 12:51:56] Sending notification 'textDocument/didClose'.
2025-12-30 00:51:56.395 [info] [Trace - 12:51:56] Sending notification 'textDocument/didClose'.
2025-12-30 00:51:56.581 [info] [Trace - 12:51:56] Sending notification 'textDocument/didClose'.
2025-12-30 00:51:56.773 [info] [Trace - 12:51:56] Sending notification 'textDocument/didClose'.
2025-12-30 00:51:56.937 [info] [Trace - 12:51:56] Sending notification 'textDocument/didClose'.
2025-12-30 00:51:57.099 [info] [Trace - 12:51:57] Sending notification 'textDocument/didClose'.
2025-12-30 00:51:57.294 [info] [Trace - 12:51:57] Sending notification 'textDocument/didClose'.
2025-12-30 00:51:57.467 [info] [Trace - 12:51:57] Sending notification 'textDocument/didClose'.
2025-12-30 00:51:57.677 [info] [Trace - 12:51:57] Sending notification 'textDocument/didClose'.
2025-12-30 00:51:57.862 [info] [Trace - 12:51:57] Sending notification 'textDocument/didClose'.
