2025-12-29 22:00:13.834 [info] Extension host with pid 8515 started
2025-12-29 22:00:13.834 [info] Skipping acquiring lock for /home/van/.config/Code/User/workspaceStorage/480b6fecf40d6ba4fb81d441440040a4.
2025-12-29 22:00:13.889 [info] ExtensionService#_doActivateExtension vscode.github-authentication, startup: false, activationEvent: 'onAuthenticationRequest:github'
2025-12-29 22:00:13.908 [info] ExtensionService#_doActivateExtension mechatroner.rainbow-csv, startup: false, activationEvent: 'onLanguage:plaintext'
2025-12-29 22:00:13.912 [info] ExtensionService#_doActivateExtension vscode.emmet, startup: false, activationEvent: 'onLanguage'
2025-12-29 22:00:13.925 [info] ExtensionService#_doActivateExtension ms-python.python, startup: false, activationEvent: 'onLanguage:python', root cause: ms-python.autopep8
2025-12-29 22:00:14.076 [info] ExtensionService#_doActivateExtension ms-python.vscode-pylance, startup: false, activationEvent: 'onLanguage:python'
2025-12-29 22:00:14.378 [info] ExtensionService#_doActivateExtension ms-toolsai.jupyter, startup: false, activationEvent: 'onLanguage:python'
2025-12-29 22:00:14.626 [info] ExtensionService#_doActivateExtension vscode.terminal-suggest, startup: false, activationEvent: 'onTerminalShellIntegration:*'
2025-12-29 22:00:14.787 [info] ExtensionService#_doActivateExtension ms-python.autopep8, startup: false, activationEvent: 'onLanguage:python'
2025-12-29 22:00:14.809 [info] ExtensionService#_doActivateExtension ms-python.debugpy, startup: false, activationEvent: 'onLanguage:python'
2025-12-29 22:00:14.866 [info] ExtensionService#_doActivateExtension vscode.git-base, startup: true, activationEvent: '*', root cause: vscode.git
2025-12-29 22:00:14.881 [info] ExtensionService#_doActivateExtension vscode.git, startup: true, activationEvent: '*'
2025-12-29 22:00:14.916 [info] ExtensionService#_doActivateExtension vscode.github, startup: true, activationEvent: '*'
2025-12-29 22:00:15.042 [info] Eager extensions activated
2025-12-29 22:00:15.048 [info] ExtensionService#_doActivateExtension vscode.debug-auto-launch, startup: false, activationEvent: 'onStartupFinished'
2025-12-29 22:00:15.050 [info] ExtensionService#_doActivateExtension vscode.merge-conflict, startup: false, activationEvent: 'onStartupFinished'
2025-12-29 22:00:15.063 [info] ExtensionService#_doActivateExtension esbenp.prettier-vscode, startup: false, activationEvent: 'onStartupFinished'
2025-12-29 22:00:15.114 [info] ExtensionService#_doActivateExtension PKief.material-icon-theme, startup: false, activationEvent: 'onStartupFinished'
2025-12-29 22:00:15.123 [info] ExtensionService#_doActivateExtension tonybaloney.vscode-pets, startup: false, activationEvent: 'onStartupFinished'
2025-12-29 22:00:15.138 [info] ExtensionService#_doActivateExtension usernamehw.errorlens, startup: false, activationEvent: 'onStartupFinished'
2025-12-29 22:00:15.144 [info] ExtensionService#_doActivateExtension zhuangtongfa.material-theme, startup: false, activationEvent: 'onStartupFinished'
2025-12-29 22:00:15.590 [info] ExtensionService#_doActivateExtension vscode.configuration-editing, startup: false, activationEvent: 'onLanguage:jsonc'
2025-12-29 22:00:15.596 [info] ExtensionService#_doActivateExtension vscode.json-language-features, startup: false, activationEvent: 'onLanguage:jsonc'
2025-12-29 22:00:15.633 [info] ExtensionService#_doActivateExtension vscode.typescript-language-features, startup: false, activationEvent: 'onLanguage:jsonc'
2025-12-29 22:00:16.696 [warning] DiagnosticCollection with name 'Pylance' does already exist.
2025-12-29 22:00:16.697 [warning] DiagnosticCollection with name 'Pylance' does already exist.
2025-12-29 22:00:24.759 [error] Error: illegal state - object is disposed
	at TN.j (file:///opt/visual-studio-code/resources/app/out/vs/workbench/api/node/extensionHostProcess.js:144:112519)
	at TN.delete (file:///opt/visual-studio-code/resources/app/out/vs/workbench/api/node/extensionHostProcess.js:144:112037)
	at p.forgetDocument (/home/van/.vscode/extensions/ms-python.vscode-pylance-2025.10.4/dist/vendor.bundle.js:2:1862240)
	at y.cleanUpDocument (/home/van/.vscode/extensions/ms-python.vscode-pylance-2025.10.4/dist/vendor.bundle.js:2:1872440)
	at _d.value (/home/van/.vscode/extensions/ms-python.vscode-pylance-2025.10.4/dist/vendor.bundle.js:2:1871740)
	at I.C (file:///opt/visual-studio-code/resources/app/out/vs/workbench/api/node/extensionHostProcess.js:27:2328)
	at I.D (file:///opt/visual-studio-code/resources/app/out/vs/workbench/api/node/extensionHostProcess.js:27:2398)
	at I.fire (file:///opt/visual-studio-code/resources/app/out/vs/workbench/api/node/extensionHostProcess.js:27:2615)
	at _d.e [as value] (/home/van/.vscode/extensions/ms-python.vscode-pylance-2025.10.4/dist/vendor.bundle.js:2:685535)
	at I.C (file:///opt/visual-studio-code/resources/app/out/vs/workbench/api/node/extensionHostProcess.js:27:2328)
	at I.D (file:///opt/visual-studio-code/resources/app/out/vs/workbench/api/node/extensionHostProcess.js:27:2398)
	at I.fire (file:///opt/visual-studio-code/resources/app/out/vs/workbench/api/node/extensionHostProcess.js:27:2615)
	at a4.$acceptTabOperation (file:///opt/visual-studio-code/resources/app/out/vs/workbench/api/node/extensionHostProcess.js:125:25037)
	at l5.S (file:///opt/visual-studio-code/resources/app/out/vs/workbench/api/node/extensionHostProcess.js:29:125043)
	at l5.Q (file:///opt/visual-studio-code/resources/app/out/vs/workbench/api/node/extensionHostProcess.js:29:124823)
	at l5.M (file:///opt/visual-studio-code/resources/app/out/vs/workbench/api/node/extensionHostProcess.js:29:123912)
	at l5.L (file:///opt/visual-studio-code/resources/app/out/vs/workbench/api/node/extensionHostProcess.js:29:123017)
	at _d.value (file:///opt/visual-studio-code/resources/app/out/vs/workbench/api/node/extensionHostProcess.js:29:121814)
	at I.C (file:///opt/visual-studio-code/resources/app/out/vs/workbench/api/node/extensionHostProcess.js:27:2328)
	at I.fire (file:///opt/visual-studio-code/resources/app/out/vs/workbench/api/node/extensionHostProcess.js:27:2546)
	at Vo.fire (file:///opt/visual-studio-code/resources/app/out/vs/workbench/api/node/extensionHostProcess.js:29:9454)
	at _d.value (file:///opt/visual-studio-code/resources/app/out/vs/workbench/api/node/extensionHostProcess.js:404:9330)
	at I.C (file:///opt/visual-studio-code/resources/app/out/vs/workbench/api/node/extensionHostProcess.js:27:2328)
	at I.fire (file:///opt/visual-studio-code/resources/app/out/vs/workbench/api/node/extensionHostProcess.js:27:2546)
	at Vo.fire (file:///opt/visual-studio-code/resources/app/out/vs/workbench/api/node/extensionHostProcess.js:29:9454)
	at MessagePortMain.<anonymous> (file:///opt/visual-studio-code/resources/app/out/vs/workbench/api/node/extensionHostProcess.js:404:7564)
	at MessagePortMain.emit (node:events:519:28)
	at MessagePortMain._internalPort.emit (node:electron/js2c/utility_init:2:2949)
2025-12-29 22:00:24.760 [error] Error: illegal state - object is disposed
	at TN.j (file:///opt/visual-studio-code/resources/app/out/vs/workbench/api/node/extensionHostProcess.js:144:112519)
	at TN.delete (file:///opt/visual-studio-code/resources/app/out/vs/workbench/api/node/extensionHostProcess.js:144:112037)
	at p.forgetDocument (/home/van/.vscode/extensions/ms-python.vscode-pylance-2025.10.4/dist/vendor.bundle.js:2:1862240)
	at y.cleanUpDocument (/home/van/.vscode/extensions/ms-python.vscode-pylance-2025.10.4/dist/vendor.bundle.js:2:1872440)
	at _d.value (/home/van/.vscode/extensions/ms-python.vscode-pylance-2025.10.4/dist/vendor.bundle.js:2:1871740)
	at I.C (file:///opt/visual-studio-code/resources/app/out/vs/workbench/api/node/extensionHostProcess.js:27:2328)
	at I.D (file:///opt/visual-studio-code/resources/app/out/vs/workbench/api/node/extensionHostProcess.js:27:2398)
	at I.fire (file:///opt/visual-studio-code/resources/app/out/vs/workbench/api/node/extensionHostProcess.js:27:2615)
	at _d.e [as value] (/home/van/.vscode/extensions/ms-python.vscode-pylance-2025.10.4/dist/vendor.bundle.js:2:685535)
	at I.C (file:///opt/visual-studio-code/resources/app/out/vs/workbench/api/node/extensionHostProcess.js:27:2328)
	at I.D (file:///opt/visual-studio-code/resources/app/out/vs/workbench/api/node/extensionHostProcess.js:27:2398)
	at I.fire (file:///opt/visual-studio-code/resources/app/out/vs/workbench/api/node/extensionHostProcess.js:27:2615)
	at a4.$acceptTabOperation (file:///opt/visual-studio-code/resources/app/out/vs/workbench/api/node/extensionHostProcess.js:125:25037)
	at l5.S (file:///opt/visual-studio-code/resources/app/out/vs/workbench/api/node/extensionHostProcess.js:29:125043)
	at l5.Q (file:///opt/visual-studio-code/resources/app/out/vs/workbench/api/node/extensionHostProcess.js:29:124823)
	at l5.M (file:///opt/visual-studio-code/resources/app/out/vs/workbench/api/node/extensionHostProcess.js:29:123912)
	at l5.L (file:///opt/visual-studio-code/resources/app/out/vs/workbench/api/node/extensionHostProcess.js:29:123017)
	at _d.value (file:///opt/visual-studio-code/resources/app/out/vs/workbench/api/node/extensionHostProcess.js:29:121814)
	at I.C (file:///opt/visual-studio-code/resources/app/out/vs/workbench/api/node/extensionHostProcess.js:27:2328)
	at I.fire (file:///opt/visual-studio-code/resources/app/out/vs/workbench/api/node/extensionHostProcess.js:27:2546)
	at Vo.fire (file:///opt/visual-studio-code/resources/app/out/vs/workbench/api/node/extensionHostProcess.js:29:9454)
	at _d.value (file:///opt/visual-studio-code/resources/app/out/vs/workbench/api/node/extensionHostProcess.js:404:9330)
	at I.C (file:///opt/visual-studio-code/resources/app/out/vs/workbench/api/node/extensionHostProcess.js:27:2328)
	at I.fire (file:///opt/visual-studio-code/resources/app/out/vs/workbench/api/node/extensionHostProcess.js:27:2546)
	at Vo.fire (file:///opt/visual-studio-code/resources/app/out/vs/workbench/api/node/extensionHostProcess.js:29:9454)
	at MessagePortMain.<anonymous> (file:///opt/visual-studio-code/resources/app/out/vs/workbench/api/node/extensionHostProcess.js:404:7564)
	at MessagePortMain.emit (node:events:519:28)
	at MessagePortMain._internalPort.emit (node:electron/js2c/utility_init:2:2949)
2025-12-29 22:00:26.673 [error] Error: illegal state - object is disposed
	at TN.j (file:///opt/visual-studio-code/resources/app/out/vs/workbench/api/node/extensionHostProcess.js:144:112519)
	at TN.delete (file:///opt/visual-studio-code/resources/app/out/vs/workbench/api/node/extensionHostProcess.js:144:112037)
	at p.forgetDocument (/home/van/.vscode/extensions/ms-python.vscode-pylance-2025.10.4/dist/vendor.bundle.js:2:1862240)
	at y.cleanUpDocument (/home/van/.vscode/extensions/ms-python.vscode-pylance-2025.10.4/dist/vendor.bundle.js:2:1872440)
	at _d.value (/home/van/.vscode/extensions/ms-python.vscode-pylance-2025.10.4/dist/vendor.bundle.js:2:1871740)
	at I.C (file:///opt/visual-studio-code/resources/app/out/vs/workbench/api/node/extensionHostProcess.js:27:2328)
	at I.D (file:///opt/visual-studio-code/resources/app/out/vs/workbench/api/node/extensionHostProcess.js:27:2398)
	at I.fire (file:///opt/visual-studio-code/resources/app/out/vs/workbench/api/node/extensionHostProcess.js:27:2615)
	at _d.e [as value] (/home/van/.vscode/extensions/ms-python.vscode-pylance-2025.10.4/dist/vendor.bundle.js:2:685535)
	at I.C (file:///opt/visual-studio-code/resources/app/out/vs/workbench/api/node/extensionHostProcess.js:27:2328)
	at I.D (file:///opt/visual-studio-code/resources/app/out/vs/workbench/api/node/extensionHostProcess.js:27:2398)
	at I.fire (file:///opt/visual-studio-code/resources/app/out/vs/workbench/api/node/extensionHostProcess.js:27:2615)
	at a4.$acceptTabOperation (file:///opt/visual-studio-code/resources/app/out/vs/workbench/api/node/extensionHostProcess.js:125:25037)
	at l5.S (file:///opt/visual-studio-code/resources/app/out/vs/workbench/api/node/extensionHostProcess.js:29:125043)
	at l5.Q (file:///opt/visual-studio-code/resources/app/out/vs/workbench/api/node/extensionHostProcess.js:29:124823)
	at l5.M (file:///opt/visual-studio-code/resources/app/out/vs/workbench/api/node/extensionHostProcess.js:29:123912)
	at l5.L (file:///opt/visual-studio-code/resources/app/out/vs/workbench/api/node/extensionHostProcess.js:29:123017)
	at _d.value (file:///opt/visual-studio-code/resources/app/out/vs/workbench/api/node/extensionHostProcess.js:29:121814)
	at I.C (file:///opt/visual-studio-code/resources/app/out/vs/workbench/api/node/extensionHostProcess.js:27:2328)
	at I.fire (file:///opt/visual-studio-code/resources/app/out/vs/workbench/api/node/extensionHostProcess.js:27:2546)
	at Vo.fire (file:///opt/visual-studio-code/resources/app/out/vs/workbench/api/node/extensionHostProcess.js:29:9454)
	at _d.value (file:///opt/visual-studio-code/resources/app/out/vs/workbench/api/node/extensionHostProcess.js:404:9330)
	at I.C (file:///opt/visual-studio-code/resources/app/out/vs/workbench/api/node/extensionHostProcess.js:27:2328)
	at I.fire (file:///opt/visual-studio-code/resources/app/out/vs/workbench/api/node/extensionHostProcess.js:27:2546)
	at Vo.fire (file:///opt/visual-studio-code/resources/app/out/vs/workbench/api/node/extensionHostProcess.js:29:9454)
	at MessagePortMain.<anonymous> (file:///opt/visual-studio-code/resources/app/out/vs/workbench/api/node/extensionHostProcess.js:404:7564)
	at MessagePortMain.emit (node:events:519:28)
	at MessagePortMain._internalPort.emit (node:electron/js2c/utility_init:2:2949)
2025-12-29 22:00:26.673 [error] Error: illegal state - object is disposed
	at TN.j (file:///opt/visual-studio-code/resources/app/out/vs/workbench/api/node/extensionHostProcess.js:144:112519)
	at TN.delete (file:///opt/visual-studio-code/resources/app/out/vs/workbench/api/node/extensionHostProcess.js:144:112037)
	at p.forgetDocument (/home/van/.vscode/extensions/ms-python.vscode-pylance-2025.10.4/dist/vendor.bundle.js:2:1862240)
	at y.cleanUpDocument (/home/van/.vscode/extensions/ms-python.vscode-pylance-2025.10.4/dist/vendor.bundle.js:2:1872440)
	at _d.value (/home/van/.vscode/extensions/ms-python.vscode-pylance-2025.10.4/dist/vendor.bundle.js:2:1871740)
	at I.C (file:///opt/visual-studio-code/resources/app/out/vs/workbench/api/node/extensionHostProcess.js:27:2328)
	at I.D (file:///opt/visual-studio-code/resources/app/out/vs/workbench/api/node/extensionHostProcess.js:27:2398)
	at I.fire (file:///opt/visual-studio-code/resources/app/out/vs/workbench/api/node/extensionHostProcess.js:27:2615)
	at _d.e [as value] (/home/van/.vscode/extensions/ms-python.vscode-pylance-2025.10.4/dist/vendor.bundle.js:2:685535)
	at I.C (file:///opt/visual-studio-code/resources/app/out/vs/workbench/api/node/extensionHostProcess.js:27:2328)
	at I.D (file:///opt/visual-studio-code/resources/app/out/vs/workbench/api/node/extensionHostProcess.js:27:2398)
	at I.fire (file:///opt/visual-studio-code/resources/app/out/vs/workbench/api/node/extensionHostProcess.js:27:2615)
	at a4.$acceptTabOperation (file:///opt/visual-studio-code/resources/app/out/vs/workbench/api/node/extensionHostProcess.js:125:25037)
	at l5.S (file:///opt/visual-studio-code/resources/app/out/vs/workbench/api/node/extensionHostProcess.js:29:125043)
	at l5.Q (file:///opt/visual-studio-code/resources/app/out/vs/workbench/api/node/extensionHostProcess.js:29:124823)
	at l5.M (file:///opt/visual-studio-code/resources/app/out/vs/workbench/api/node/extensionHostProcess.js:29:123912)
	at l5.L (file:///opt/visual-studio-code/resources/app/out/vs/workbench/api/node/extensionHostProcess.js:29:123017)
	at _d.value (file:///opt/visual-studio-code/resources/app/out/vs/workbench/api/node/extensionHostProcess.js:29:121814)
	at I.C (file:///opt/visual-studio-code/resources/app/out/vs/workbench/api/node/extensionHostProcess.js:27:2328)
	at I.fire (file:///opt/visual-studio-code/resources/app/out/vs/workbench/api/node/extensionHostProcess.js:27:2546)
	at Vo.fire (file:///opt/visual-studio-code/resources/app/out/vs/workbench/api/node/extensionHostProcess.js:29:9454)
	at _d.value (file:///opt/visual-studio-code/resources/app/out/vs/workbench/api/node/extensionHostProcess.js:404:9330)
	at I.C (file:///opt/visual-studio-code/resources/app/out/vs/workbench/api/node/extensionHostProcess.js:27:2328)
	at I.fire (file:///opt/visual-studio-code/resources/app/out/vs/workbench/api/node/extensionHostProcess.js:27:2546)
	at Vo.fire (file:///opt/visual-studio-code/resources/app/out/vs/workbench/api/node/extensionHostProcess.js:29:9454)
	at MessagePortMain.<anonymous> (file:///opt/visual-studio-code/resources/app/out/vs/workbench/api/node/extensionHostProcess.js:404:7564)
	at MessagePortMain.emit (node:events:519:28)
	at MessagePortMain._internalPort.emit (node:electron/js2c/utility_init:2:2949)
2025-12-29 22:57:23.238 [error] Error: illegal state - object is disposed
	at TN.j (file:///opt/visual-studio-code/resources/app/out/vs/workbench/api/node/extensionHostProcess.js:144:112519)
	at TN.delete (file:///opt/visual-studio-code/resources/app/out/vs/workbench/api/node/extensionHostProcess.js:144:112037)
	at p.forgetDocument (/home/van/.vscode/extensions/ms-python.vscode-pylance-2025.10.4/dist/vendor.bundle.js:2:1862240)
	at y.cleanUpDocument (/home/van/.vscode/extensions/ms-python.vscode-pylance-2025.10.4/dist/vendor.bundle.js:2:1872440)
	at _d.value (/home/van/.vscode/extensions/ms-python.vscode-pylance-2025.10.4/dist/vendor.bundle.js:2:1871740)
	at I.C (file:///opt/visual-studio-code/resources/app/out/vs/workbench/api/node/extensionHostProcess.js:27:2328)
	at I.D (file:///opt/visual-studio-code/resources/app/out/vs/workbench/api/node/extensionHostProcess.js:27:2398)
	at I.fire (file:///opt/visual-studio-code/resources/app/out/vs/workbench/api/node/extensionHostProcess.js:27:2615)
	at _d.e [as value] (/home/van/.vscode/extensions/ms-python.vscode-pylance-2025.10.4/dist/vendor.bundle.js:2:685535)
	at I.C (file:///opt/visual-studio-code/resources/app/out/vs/workbench/api/node/extensionHostProcess.js:27:2328)
	at I.D (file:///opt/visual-studio-code/resources/app/out/vs/workbench/api/node/extensionHostProcess.js:27:2398)
	at I.fire (file:///opt/visual-studio-code/resources/app/out/vs/workbench/api/node/extensionHostProcess.js:27:2615)
	at a4.$acceptTabOperation (file:///opt/visual-studio-code/resources/app/out/vs/workbench/api/node/extensionHostProcess.js:125:25037)
	at l5.S (file:///opt/visual-studio-code/resources/app/out/vs/workbench/api/node/extensionHostProcess.js:29:125043)
	at l5.Q (file:///opt/visual-studio-code/resources/app/out/vs/workbench/api/node/extensionHostProcess.js:29:124823)
	at l5.M (file:///opt/visual-studio-code/resources/app/out/vs/workbench/api/node/extensionHostProcess.js:29:123912)
	at l5.L (file:///opt/visual-studio-code/resources/app/out/vs/workbench/api/node/extensionHostProcess.js:29:123017)
	at _d.value (file:///opt/visual-studio-code/resources/app/out/vs/workbench/api/node/extensionHostProcess.js:29:121814)
	at I.C (file:///opt/visual-studio-code/resources/app/out/vs/workbench/api/node/extensionHostProcess.js:27:2328)
	at I.fire (file:///opt/visual-studio-code/resources/app/out/vs/workbench/api/node/extensionHostProcess.js:27:2546)
	at Vo.fire (file:///opt/visual-studio-code/resources/app/out/vs/workbench/api/node/extensionHostProcess.js:29:9454)
	at _d.value (file:///opt/visual-studio-code/resources/app/out/vs/workbench/api/node/extensionHostProcess.js:404:9330)
	at I.C (file:///opt/visual-studio-code/resources/app/out/vs/workbench/api/node/extensionHostProcess.js:27:2328)
	at I.fire (file:///opt/visual-studio-code/resources/app/out/vs/workbench/api/node/extensionHostProcess.js:27:2546)
	at Vo.fire (file:///opt/visual-studio-code/resources/app/out/vs/workbench/api/node/extensionHostProcess.js:29:9454)
	at MessagePortMain.<anonymous> (file:///opt/visual-studio-code/resources/app/out/vs/workbench/api/node/extensionHostProcess.js:404:7564)
	at MessagePortMain.emit (node:events:519:28)
	at MessagePortMain._internalPort.emit (node:electron/js2c/utility_init:2:2949)
2025-12-29 22:57:23.716 [error] Error: illegal state - object is disposed
	at TN.j (file:///opt/visual-studio-code/resources/app/out/vs/workbench/api/node/extensionHostProcess.js:144:112519)
	at TN.delete (file:///opt/visual-studio-code/resources/app/out/vs/workbench/api/node/extensionHostProcess.js:144:112037)
	at p.forgetDocument (/home/van/.vscode/extensions/ms-python.vscode-pylance-2025.10.4/dist/vendor.bundle.js:2:1862240)
	at y.cleanUpDocument (/home/van/.vscode/extensions/ms-python.vscode-pylance-2025.10.4/dist/vendor.bundle.js:2:1872440)
	at _d.value (/home/van/.vscode/extensions/ms-python.vscode-pylance-2025.10.4/dist/vendor.bundle.js:2:1871740)
	at I.C (file:///opt/visual-studio-code/resources/app/out/vs/workbench/api/node/extensionHostProcess.js:27:2328)
	at I.D (file:///opt/visual-studio-code/resources/app/out/vs/workbench/api/node/extensionHostProcess.js:27:2398)
	at I.fire (file:///opt/visual-studio-code/resources/app/out/vs/workbench/api/node/extensionHostProcess.js:27:2615)
	at _d.e [as value] (/home/van/.vscode/extensions/ms-python.vscode-pylance-2025.10.4/dist/vendor.bundle.js:2:685535)
	at I.C (file:///opt/visual-studio-code/resources/app/out/vs/workbench/api/node/extensionHostProcess.js:27:2328)
	at I.D (file:///opt/visual-studio-code/resources/app/out/vs/workbench/api/node/extensionHostProcess.js:27:2398)
	at I.fire (file:///opt/visual-studio-code/resources/app/out/vs/workbench/api/node/extensionHostProcess.js:27:2615)
	at a4.$acceptTabOperation (file:///opt/visual-studio-code/resources/app/out/vs/workbench/api/node/extensionHostProcess.js:125:25037)
	at l5.S (file:///opt/visual-studio-code/resources/app/out/vs/workbench/api/node/extensionHostProcess.js:29:125043)
	at l5.Q (file:///opt/visual-studio-code/resources/app/out/vs/workbench/api/node/extensionHostProcess.js:29:124823)
	at l5.M (file:///opt/visual-studio-code/resources/app/out/vs/workbench/api/node/extensionHostProcess.js:29:123912)
	at l5.L (file:///opt/visual-studio-code/resources/app/out/vs/workbench/api/node/extensionHostProcess.js:29:123017)
	at _d.value (file:///opt/visual-studio-code/resources/app/out/vs/workbench/api/node/extensionHostProcess.js:29:121814)
	at I.C (file:///opt/visual-studio-code/resources/app/out/vs/workbench/api/node/extensionHostProcess.js:27:2328)
	at I.fire (file:///opt/visual-studio-code/resources/app/out/vs/workbench/api/node/extensionHostProcess.js:27:2546)
	at Vo.fire (file:///opt/visual-studio-code/resources/app/out/vs/workbench/api/node/extensionHostProcess.js:29:9454)
	at _d.value (file:///opt/visual-studio-code/resources/app/out/vs/workbench/api/node/extensionHostProcess.js:404:9330)
	at I.C (file:///opt/visual-studio-code/resources/app/out/vs/workbench/api/node/extensionHostProcess.js:27:2328)
	at I.fire (file:///opt/visual-studio-code/resources/app/out/vs/workbench/api/node/extensionHostProcess.js:27:2546)
	at Vo.fire (file:///opt/visual-studio-code/resources/app/out/vs/workbench/api/node/extensionHostProcess.js:29:9454)
	at MessagePortMain.<anonymous> (file:///opt/visual-studio-code/resources/app/out/vs/workbench/api/node/extensionHostProcess.js:404:7564)
	at MessagePortMain.emit (node:events:519:28)
	at MessagePortMain._internalPort.emit (node:electron/js2c/utility_init:2:2949)
2025-12-29 22:57:23.717 [error] Error: illegal state - object is disposed
	at TN.j (file:///opt/visual-studio-code/resources/app/out/vs/workbench/api/node/extensionHostProcess.js:144:112519)
	at TN.delete (file:///opt/visual-studio-code/resources/app/out/vs/workbench/api/node/extensionHostProcess.js:144:112037)
	at p.forgetDocument (/home/van/.vscode/extensions/ms-python.vscode-pylance-2025.10.4/dist/vendor.bundle.js:2:1862240)
	at y.cleanUpDocument (/home/van/.vscode/extensions/ms-python.vscode-pylance-2025.10.4/dist/vendor.bundle.js:2:1872440)
	at _d.value (/home/van/.vscode/extensions/ms-python.vscode-pylance-2025.10.4/dist/vendor.bundle.js:2:1871740)
	at I.C (file:///opt/visual-studio-code/resources/app/out/vs/workbench/api/node/extensionHostProcess.js:27:2328)
	at I.D (file:///opt/visual-studio-code/resources/app/out/vs/workbench/api/node/extensionHostProcess.js:27:2398)
	at I.fire (file:///opt/visual-studio-code/resources/app/out/vs/workbench/api/node/extensionHostProcess.js:27:2615)
	at _d.e [as value] (/home/van/.vscode/extensions/ms-python.vscode-pylance-2025.10.4/dist/vendor.bundle.js:2:685535)
	at I.C (file:///opt/visual-studio-code/resources/app/out/vs/workbench/api/node/extensionHostProcess.js:27:2328)
	at I.D (file:///opt/visual-studio-code/resources/app/out/vs/workbench/api/node/extensionHostProcess.js:27:2398)
	at I.fire (file:///opt/visual-studio-code/resources/app/out/vs/workbench/api/node/extensionHostProcess.js:27:2615)
	at a4.$acceptTabOperation (file:///opt/visual-studio-code/resources/app/out/vs/workbench/api/node/extensionHostProcess.js:125:25037)
	at l5.S (file:///opt/visual-studio-code/resources/app/out/vs/workbench/api/node/extensionHostProcess.js:29:125043)
	at l5.Q (file:///opt/visual-studio-code/resources/app/out/vs/workbench/api/node/extensionHostProcess.js:29:124823)
	at l5.M (file:///opt/visual-studio-code/resources/app/out/vs/workbench/api/node/extensionHostProcess.js:29:123912)
	at l5.L (file:///opt/visual-studio-code/resources/app/out/vs/workbench/api/node/extensionHostProcess.js:29:123017)
	at _d.value (file:///opt/visual-studio-code/resources/app/out/vs/workbench/api/node/extensionHostProcess.js:29:121814)
	at I.C (file:///opt/visual-studio-code/resources/app/out/vs/workbench/api/node/extensionHostProcess.js:27:2328)
	at I.fire (file:///opt/visual-studio-code/resources/app/out/vs/workbench/api/node/extensionHostProcess.js:27:2546)
	at Vo.fire (file:///opt/visual-studio-code/resources/app/out/vs/workbench/api/node/extensionHostProcess.js:29:9454)
	at _d.value (file:///opt/visual-studio-code/resources/app/out/vs/workbench/api/node/extensionHostProcess.js:404:9330)
	at I.C (file:///opt/visual-studio-code/resources/app/out/vs/workbench/api/node/extensionHostProcess.js:27:2328)
	at I.fire (file:///opt/visual-studio-code/resources/app/out/vs/workbench/api/node/extensionHostProcess.js:27:2546)
	at Vo.fire (file:///opt/visual-studio-code/resources/app/out/vs/workbench/api/node/extensionHostProcess.js:29:9454)
	at MessagePortMain.<anonymous> (file:///opt/visual-studio-code/resources/app/out/vs/workbench/api/node/extensionHostProcess.js:404:7564)
	at MessagePortMain.emit (node:events:519:28)
	at MessagePortMain._internalPort.emit (node:electron/js2c/utility_init:2:2949)
2025-12-29 22:57:23.718 [error] Error: illegal state - object is disposed
	at TN.j (file:///opt/visual-studio-code/resources/app/out/vs/workbench/api/node/extensionHostProcess.js:144:112519)
	at TN.delete (file:///opt/visual-studio-code/resources/app/out/vs/workbench/api/node/extensionHostProcess.js:144:112037)
	at p.forgetDocument (/home/van/.vscode/extensions/ms-python.vscode-pylance-2025.10.4/dist/vendor.bundle.js:2:1862240)
	at y.cleanUpDocument (/home/van/.vscode/extensions/ms-python.vscode-pylance-2025.10.4/dist/vendor.bundle.js:2:1872440)
	at _d.value (/home/van/.vscode/extensions/ms-python.vscode-pylance-2025.10.4/dist/vendor.bundle.js:2:1871740)
	at I.C (file:///opt/visual-studio-code/resources/app/out/vs/workbench/api/node/extensionHostProcess.js:27:2328)
	at I.D (file:///opt/visual-studio-code/resources/app/out/vs/workbench/api/node/extensionHostProcess.js:27:2398)
	at I.fire (file:///opt/visual-studio-code/resources/app/out/vs/workbench/api/node/extensionHostProcess.js:27:2615)
	at _d.e [as value] (/home/van/.vscode/extensions/ms-python.vscode-pylance-2025.10.4/dist/vendor.bundle.js:2:685535)
	at I.C (file:///opt/visual-studio-code/resources/app/out/vs/workbench/api/node/extensionHostProcess.js:27:2328)
	at I.D (file:///opt/visual-studio-code/resources/app/out/vs/workbench/api/node/extensionHostProcess.js:27:2398)
	at I.fire (file:///opt/visual-studio-code/resources/app/out/vs/workbench/api/node/extensionHostProcess.js:27:2615)
	at a4.$acceptTabOperation (file:///opt/visual-studio-code/resources/app/out/vs/workbench/api/node/extensionHostProcess.js:125:25037)
	at l5.S (file:///opt/visual-studio-code/resources/app/out/vs/workbench/api/node/extensionHostProcess.js:29:125043)
	at l5.Q (file:///opt/visual-studio-code/resources/app/out/vs/workbench/api/node/extensionHostProcess.js:29:124823)
	at l5.M (file:///opt/visual-studio-code/resources/app/out/vs/workbench/api/node/extensionHostProcess.js:29:123912)
	at l5.L (file:///opt/visual-studio-code/resources/app/out/vs/workbench/api/node/extensionHostProcess.js:29:123017)
	at _d.value (file:///opt/visual-studio-code/resources/app/out/vs/workbench/api/node/extensionHostProcess.js:29:121814)
	at I.C (file:///opt/visual-studio-code/resources/app/out/vs/workbench/api/node/extensionHostProcess.js:27:2328)
	at I.fire (file:///opt/visual-studio-code/resources/app/out/vs/workbench/api/node/extensionHostProcess.js:27:2546)
	at Vo.fire (file:///opt/visual-studio-code/resources/app/out/vs/workbench/api/node/extensionHostProcess.js:29:9454)
	at _d.value (file:///opt/visual-studio-code/resources/app/out/vs/workbench/api/node/extensionHostProcess.js:404:9330)
	at I.C (file:///opt/visual-studio-code/resources/app/out/vs/workbench/api/node/extensionHostProcess.js:27:2328)
	at I.fire (file:///opt/visual-studio-code/resources/app/out/vs/workbench/api/node/extensionHostProcess.js:27:2546)
	at Vo.fire (file:///opt/visual-studio-code/resources/app/out/vs/workbench/api/node/extensionHostProcess.js:29:9454)
	at MessagePortMain.<anonymous> (file:///opt/visual-studio-code/resources/app/out/vs/workbench/api/node/extensionHostProcess.js:404:7564)
	at MessagePortMain.emit (node:events:519:28)
	at MessagePortMain._internalPort.emit (node:electron/js2c/utility_init:2:2949)
2025-12-29 22:59:02.830 [error] Error: illegal state - object is disposed
	at TN.j (file:///opt/visual-studio-code/resources/app/out/vs/workbench/api/node/extensionHostProcess.js:144:112519)
	at TN.delete (file:///opt/visual-studio-code/resources/app/out/vs/workbench/api/node/extensionHostProcess.js:144:112037)
	at p.forgetDocument (/home/van/.vscode/extensions/ms-python.vscode-pylance-2025.10.4/dist/vendor.bundle.js:2:1862240)
	at y.cleanUpDocument (/home/van/.vscode/extensions/ms-python.vscode-pylance-2025.10.4/dist/vendor.bundle.js:2:1872440)
	at _d.value (/home/van/.vscode/extensions/ms-python.vscode-pylance-2025.10.4/dist/vendor.bundle.js:2:1871740)
	at I.C (file:///opt/visual-studio-code/resources/app/out/vs/workbench/api/node/extensionHostProcess.js:27:2328)
	at I.D (file:///opt/visual-studio-code/resources/app/out/vs/workbench/api/node/extensionHostProcess.js:27:2398)
	at I.fire (file:///opt/visual-studio-code/resources/app/out/vs/workbench/api/node/extensionHostProcess.js:27:2615)
	at _d.e [as value] (/home/van/.vscode/extensions/ms-python.vscode-pylance-2025.10.4/dist/vendor.bundle.js:2:685535)
	at I.C (file:///opt/visual-studio-code/resources/app/out/vs/workbench/api/node/extensionHostProcess.js:27:2328)
	at I.D (file:///opt/visual-studio-code/resources/app/out/vs/workbench/api/node/extensionHostProcess.js:27:2398)
	at I.fire (file:///opt/visual-studio-code/resources/app/out/vs/workbench/api/node/extensionHostProcess.js:27:2615)
	at a4.$acceptTabOperation (file:///opt/visual-studio-code/resources/app/out/vs/workbench/api/node/extensionHostProcess.js:125:25037)
	at l5.S (file:///opt/visual-studio-code/resources/app/out/vs/workbench/api/node/extensionHostProcess.js:29:125043)
	at l5.Q (file:///opt/visual-studio-code/resources/app/out/vs/workbench/api/node/extensionHostProcess.js:29:124823)
	at l5.M (file:///opt/visual-studio-code/resources/app/out/vs/workbench/api/node/extensionHostProcess.js:29:123912)
	at l5.L (file:///opt/visual-studio-code/resources/app/out/vs/workbench/api/node/extensionHostProcess.js:29:123017)
	at _d.value (file:///opt/visual-studio-code/resources/app/out/vs/workbench/api/node/extensionHostProcess.js:29:121814)
	at I.C (file:///opt/visual-studio-code/resources/app/out/vs/workbench/api/node/extensionHostProcess.js:27:2328)
	at I.fire (file:///opt/visual-studio-code/resources/app/out/vs/workbench/api/node/extensionHostProcess.js:27:2546)
	at Vo.fire (file:///opt/visual-studio-code/resources/app/out/vs/workbench/api/node/extensionHostProcess.js:29:9454)
	at _d.value (file:///opt/visual-studio-code/resources/app/out/vs/workbench/api/node/extensionHostProcess.js:404:9330)
	at I.C (file:///opt/visual-studio-code/resources/app/out/vs/workbench/api/node/extensionHostProcess.js:27:2328)
	at I.fire (file:///opt/visual-studio-code/resources/app/out/vs/workbench/api/node/extensionHostProcess.js:27:2546)
	at Vo.fire (file:///opt/visual-studio-code/resources/app/out/vs/workbench/api/node/extensionHostProcess.js:29:9454)
	at MessagePortMain.<anonymous> (file:///opt/visual-studio-code/resources/app/out/vs/workbench/api/node/extensionHostProcess.js:404:7564)
	at MessagePortMain.emit (node:events:519:28)
	at MessagePortMain._internalPort.emit (node:electron/js2c/utility_init:2:2949)
2025-12-29 22:59:02.831 [error] Error: illegal state - object is disposed
	at TN.j (file:///opt/visual-studio-code/resources/app/out/vs/workbench/api/node/extensionHostProcess.js:144:112519)
	at TN.delete (file:///opt/visual-studio-code/resources/app/out/vs/workbench/api/node/extensionHostProcess.js:144:112037)
	at p.forgetDocument (/home/van/.vscode/extensions/ms-python.vscode-pylance-2025.10.4/dist/vendor.bundle.js:2:1862240)
	at y.cleanUpDocument (/home/van/.vscode/extensions/ms-python.vscode-pylance-2025.10.4/dist/vendor.bundle.js:2:1872440)
	at _d.value (/home/van/.vscode/extensions/ms-python.vscode-pylance-2025.10.4/dist/vendor.bundle.js:2:1871740)
	at I.C (file:///opt/visual-studio-code/resources/app/out/vs/workbench/api/node/extensionHostProcess.js:27:2328)
	at I.D (file:///opt/visual-studio-code/resources/app/out/vs/workbench/api/node/extensionHostProcess.js:27:2398)
	at I.fire (file:///opt/visual-studio-code/resources/app/out/vs/workbench/api/node/extensionHostProcess.js:27:2615)
	at _d.e [as value] (/home/van/.vscode/extensions/ms-python.vscode-pylance-2025.10.4/dist/vendor.bundle.js:2:685535)
	at I.C (file:///opt/visual-studio-code/resources/app/out/vs/workbench/api/node/extensionHostProcess.js:27:2328)
	at I.D (file:///opt/visual-studio-code/resources/app/out/vs/workbench/api/node/extensionHostProcess.js:27:2398)
	at I.fire (file:///opt/visual-studio-code/resources/app/out/vs/workbench/api/node/extensionHostProcess.js:27:2615)
	at a4.$acceptTabOperation (file:///opt/visual-studio-code/resources/app/out/vs/workbench/api/node/extensionHostProcess.js:125:25037)
	at l5.S (file:///opt/visual-studio-code/resources/app/out/vs/workbench/api/node/extensionHostProcess.js:29:125043)
	at l5.Q (file:///opt/visual-studio-code/resources/app/out/vs/workbench/api/node/extensionHostProcess.js:29:124823)
	at l5.M (file:///opt/visual-studio-code/resources/app/out/vs/workbench/api/node/extensionHostProcess.js:29:123912)
	at l5.L (file:///opt/visual-studio-code/resources/app/out/vs/workbench/api/node/extensionHostProcess.js:29:123017)
	at _d.value (file:///opt/visual-studio-code/resources/app/out/vs/workbench/api/node/extensionHostProcess.js:29:121814)
	at I.C (file:///opt/visual-studio-code/resources/app/out/vs/workbench/api/node/extensionHostProcess.js:27:2328)
	at I.fire (file:///opt/visual-studio-code/resources/app/out/vs/workbench/api/node/extensionHostProcess.js:27:2546)
	at Vo.fire (file:///opt/visual-studio-code/resources/app/out/vs/workbench/api/node/extensionHostProcess.js:29:9454)
	at _d.value (file:///opt/visual-studio-code/resources/app/out/vs/workbench/api/node/extensionHostProcess.js:404:9330)
	at I.C (file:///opt/visual-studio-code/resources/app/out/vs/workbench/api/node/extensionHostProcess.js:27:2328)
	at I.fire (file:///opt/visual-studio-code/resources/app/out/vs/workbench/api/node/extensionHostProcess.js:27:2546)
	at Vo.fire (file:///opt/visual-studio-code/resources/app/out/vs/workbench/api/node/extensionHostProcess.js:29:9454)
	at MessagePortMain.<anonymous> (file:///opt/visual-studio-code/resources/app/out/vs/workbench/api/node/extensionHostProcess.js:404:7564)
	at MessagePortMain.emit (node:events:519:28)
	at MessagePortMain._internalPort.emit (node:electron/js2c/utility_init:2:2949)
2025-12-29 22:59:02.831 [error] Error: illegal state - object is disposed
	at TN.j (file:///opt/visual-studio-code/resources/app/out/vs/workbench/api/node/extensionHostProcess.js:144:112519)
	at TN.delete (file:///opt/visual-studio-code/resources/app/out/vs/workbench/api/node/extensionHostProcess.js:144:112037)
	at p.forgetDocument (/home/van/.vscode/extensions/ms-python.vscode-pylance-2025.10.4/dist/vendor.bundle.js:2:1862240)
	at y.cleanUpDocument (/home/van/.vscode/extensions/ms-python.vscode-pylance-2025.10.4/dist/vendor.bundle.js:2:1872440)
	at _d.value (/home/van/.vscode/extensions/ms-python.vscode-pylance-2025.10.4/dist/vendor.bundle.js:2:1871740)
	at I.C (file:///opt/visual-studio-code/resources/app/out/vs/workbench/api/node/extensionHostProcess.js:27:2328)
	at I.D (file:///opt/visual-studio-code/resources/app/out/vs/workbench/api/node/extensionHostProcess.js:27:2398)
	at I.fire (file:///opt/visual-studio-code/resources/app/out/vs/workbench/api/node/extensionHostProcess.js:27:2615)
	at _d.e [as value] (/home/van/.vscode/extensions/ms-python.vscode-pylance-2025.10.4/dist/vendor.bundle.js:2:685535)
	at I.C (file:///opt/visual-studio-code/resources/app/out/vs/workbench/api/node/extensionHostProcess.js:27:2328)
	at I.D (file:///opt/visual-studio-code/resources/app/out/vs/workbench/api/node/extensionHostProcess.js:27:2398)
	at I.fire (file:///opt/visual-studio-code/resources/app/out/vs/workbench/api/node/extensionHostProcess.js:27:2615)
	at a4.$acceptTabOperation (file:///opt/visual-studio-code/resources/app/out/vs/workbench/api/node/extensionHostProcess.js:125:25037)
	at l5.S (file:///opt/visual-studio-code/resources/app/out/vs/workbench/api/node/extensionHostProcess.js:29:125043)
	at l5.Q (file:///opt/visual-studio-code/resources/app/out/vs/workbench/api/node/extensionHostProcess.js:29:124823)
	at l5.M (file:///opt/visual-studio-code/resources/app/out/vs/workbench/api/node/extensionHostProcess.js:29:123912)
	at l5.L (file:///opt/visual-studio-code/resources/app/out/vs/workbench/api/node/extensionHostProcess.js:29:123017)
	at _d.value (file:///opt/visual-studio-code/resources/app/out/vs/workbench/api/node/extensionHostProcess.js:29:121814)
	at I.C (file:///opt/visual-studio-code/resources/app/out/vs/workbench/api/node/extensionHostProcess.js:27:2328)
	at I.fire (file:///opt/visual-studio-code/resources/app/out/vs/workbench/api/node/extensionHostProcess.js:27:2546)
	at Vo.fire (file:///opt/visual-studio-code/resources/app/out/vs/workbench/api/node/extensionHostProcess.js:29:9454)
	at _d.value (file:///opt/visual-studio-code/resources/app/out/vs/workbench/api/node/extensionHostProcess.js:404:9330)
	at I.C (file:///opt/visual-studio-code/resources/app/out/vs/workbench/api/node/extensionHostProcess.js:27:2328)
	at I.fire (file:///opt/visual-studio-code/resources/app/out/vs/workbench/api/node/extensionHostProcess.js:27:2546)
	at Vo.fire (file:///opt/visual-studio-code/resources/app/out/vs/workbench/api/node/extensionHostProcess.js:29:9454)
	at MessagePortMain.<anonymous> (file:///opt/visual-studio-code/resources/app/out/vs/workbench/api/node/extensionHostProcess.js:404:7564)
	at MessagePortMain.emit (node:events:519:28)
	at MessagePortMain._internalPort.emit (node:electron/js2c/utility_init:2:2949)
2025-12-29 22:59:03.290 [error] Error: illegal state - object is disposed
	at TN.j (file:///opt/visual-studio-code/resources/app/out/vs/workbench/api/node/extensionHostProcess.js:144:112519)
	at TN.delete (file:///opt/visual-studio-code/resources/app/out/vs/workbench/api/node/extensionHostProcess.js:144:112037)
	at p.forgetDocument (/home/van/.vscode/extensions/ms-python.vscode-pylance-2025.10.4/dist/vendor.bundle.js:2:1862240)
	at y.cleanUpDocument (/home/van/.vscode/extensions/ms-python.vscode-pylance-2025.10.4/dist/vendor.bundle.js:2:1872440)
	at _d.value (/home/van/.vscode/extensions/ms-python.vscode-pylance-2025.10.4/dist/vendor.bundle.js:2:1871740)
	at I.C (file:///opt/visual-studio-code/resources/app/out/vs/workbench/api/node/extensionHostProcess.js:27:2328)
	at I.D (file:///opt/visual-studio-code/resources/app/out/vs/workbench/api/node/extensionHostProcess.js:27:2398)
	at I.fire (file:///opt/visual-studio-code/resources/app/out/vs/workbench/api/node/extensionHostProcess.js:27:2615)
	at _d.e [as value] (/home/van/.vscode/extensions/ms-python.vscode-pylance-2025.10.4/dist/vendor.bundle.js:2:685535)
	at I.C (file:///opt/visual-studio-code/resources/app/out/vs/workbench/api/node/extensionHostProcess.js:27:2328)
	at I.D (file:///opt/visual-studio-code/resources/app/out/vs/workbench/api/node/extensionHostProcess.js:27:2398)
	at I.fire (file:///opt/visual-studio-code/resources/app/out/vs/workbench/api/node/extensionHostProcess.js:27:2615)
	at a4.$acceptTabOperation (file:///opt/visual-studio-code/resources/app/out/vs/workbench/api/node/extensionHostProcess.js:125:25037)
	at l5.S (file:///opt/visual-studio-code/resources/app/out/vs/workbench/api/node/extensionHostProcess.js:29:125043)
	at l5.Q (file:///opt/visual-studio-code/resources/app/out/vs/workbench/api/node/extensionHostProcess.js:29:124823)
	at l5.M (file:///opt/visual-studio-code/resources/app/out/vs/workbench/api/node/extensionHostProcess.js:29:123912)
	at l5.L (file:///opt/visual-studio-code/resources/app/out/vs/workbench/api/node/extensionHostProcess.js:29:123017)
	at _d.value (file:///opt/visual-studio-code/resources/app/out/vs/workbench/api/node/extensionHostProcess.js:29:121814)
	at I.C (file:///opt/visual-studio-code/resources/app/out/vs/workbench/api/node/extensionHostProcess.js:27:2328)
	at I.fire (file:///opt/visual-studio-code/resources/app/out/vs/workbench/api/node/extensionHostProcess.js:27:2546)
	at Vo.fire (file:///opt/visual-studio-code/resources/app/out/vs/workbench/api/node/extensionHostProcess.js:29:9454)
	at _d.value (file:///opt/visual-studio-code/resources/app/out/vs/workbench/api/node/extensionHostProcess.js:404:9330)
	at I.C (file:///opt/visual-studio-code/resources/app/out/vs/workbench/api/node/extensionHostProcess.js:27:2328)
	at I.fire (file:///opt/visual-studio-code/resources/app/out/vs/workbench/api/node/extensionHostProcess.js:27:2546)
	at Vo.fire (file:///opt/visual-studio-code/resources/app/out/vs/workbench/api/node/extensionHostProcess.js:29:9454)
	at MessagePortMain.<anonymous> (file:///opt/visual-studio-code/resources/app/out/vs/workbench/api/node/extensionHostProcess.js:404:7564)
	at MessagePortMain.emit (node:events:519:28)
	at MessagePortMain._internalPort.emit (node:electron/js2c/utility_init:2:2949)
2025-12-29 22:59:08.161 [info] Extension host terminating: renderer closed the MessagePort
2025-12-29 22:59:08.210 [error] Error: Channel has been closed
	at n (file:///opt/visual-studio-code/resources/app/out/vs/workbench/api/node/extensionHostProcess.js:123:2816)
	at Object.info (file:///opt/visual-studio-code/resources/app/out/vs/workbench/api/node/extensionHostProcess.js:123:3161)
	at T.info (/opt/visual-studio-code/resources/app/extensions/json-language-features/client/dist/node/jsonClientMain.js:2:45267)
	at ChildProcess.<anonymous> (/opt/visual-studio-code/resources/app/extensions/json-language-features/client/dist/node/jsonClientMain.js:2:600579)
	at ChildProcess.emit (node:events:519:28)
	at ChildProcess._handle.onexit (node:internal/child_process:293:12)
2025-12-29 22:59:08.211 [info] Extension host with pid 8515 exiting with code 0
