2025-12-29 20:07:57.969 [info] Reading sessions from keychain...
2025-12-29 20:07:57.969 [info] Getting sessions for all scopes...
2025-12-29 20:07:57.995 [info] Got stored sessions!
2025-12-29 20:07:57.995 [info] Got 1 verified sessions.
2025-12-29 20:07:57.995 [info] Got 1 sessions for ...
2025-12-29 20:07:57.995 [info] Getting sessions for all scopes...
2025-12-29 20:07:57.996 [info] Got 1 sessions for ...
2025-12-29 20:07:57.996 [info] Getting sessions for all scopes...
2025-12-29 20:07:57.996 [info] Got 1 sessions for ...
2025-12-29 20:07:57.996 [info] Getting sessions for all scopes...
2025-12-29 20:07:57.996 [info] Got 1 sessions for ...
2025-12-29 20:07:57.996 [info] Getting sessions for all scopes...
2025-12-29 20:07:57.996 [info] Got 1 sessions for ...
2025-12-29 20:07:57.996 [info] Getting sessions for all scopes...
2025-12-29 20:07:57.996 [info] Got 1 sessions for ...
2025-12-29 20:07:57.996 [info] Getting sessions for all scopes...
2025-12-29 20:07:57.996 [info] Got 1 sessions for ...
2025-12-29 20:07:58.023 [info] Getting sessions for all scopes...
2025-12-29 20:07:58.023 [info] Got 1 sessions for ...
2025-12-29 20:07:58.023 [info] Getting sessions for all scopes...
2025-12-29 20:07:58.023 [info] Got 1 sessions for ...
2025-12-29 20:07:58.024 [info] Getting sessions for all scopes...
2025-12-29 20:07:58.024 [info] Got 1 sessions for ...
2025-12-29 20:07:58.024 [info] Getting sessions for all scopes...
2025-12-29 20:07:58.024 [info] Got 1 sessions for ...
2025-12-29 20:07:58.024 [info] Getting sessions for all scopes...
2025-12-29 20:07:58.024 [info] Got 1 sessions for ...
2025-12-29 20:07:58.024 [info] Getting sessions for all scopes...
2025-12-29 20:07:58.024 [info] Got 1 sessions for ...
2025-12-29 20:07:58.175 [info] Getting sessions for all scopes...
2025-12-29 20:07:58.175 [info] Got 1 sessions for ...
2025-12-29 20:07:58.182 [info] Getting sessions for all scopes...
2025-12-29 20:07:58.182 [info] Got 1 sessions for ...
2025-12-29 20:07:58.255 [info] Getting sessions for user:email...
2025-12-29 20:07:58.255 [info] Got 1 sessions for user:email...
2025-12-29 20:07:59.634 [info] FetcherService: Electron fetch failed with status: 429 
2025-12-29 20:07:59.878 [info] Getting sessions for all scopes...
2025-12-29 20:07:59.878 [info] Got 1 sessions for ...
2025-12-29 20:08:00.235 [info] FetcherService: Node fetch failed with status: 429 Too Many Requests
2025-12-29 20:08:00.809 [info] FetcherService: Node http/s failed with status: 429 Too Many Requests
