2026-01-05 21:07:27.150 [info] [main] Log level: Info
2026-01-05 21:07:27.150 [info] [main] Validating found git in: "git"
2026-01-05 21:07:27.150 [info] [main] Using git "2.52.0" from "git"
2026-01-05 21:07:27.150 [info] [Model][doInitialScan] Initial repository scan started
2026-01-05 21:07:27.150 [info] > git rev-parse --show-toplevel [2ms]
2026-01-05 21:07:27.150 [info] > git rev-parse --show-toplevel [0ms]
2026-01-05 21:07:27.150 [info] > git rev-parse --show-toplevel [1ms]
2026-01-05 21:07:27.150 [info] > git rev-parse --show-toplevel [1ms]
2026-01-05 21:07:27.150 [info] > git rev-parse --show-toplevel [1ms]
2026-01-05 21:07:27.150 [info] > git rev-parse --show-toplevel [1ms]
2026-01-05 21:07:27.150 [info] > git rev-parse --show-toplevel [3ms]
2026-01-05 21:07:27.150 [info] > git rev-parse --show-toplevel [1ms]
2026-01-05 21:07:27.150 [info] > git rev-parse --show-toplevel [3ms]
2026-01-05 21:07:27.150 [info] > git rev-parse --show-toplevel [1ms]
2026-01-05 21:07:27.150 [info] > git rev-parse --show-toplevel [0ms]
2026-01-05 21:07:27.150 [info] > git rev-parse --show-toplevel [3ms]
2026-01-05 21:07:27.150 [info] [Model][doInitialScan] Initial repository scan completed - repositories (0), closed repositories (0), parent repositories (1), unsafe repositories (0)
2026-01-05 21:07:27.150 [info] > git rev-parse --show-toplevel [1ms]
2026-01-05 21:07:27.150 [info] > git rev-parse --show-toplevel [4ms]
2026-01-05 21:07:27.150 [info] > git rev-parse --show-toplevel [20ms]
2026-01-05 21:07:27.167 [info] > git rev-parse --show-toplevel [0ms]
2026-01-05 21:07:27.396 [info] > git rev-parse --show-toplevel [10ms]
2026-01-05 21:07:27.400 [info] > git rev-parse --show-toplevel [1ms]
2026-01-05 21:07:27.532 [info] > git rev-parse --show-toplevel [1ms]
2026-01-05 21:07:27.603 [info] > git rev-parse --show-toplevel [0ms]
2026-01-05 21:07:28.934 [info] > git rev-parse --show-toplevel [0ms]
2026-01-05 21:07:34.643 [info] > git rev-parse --show-toplevel [1ms]
2026-01-05 21:07:36.820 [info] > git rev-parse --show-toplevel [1ms]
2026-01-05 21:07:38.199 [info] > git rev-parse --show-toplevel [2ms]
2026-01-05 21:07:39.412 [info] > git rev-parse --show-toplevel [2ms]
2026-01-05 21:07:42.079 [info] > git rev-parse --show-toplevel [2ms]
2026-01-05 21:07:46.131 [info] > git rev-parse --show-toplevel [2ms]
2026-01-05 21:07:48.736 [info] > git rev-parse --show-toplevel [2ms]
2026-01-05 21:09:08.966 [info] > git rev-parse --show-toplevel [2ms]
2026-01-05 21:24:40.811 [info] > git rev-parse --show-toplevel [1ms]
2026-01-05 21:24:45.055 [info] > git rev-parse --show-toplevel [1ms]
2026-01-05 21:24:46.789 [info] > git rev-parse --show-toplevel [2ms]
2026-01-05 21:24:54.151 [info] > git rev-parse --show-toplevel [1ms]
2026-01-05 21:24:56.128 [info] > git rev-parse --show-toplevel [2ms]
2026-01-05 21:25:03.729 [info] > git rev-parse --show-toplevel [1ms]
2026-01-05 21:25:11.216 [info] > git rev-parse --show-toplevel [1ms]
2026-01-05 21:25:12.742 [info] > git rev-parse --show-toplevel [1ms]
2026-01-05 21:31:35.656 [info] > git rev-parse --show-toplevel [1ms]
2026-01-05 21:31:45.965 [info] > git rev-parse --show-toplevel [1ms]
2026-01-05 21:31:51.284 [info] > git rev-parse --show-toplevel [1ms]
2026-01-05 21:35:17.628 [info] > git rev-parse --show-toplevel [1ms]
2026-01-05 21:35:21.973 [info] > git rev-parse --show-toplevel [1ms]
2026-01-05 21:35:26.831 [info] > git rev-parse --show-toplevel [1ms]
2026-01-05 21:35:28.452 [info] > git rev-parse --show-toplevel [1ms]
2026-01-05 21:35:33.613 [info] > git rev-parse --show-toplevel [1ms]
2026-01-05 21:35:35.207 [info] > git rev-parse --show-toplevel [2ms]
2026-01-05 21:35:36.482 [info] > git rev-parse --show-toplevel [2ms]
2026-01-05 21:35:45.229 [info] > git rev-parse --show-toplevel [1ms]
2026-01-05 21:35:46.360 [info] > git rev-parse --show-toplevel [1ms]
2026-01-05 21:36:06.712 [info] > git rev-parse --show-toplevel [1ms]
2026-01-05 21:38:59.757 [info] > git rev-parse --show-toplevel [1ms]
2026-01-05 23:14:43.381 [info] > git rev-parse --show-toplevel [1ms]
2026-01-05 23:14:44.183 [info] > git rev-parse --show-toplevel [1ms]
2026-01-05 23:16:25.428 [info] > git rev-parse --show-toplevel [0ms]
2026-01-05 23:16:26.120 [info] > git rev-parse --show-toplevel [1ms]
2026-01-05 23:16:27.951 [info] > git rev-parse --show-toplevel [1ms]
2026-01-05 23:16:29.459 [info] > git rev-parse --show-toplevel [1ms]
2026-01-05 23:16:30.210 [info] > git rev-parse --show-toplevel [1ms]
2026-01-05 23:16:35.729 [info] > git rev-parse --show-toplevel [1ms]
2026-01-05 23:16:36.353 [info] > git rev-parse --show-toplevel [0ms]
2026-01-05 23:16:37.328 [info] > git rev-parse --show-toplevel [2ms]
2026-01-05 23:16:37.874 [info] > git rev-parse --show-toplevel [1ms]
2026-01-05 23:16:38.240 [info] > git rev-parse --show-toplevel [1ms]
2026-01-05 23:25:07.432 [info] > git rev-parse --show-toplevel [1ms]
2026-01-05 23:25:11.936 [info] > git rev-parse --show-toplevel [1ms]
2026-01-05 23:25:15.190 [info] > git rev-parse --show-toplevel [1ms]
2026-01-05 23:25:17.538 [info] > git rev-parse --show-toplevel [1ms]
2026-01-05 23:25:23.515 [info] > git rev-parse --show-toplevel [1ms]
2026-01-05 23:29:12.884 [info] > git rev-parse --show-toplevel [0ms]
2026-01-05 23:29:19.647 [info] > git rev-parse --show-toplevel [1ms]
2026-01-05 23:29:24.584 [info] > git rev-parse --show-toplevel [1ms]
2026-01-05 23:29:25.245 [info] > git rev-parse --show-toplevel [1ms]
2026-01-05 23:29:26.465 [info] > git rev-parse --show-toplevel [1ms]
2026-01-05 23:30:43.655 [info] > git rev-parse --show-toplevel [2ms]
2026-01-05 23:43:23.517 [info] > git rev-parse --show-toplevel [1ms]
2026-01-05 23:51:37.455 [info] > git rev-parse --show-toplevel [1ms]
2026-01-05 23:51:37.468 [info] > git rev-parse --show-toplevel [3ms]
2026-01-05 23:51:37.475 [info] > git rev-parse --show-toplevel [4ms]
2026-01-05 23:51:37.481 [info] > git rev-parse --show-toplevel [3ms]
2026-01-05 23:51:37.487 [info] > git rev-parse --show-toplevel [4ms]
2026-01-05 23:51:37.497 [info] > git rev-parse --show-toplevel [3ms]
2026-01-05 23:51:37.500 [info] > git rev-parse --show-toplevel [0ms]
2026-01-05 23:51:37.503 [info] > git rev-parse --show-toplevel [1ms]
2026-01-05 23:55:37.316 [info] > git rev-parse --show-toplevel [1ms]
2026-01-06 00:06:41.100 [info] > git rev-parse --show-toplevel [1ms]
2026-01-06 00:16:12.230 [info] > git rev-parse --show-toplevel [2ms]
2026-01-06 00:16:12.749 [info] > git rev-parse --show-toplevel [1ms]
2026-01-06 00:16:12.980 [info] > git rev-parse --show-toplevel [1ms]
2026-01-06 00:16:13.142 [info] > git rev-parse --show-toplevel [1ms]
2026-01-06 00:16:13.313 [info] > git rev-parse --show-toplevel [1ms]
2026-01-06 00:16:13.503 [info] > git rev-parse --show-toplevel [1ms]
2026-01-06 00:16:16.990 [info] > git rev-parse --show-toplevel [1ms]
2026-01-06 00:16:17.719 [info] > git rev-parse --show-toplevel [1ms]
2026-01-06 00:16:20.164 [info] > git rev-parse --show-toplevel [1ms]
2026-01-06 00:16:22.873 [info] > git rev-parse --show-toplevel [1ms]
2026-01-06 00:21:32.280 [info] > git rev-parse --show-toplevel [3ms]
2026-01-06 00:24:09.249 [info] > git rev-parse --show-toplevel [1ms]
2026-01-06 00:24:45.214 [info] > git rev-parse --show-toplevel [1ms]
2026-01-06 00:24:55.302 [info] > git rev-parse --show-toplevel [1ms]
2026-01-06 00:29:48.528 [info] > git rev-parse --show-toplevel [1ms]
2026-01-06 00:30:58.296 [info] > git rev-parse --show-toplevel [2ms]
2026-01-06 00:31:18.085 [info] > git rev-parse --show-toplevel [1ms]
2026-01-06 00:34:02.898 [info] > git rev-parse --show-toplevel [1ms]
2026-01-06 01:53:18.829 [info] > git rev-parse --show-toplevel [1ms]
2026-01-06 01:58:32.902 [info] > git rev-parse --show-toplevel [2ms]
2026-01-06 01:58:33.468 [info] > git rev-parse --show-toplevel [1ms]
2026-01-06 01:58:36.998 [info] > git rev-parse --show-toplevel [1ms]
2026-01-06 02:10:00.153 [info] > git rev-parse --show-toplevel [1ms]
2026-01-06 02:15:03.939 [info] > git rev-parse --show-toplevel [1ms]
2026-01-06 02:21:09.687 [info] > git rev-parse --show-toplevel [2ms]
2026-01-06 02:27:53.538 [info] > git rev-parse --show-toplevel [1ms]
2026-01-06 02:28:02.095 [info] > git rev-parse --show-toplevel [1ms]
2026-01-06 02:31:37.687 [info] > git rev-parse --show-toplevel [3ms]
2026-01-06 02:31:37.693 [info] > git rev-parse --show-toplevel [4ms]
2026-01-06 02:31:37.700 [info] > git rev-parse --show-toplevel [4ms]
2026-01-06 02:31:37.707 [info] > git rev-parse --show-toplevel [2ms]
2026-01-06 02:31:37.710 [info] > git rev-parse --show-toplevel [0ms]
2026-01-06 02:33:50.936 [info] > git rev-parse --show-toplevel [1ms]
2026-01-06 02:36:57.838 [info] > git rev-parse --show-toplevel [1ms]
2026-01-06 02:37:12.476 [info] > git rev-parse --show-toplevel [1ms]
2026-01-06 02:37:14.596 [info] > git rev-parse --show-toplevel [1ms]
2026-01-06 02:37:40.914 [info] > git rev-parse --show-toplevel [1ms]
2026-01-06 02:37:48.089 [info] > git rev-parse --show-toplevel [1ms]
2026-01-06 02:37:50.029 [info] > git rev-parse --show-toplevel [1ms]
2026-01-06 02:37:50.921 [info] > git rev-parse --show-toplevel [1ms]
2026-01-06 02:38:33.386 [info] > git rev-parse --show-toplevel [0ms]
2026-01-06 02:38:38.478 [info] > git rev-parse --show-toplevel [0ms]
2026-01-06 02:38:43.355 [info] > git rev-parse --show-toplevel [0ms]
2026-01-06 02:38:45.794 [info] > git rev-parse --show-toplevel [1ms]
2026-01-06 02:38:47.037 [info] > git rev-parse --show-toplevel [1ms]
2026-01-06 02:38:47.575 [info] > git rev-parse --show-toplevel [0ms]
2026-01-06 02:38:48.297 [info] > git rev-parse --show-toplevel [0ms]
2026-01-06 02:38:52.172 [info] > git rev-parse --show-toplevel [2ms]
2026-01-06 02:40:29.574 [info] > git rev-parse --show-toplevel [1ms]
2026-01-06 02:40:59.474 [info] > git rev-parse --show-toplevel [1ms]
2026-01-06 02:41:10.188 [info] > git rev-parse --show-toplevel [1ms]
2026-01-06 02:41:14.570 [info] > git rev-parse --show-toplevel [1ms]
2026-01-06 02:41:15.926 [info] > git rev-parse --show-toplevel [1ms]
2026-01-06 02:42:16.204 [info] > git rev-parse --show-toplevel [2ms]
2026-01-06 02:43:23.950 [info] > git rev-parse --show-toplevel [1ms]
2026-01-06 02:43:30.050 [info] > git rev-parse --show-toplevel [0ms]
2026-01-06 02:43:32.888 [info] > git rev-parse --show-toplevel [0ms]
2026-01-06 02:43:34.247 [info] > git rev-parse --show-toplevel [1ms]
2026-01-06 02:43:37.327 [info] > git rev-parse --show-toplevel [1ms]
2026-01-06 02:45:11.848 [info] > git rev-parse --show-toplevel [2ms]
2026-01-06 02:54:09.098 [info] > git rev-parse --show-toplevel [1ms]
2026-01-06 02:57:39.286 [info] > git rev-parse --show-toplevel [1ms]
2026-01-06 02:57:43.577 [info] > git rev-parse --show-toplevel [1ms]
2026-01-06 02:57:47.685 [info] > git rev-parse --show-toplevel [0ms]
2026-01-06 02:57:57.592 [info] > git rev-parse --show-toplevel [2ms]
2026-01-06 02:58:03.004 [info] > git rev-parse --show-toplevel [0ms]
2026-01-06 02:58:24.445 [info] > git rev-parse --show-toplevel [1ms]
2026-01-06 03:02:04.717 [info] > git rev-parse --show-toplevel [1ms]
2026-01-06 03:02:28.060 [info] > git rev-parse --show-toplevel [1ms]
2026-01-06 03:05:29.369 [info] > git rev-parse --show-toplevel [1ms]
2026-01-06 03:05:38.986 [info] > git rev-parse --show-toplevel [0ms]
2026-01-06 03:05:40.728 [info] > git rev-parse --show-toplevel [1ms]
2026-01-06 03:05:41.982 [info] > git rev-parse --show-toplevel [1ms]
2026-01-06 03:05:47.260 [info] > git rev-parse --show-toplevel [1ms]
2026-01-06 03:05:50.598 [info] > git rev-parse --show-toplevel [1ms]
2026-01-06 03:07:43.183 [info] > git rev-parse --show-toplevel [1ms]
2026-01-06 03:07:46.352 [info] > git rev-parse --show-toplevel [1ms]
2026-01-06 03:10:05.432 [info] > git rev-parse --show-toplevel [1ms]
2026-01-06 03:10:16.996 [info] > git rev-parse --show-toplevel [1ms]
2026-01-06 03:10:18.627 [info] > git rev-parse --show-toplevel [1ms]
2026-01-06 03:10:21.120 [info] > git rev-parse --show-toplevel [1ms]
2026-01-06 03:10:50.795 [info] > git rev-parse --show-toplevel [1ms]
2026-01-06 03:10:57.845 [info] > git rev-parse --show-toplevel [1ms]
2026-01-06 03:10:59.092 [info] > git rev-parse --show-toplevel [1ms]
2026-01-06 03:13:07.061 [info] > git rev-parse --show-toplevel [1ms]
2026-01-06 03:13:07.789 [info] > git rev-parse --show-toplevel [1ms]
2026-01-06 03:13:08.639 [info] > git rev-parse --show-toplevel [1ms]
2026-01-06 03:13:09.793 [info] > git rev-parse --show-toplevel [1ms]
2026-01-06 03:14:28.290 [info] > git rev-parse --show-toplevel [1ms]
2026-01-06 03:14:33.195 [info] > git rev-parse --show-toplevel [0ms]
2026-01-06 03:14:34.765 [info] > git rev-parse --show-toplevel [0ms]
2026-01-06 03:14:35.661 [info] > git rev-parse --show-toplevel [1ms]
2026-01-06 03:14:36.674 [info] > git rev-parse --show-toplevel [1ms]
2026-01-06 03:14:37.645 [info] > git rev-parse --show-toplevel [1ms]
2026-01-06 03:14:38.151 [info] > git rev-parse --show-toplevel [1ms]
2026-01-06 03:20:21.103 [info] > git rev-parse --show-toplevel [0ms]
2026-01-06 03:20:24.603 [info] > git rev-parse --show-toplevel [1ms]
2026-01-06 03:20:26.354 [info] > git rev-parse --show-toplevel [1ms]
2026-01-06 03:20:31.312 [info] > git rev-parse --show-toplevel [1ms]
2026-01-06 03:20:33.117 [info] > git rev-parse --show-toplevel [1ms]
2026-01-06 03:20:48.233 [info] > git rev-parse --show-toplevel [1ms]
2026-01-06 03:20:53.883 [info] > git rev-parse --show-toplevel [1ms]
2026-01-06 03:20:56.170 [info] > git rev-parse --show-toplevel [0ms]
2026-01-06 03:20:57.237 [info] > git rev-parse --show-toplevel [2ms]
2026-01-06 03:20:58.191 [info] > git rev-parse --show-toplevel [0ms]
2026-01-06 03:20:58.719 [info] > git rev-parse --show-toplevel [1ms]
2026-01-06 03:20:59.377 [info] > git rev-parse --show-toplevel [1ms]
2026-01-06 03:23:21.265 [info] > git rev-parse --show-toplevel [2ms]
2026-01-06 03:23:22.086 [info] > git rev-parse --show-toplevel [1ms]
2026-01-06 03:23:22.529 [info] > git rev-parse --show-toplevel [1ms]
2026-01-06 03:23:22.754 [info] > git rev-parse --show-toplevel [1ms]
2026-01-06 03:23:22.946 [info] > git rev-parse --show-toplevel [1ms]
2026-01-06 03:23:23.118 [info] > git rev-parse --show-toplevel [1ms]
2026-01-06 03:23:23.300 [info] > git rev-parse --show-toplevel [0ms]
2026-01-06 03:23:23.506 [info] > git rev-parse --show-toplevel [1ms]
2026-01-06 03:23:23.703 [info] > git rev-parse --show-toplevel [1ms]
2026-01-06 03:23:23.893 [info] > git rev-parse --show-toplevel [1ms]
2026-01-06 03:23:24.081 [info] > git rev-parse --show-toplevel [1ms]
2026-01-06 03:23:24.254 [info] > git rev-parse --show-toplevel [0ms]
2026-01-06 04:46:56.635 [info] > git rev-parse --show-toplevel [0ms]
2026-01-06 05:32:40.669 [info] > git rev-parse --show-toplevel [1ms]
2026-01-06 05:35:51.242 [info] > git rev-parse --show-toplevel [1ms]
2026-01-06 05:52:08.646 [info] > git rev-parse --show-toplevel [1ms]
2026-01-06 05:55:38.750 [info] > git rev-parse --show-toplevel [1ms]
2026-01-06 05:55:39.437 [info] > git rev-parse --show-toplevel [1ms]
2026-01-06 05:55:45.410 [info] > git rev-parse --show-toplevel [1ms]
2026-01-06 05:55:45.414 [info] > git rev-parse --show-toplevel [1ms]
2026-01-06 05:55:51.643 [info] > git rev-parse --show-toplevel [1ms]
2026-01-06 05:55:51.649 [info] > git rev-parse --show-toplevel [1ms]
2026-01-06 05:55:51.652 [info] > git rev-parse --show-toplevel [0ms]
2026-01-06 05:55:54.863 [info] > git rev-parse --show-toplevel [1ms]
2026-01-06 05:55:54.869 [info] > git rev-parse --show-toplevel [1ms]
2026-01-06 05:55:54.873 [info] > git rev-parse --show-toplevel [1ms]
2026-01-06 05:55:57.940 [info] > git rev-parse --show-toplevel [0ms]
2026-01-06 05:55:57.946 [info] > git rev-parse --show-toplevel [1ms]
2026-01-06 05:55:57.949 [info] > git rev-parse --show-toplevel [0ms]
2026-01-06 05:56:00.239 [info] > git rev-parse --show-toplevel [1ms]
2026-01-06 05:56:04.734 [info] > git rev-parse --show-toplevel [1ms]
2026-01-06 05:56:12.510 [info] > git rev-parse --show-toplevel [2ms]
2026-01-06 05:56:23.228 [info] > git rev-parse --show-toplevel [1ms]
2026-01-06 05:56:51.740 [info] > git rev-parse --show-toplevel [1ms]
2026-01-06 05:57:01.273 [info] > git rev-parse --show-toplevel [0ms]
2026-01-06 06:14:29.741 [info] > git rev-parse --show-toplevel [1ms]
2026-01-06 06:14:29.746 [info] > git rev-parse --show-toplevel [2ms]
2026-01-06 06:14:33.770 [info] > git rev-parse --show-toplevel [1ms]
2026-01-06 06:19:40.094 [info] > git rev-parse --show-toplevel [1ms]
2026-01-06 06:19:47.141 [info] > git rev-parse --show-toplevel [1ms]
2026-01-06 06:35:18.166 [info] > git rev-parse --show-toplevel [1ms]
2026-01-06 06:35:23.733 [info] > git rev-parse --show-toplevel [0ms]
2026-01-06 07:12:19.000 [info] > git rev-parse --show-toplevel [1ms]
2026-01-06 07:14:47.085 [info] > git rev-parse --show-toplevel [1ms]
2026-01-06 07:17:45.964 [info] > git rev-parse --show-toplevel [1ms]
2026-01-06 07:17:55.562 [info] > git rev-parse --show-toplevel [1ms]
2026-01-06 07:18:06.216 [info] > git rev-parse --show-toplevel [1ms]
2026-01-06 07:18:06.225 [info] > git rev-parse --show-toplevel [3ms]
2026-01-06 07:18:07.619 [info] > git rev-parse --show-toplevel [0ms]
2026-01-06 07:18:07.626 [info] > git rev-parse --show-toplevel [1ms]
2026-01-06 07:18:07.630 [info] > git rev-parse --show-toplevel [1ms]
2026-01-06 07:20:40.511 [info] > git rev-parse --show-toplevel [1ms]
2026-01-06 07:20:40.529 [info] > git rev-parse --show-toplevel [1ms]
2026-01-06 07:20:40.533 [info] > git rev-parse --show-toplevel [1ms]
2026-01-06 07:20:43.480 [info] > git rev-parse --show-toplevel [1ms]
2026-01-06 07:22:03.084 [info] > git rev-parse --show-toplevel [1ms]
2026-01-06 07:29:52.277 [info] > git rev-parse --show-toplevel [1ms]
2026-01-06 07:30:51.904 [info] > git rev-parse --show-toplevel [2ms]
2026-01-06 07:31:04.254 [info] > git rev-parse --show-toplevel [1ms]
2026-01-06 07:31:08.571 [info] > git rev-parse --show-toplevel [1ms]
2026-01-06 07:31:13.126 [info] > git rev-parse --show-toplevel [1ms]
2026-01-06 07:36:05.210 [info] > git rev-parse --show-toplevel [0ms]
2026-01-06 07:36:25.066 [info] > git rev-parse --show-toplevel [1ms]
2026-01-06 07:40:58.202 [info] > git rev-parse --show-toplevel [1ms]
2026-01-06 07:42:55.838 [info] > git rev-parse --show-toplevel [0ms]
2026-01-06 07:43:35.169 [info] > git rev-parse --show-toplevel [1ms]
2026-01-06 07:44:26.009 [info] > git rev-parse --show-toplevel [1ms]
2026-01-06 07:44:30.493 [info] > git rev-parse --show-toplevel [1ms]
2026-01-06 07:44:33.365 [info] > git rev-parse --show-toplevel [1ms]
2026-01-06 07:45:11.201 [info] > git rev-parse --show-toplevel [0ms]
2026-01-06 07:45:11.205 [info] > git rev-parse --show-toplevel [1ms]
2026-01-06 07:45:15.711 [info] > git rev-parse --show-toplevel [1ms]
2026-01-06 07:45:15.719 [info] > git rev-parse --show-toplevel [1ms]
2026-01-06 07:45:15.723 [info] > git rev-parse --show-toplevel [0ms]
2026-01-06 07:45:19.006 [info] > git rev-parse --show-toplevel [1ms]
2026-01-06 07:45:19.016 [info] > git rev-parse --show-toplevel [4ms]
2026-01-06 07:45:19.026 [info] > git rev-parse --show-toplevel [3ms]
2026-01-06 07:45:19.037 [info] > git rev-parse --show-toplevel [4ms]
2026-01-06 07:45:19.043 [info] > git rev-parse --show-toplevel [3ms]
2026-01-06 07:45:19.053 [info] > git rev-parse --show-toplevel [4ms]
2026-01-06 07:45:19.062 [info] > git rev-parse --show-toplevel [3ms]
2026-01-06 07:45:19.069 [info] > git rev-parse --show-toplevel [1ms]
2026-01-06 07:45:19.078 [info] > git rev-parse --show-toplevel [3ms]
2026-01-06 07:45:19.084 [info] > git rev-parse --show-toplevel [1ms]
2026-01-06 07:45:19.093 [info] > git rev-parse --show-toplevel [3ms]
2026-01-06 07:45:19.097 [info] > git rev-parse --show-toplevel [1ms]
2026-01-06 07:45:19.100 [info] > git rev-parse --show-toplevel [0ms]
2026-01-06 07:45:19.103 [info] > git rev-parse --show-toplevel [0ms]
2026-01-06 07:45:19.106 [info] > git rev-parse --show-toplevel [0ms]
2026-01-06 07:45:19.109 [info] > git rev-parse --show-toplevel [0ms]
2026-01-06 07:45:19.113 [info] > git rev-parse --show-toplevel [0ms]
2026-01-06 07:45:19.117 [info] > git rev-parse --show-toplevel [1ms]
2026-01-06 07:47:49.154 [info] > git rev-parse --show-toplevel [2ms]
2026-01-06 07:47:49.168 [info] > git rev-parse --show-toplevel [1ms]
2026-01-06 07:47:49.173 [info] > git rev-parse --show-toplevel [1ms]
2026-01-06 07:47:53.268 [info] > git rev-parse --show-toplevel [1ms]
2026-01-06 07:54:45.258 [info] > git rev-parse --show-toplevel [1ms]
2026-01-06 07:54:49.310 [info] > git rev-parse --show-toplevel [1ms]
2026-01-06 07:56:42.729 [info] > git rev-parse --show-toplevel [1ms]
2026-01-06 07:57:14.788 [info] > git rev-parse --show-toplevel [1ms]
2026-01-06 07:58:15.259 [info] > git rev-parse --show-toplevel [1ms]
2026-01-06 07:58:15.764 [info] > git rev-parse --show-toplevel [1ms]
2026-01-06 07:58:16.106 [info] > git rev-parse --show-toplevel [1ms]
2026-01-06 07:58:16.304 [info] > git rev-parse --show-toplevel [1ms]
2026-01-06 07:58:16.506 [info] > git rev-parse --show-toplevel [1ms]
2026-01-06 07:58:16.709 [info] > git rev-parse --show-toplevel [1ms]
2026-01-06 07:58:19.028 [info] > git rev-parse --show-toplevel [4ms]
