2026-01-05 20:32:47.834 [info] Reading sessions from keychain...
2026-01-05 20:32:47.834 [info] Getting sessions for all scopes...
2026-01-05 20:32:47.834 [info] Got stored sessions!
2026-01-05 20:32:47.834 [info] Got 1 verified sessions.
2026-01-05 20:32:47.834 [info] Got 1 sessions for ...
2026-01-05 20:32:47.834 [info] Getting sessions for all scopes...
2026-01-05 20:32:47.834 [info] Got 1 sessions for ...
2026-01-05 20:32:47.834 [info] Getting sessions for all scopes...
2026-01-05 20:32:47.834 [info] Got 1 sessions for ...
2026-01-05 20:32:47.834 [info] Getting sessions for all scopes...
2026-01-05 20:32:47.834 [info] Got 1 sessions for ...
2026-01-05 20:32:47.834 [info] Getting sessions for all scopes...
2026-01-05 20:32:47.834 [info] Got 1 sessions for ...
2026-01-05 20:32:47.834 [info] Getting sessions for all scopes...
2026-01-05 20:32:47.834 [info] Got 1 sessions for ...
2026-01-05 20:32:47.834 [info] Getting sessions for all scopes...
2026-01-05 20:32:47.834 [info] Got 1 sessions for ...
2026-01-05 20:32:47.834 [info] Getting sessions for all scopes...
2026-01-05 20:32:47.834 [info] Got 1 sessions for ...
2026-01-05 20:32:47.834 [info] Getting sessions for all scopes...
2026-01-05 20:32:47.834 [info] Got 1 sessions for ...
2026-01-05 20:32:47.834 [info] Getting sessions for all scopes...
2026-01-05 20:32:47.834 [info] Got 1 sessions for ...
2026-01-05 20:32:47.834 [info] Getting sessions for all scopes...
2026-01-05 20:32:47.834 [info] Got 1 sessions for ...
2026-01-05 20:32:47.834 [info] Getting sessions for all scopes...
2026-01-05 20:32:47.834 [info] Got 1 sessions for ...
2026-01-05 20:32:47.834 [info] Getting sessions for all scopes...
2026-01-05 20:32:47.834 [info] Got 1 sessions for ...
2026-01-05 20:32:47.834 [info] Getting sessions for all scopes...
2026-01-05 20:32:47.834 [info] Got 1 sessions for ...
2026-01-05 20:32:47.834 [info] Getting sessions for all scopes...
2026-01-05 20:32:47.834 [info] Got 1 sessions for ...
2026-01-05 20:32:48.151 [info] Getting sessions for user:email...
2026-01-05 20:32:48.151 [info] Got 1 sessions for user:email...
2026-01-05 20:32:49.415 [info] FetcherService: Electron fetch failed with status: 429 
2026-01-05 20:32:49.838 [info] Getting sessions for all scopes...
2026-01-05 20:32:49.838 [info] Got 1 sessions for ...
2026-01-05 20:32:50.022 [info] FetcherService: Node fetch failed with status: 429 Too Many Requests
2026-01-05 20:32:50.620 [info] FetcherService: Node http/s failed with status: 429 Too Many Requests
