[2025-Nov-13 19:35:59.744 -03:00][ 3074: 3074][info ] Logging initialized
[2025-Nov-13 19:41:52.448 -03:00][ 7673: 7673][info ] Logging initialized
[2025-Nov-13 19:41:54.241 -03:00][ 7673: 7673][info ] Logging initialized
[2025-Nov-14 10:12:49.470 -03:00][ 6028: 6028][info ] Logging initialized
[2025-Dec-21 08:54:46.717 -03:00][ 9122: 9122][info ] Logging initialized
[2025-Dec-21 08:59:17.373 -03:00][ 2502: 2502][info ] Logging initialized
[2025-Dec-21 13:14:10.738 -03:00][37326:37326][info ] Logging initialized
[2025-Dec-22 12:18:42.946 -03:00][ 2621: 2621][info ] Logging initialized
[2025-Dec-22 13:37:08.327 -03:00][ 2122: 2122][info ] Logging initialized
[2025-Dec-22 16:05:39.138 -03:00][11435:11435][info ] Logging initialized
[2025-Dec-23 14:45:10.332 -03:00][57731:57731][info ] Logging initialized
[2025-Dec-26 11:59:44.597 -03:00][ 3750: 3750][info ] Logging initialized
[2025-Dec-26 14:19:45.556 -03:00][ 1543: 1543][info ] Logging initialized
[2025-Dec-26 21:36:41.662 -03:00][58698:58698][info ] Logging initialized
[2025-Dec-27 16:17:59.278 -03:00][ 1848: 1848][info ] Logging initialized
[2025-Dec-27 17:39:53.097 -03:00][16052:16052][info ] Logging initialized
[2025-Dec-28 13:56:56.414 -03:00][ 1655: 1655][info ] Logging initialized
[2025-Dec-28 19:33:05.105 -03:00][ 2552: 2552][info ] Logging initialized
[2025-Dec-28 22:16:23.691 -03:00][ 1559: 1559][info ] Logging initialized
[2025-Dec-29 20:00:15.828 -03:00][13735:13735][info ] Logging initialized
[2025-Dec-29 21:07:32.871 -03:00][ 2803: 2803][info ] Logging initialized
[2025-Dec-30 00:23:43.122 -03:00][22123:22123][info ] Logging initialized
[2025-Dec-30 23:10:25.527 -03:00][ 2067: 2067][info ] Logging initialized
[2026-Jan-03 03:01:44.957 -03:00][ 2756: 2756][info ] Logging initialized
[2026-Jan-05 20:15:24.026 -03:00][10177:10177][info ] Logging initialized
[2026-Jan-05 23:59:52.167 -03:00][41612:41612][info ] Logging initialized
[2026-Jan-06 03:08:17.972 -03:00][58749:58749][info ] Logging initialized
[2026-Jan-06 22:45:44.438 -03:00][ 2260: 2260][info ] Logging initialized
