2026-01-03 04:02:54.629 [info] [main] Log level: Info
2026-01-03 04:02:54.629 [info] [main] Validating found git in: "git"
2026-01-03 04:02:54.629 [info] [main] Using git "2.52.0" from "git"
2026-01-03 04:02:54.629 [info] [Model][doInitialScan] Initial repository scan started
2026-01-03 04:02:54.629 [info] > git rev-parse --show-toplevel [4ms]
2026-01-03 04:02:54.629 [info] > git rev-parse --show-toplevel [1ms]
2026-01-03 04:02:54.629 [info] > git rev-parse --show-toplevel [0ms]
2026-01-03 04:02:54.629 [info] > git rev-parse --show-toplevel [1ms]
2026-01-03 04:02:54.629 [info] > git rev-parse --show-toplevel [1ms]
2026-01-03 04:02:54.629 [info] > git rev-parse --show-toplevel [1ms]
2026-01-03 04:02:54.629 [info] > git rev-parse --show-toplevel [1ms]
2026-01-03 04:02:54.629 [info] > git rev-parse --show-toplevel [1ms]
2026-01-03 04:02:54.629 [info] > git rev-parse --show-toplevel [1ms]
2026-01-03 04:02:54.629 [info] > git rev-parse --show-toplevel [1ms]
2026-01-03 04:02:54.629 [info] > git rev-parse --show-toplevel [1ms]
2026-01-03 04:02:54.629 [info] > git rev-parse --show-toplevel [0ms]
2026-01-03 04:02:54.629 [info] [Model][doInitialScan] Initial repository scan completed - repositories (0), closed repositories (0), parent repositories (1), unsafe repositories (0)
2026-01-03 04:02:56.184 [info] > git rev-parse --show-toplevel [2ms]
2026-01-03 04:03:33.661 [info] > git rev-parse --show-toplevel [0ms]
2026-01-03 04:03:34.612 [info] > git rev-parse --show-toplevel [0ms]
2026-01-03 04:03:44.702 [info] > git rev-parse --show-toplevel [1ms]
2026-01-03 04:03:45.520 [info] > git rev-parse --show-toplevel [71ms]
2026-01-03 04:06:08.861 [info] > git rev-parse --show-toplevel [1ms]
2026-01-03 04:06:15.144 [info] > git rev-parse --show-toplevel [1ms]
2026-01-03 04:06:16.862 [info] > git rev-parse --show-toplevel [2ms]
2026-01-03 04:09:34.842 [info] > git rev-parse --show-toplevel [1ms]
2026-01-03 04:09:42.637 [info] > git rev-parse --show-toplevel [1ms]
2026-01-03 04:18:41.865 [info] > git rev-parse --show-toplevel [1ms]
2026-01-03 04:18:44.268 [info] > git rev-parse --show-toplevel [1ms]
2026-01-03 04:21:21.972 [info] > git rev-parse --show-toplevel [1ms]
2026-01-03 04:21:29.115 [info] > git rev-parse --show-toplevel [1ms]
2026-01-03 04:21:32.466 [info] > git rev-parse --show-toplevel [2ms]
2026-01-03 04:26:02.366 [info] > git rev-parse --show-toplevel [1ms]
2026-01-03 04:26:05.616 [info] > git rev-parse --show-toplevel [0ms]
2026-01-03 04:26:26.666 [info] > git rev-parse --show-toplevel [1ms]
2026-01-03 04:26:32.985 [info] > git rev-parse --show-toplevel [1ms]
2026-01-03 04:26:38.309 [info] > git rev-parse --show-toplevel [0ms]
2026-01-03 04:26:41.285 [info] > git rev-parse --show-toplevel [1ms]
2026-01-03 04:29:22.604 [info] > git rev-parse --show-toplevel [1ms]
2026-01-03 04:29:24.730 [info] > git rev-parse --show-toplevel [1ms]
2026-01-03 04:29:28.742 [info] > git rev-parse --show-toplevel [1ms]
2026-01-03 04:29:32.328 [info] > git rev-parse --show-toplevel [1ms]
2026-01-03 04:32:57.100 [info] > git rev-parse --show-toplevel [1ms]
2026-01-03 04:33:17.534 [info] > git rev-parse --show-toplevel [0ms]
2026-01-03 04:33:21.813 [info] > git rev-parse --show-toplevel [1ms]
2026-01-03 04:33:42.955 [info] > git rev-parse --show-toplevel [1ms]
2026-01-03 04:33:58.214 [info] > git rev-parse --show-toplevel [0ms]
2026-01-03 04:34:01.126 [info] > git rev-parse --show-toplevel [1ms]
2026-01-03 04:38:08.524 [info] > git rev-parse --show-toplevel [1ms]
2026-01-03 04:44:18.193 [info] > git rev-parse --show-toplevel [1ms]
2026-01-03 04:44:24.807 [info] > git rev-parse --show-toplevel [1ms]
2026-01-03 04:47:10.522 [info] > git rev-parse --show-toplevel [0ms]
2026-01-03 04:47:13.916 [info] > git rev-parse --show-toplevel [1ms]
2026-01-03 04:47:17.104 [info] > git rev-parse --show-toplevel [1ms]
2026-01-03 04:47:20.518 [info] > git rev-parse --show-toplevel [1ms]
2026-01-03 04:47:23.319 [info] > git rev-parse --show-toplevel [0ms]
2026-01-03 04:47:31.622 [info] > git rev-parse --show-toplevel [1ms]
2026-01-03 04:48:24.597 [info] > git rev-parse --show-toplevel [0ms]
2026-01-03 04:48:26.827 [info] > git rev-parse --show-toplevel [1ms]
2026-01-03 04:48:31.609 [info] > git rev-parse --show-toplevel [1ms]
2026-01-03 04:48:35.192 [info] > git rev-parse --show-toplevel [1ms]
2026-01-03 04:50:26.975 [info] > git rev-parse --show-toplevel [0ms]
2026-01-03 04:50:31.728 [info] > git rev-parse --show-toplevel [2ms]
2026-01-03 04:50:34.919 [info] > git rev-parse --show-toplevel [1ms]
2026-01-03 04:50:37.842 [info] > git rev-parse --show-toplevel [1ms]
2026-01-03 04:52:03.041 [info] > git rev-parse --show-toplevel [1ms]
2026-01-03 04:52:06.428 [info] > git rev-parse --show-toplevel [1ms]
2026-01-03 04:53:11.491 [info] > git rev-parse --show-toplevel [1ms]
2026-01-03 04:53:13.711 [info] > git rev-parse --show-toplevel [1ms]
2026-01-03 04:53:57.688 [info] > git rev-parse --show-toplevel [1ms]
2026-01-03 04:53:59.970 [info] > git rev-parse --show-toplevel [0ms]
2026-01-03 04:54:03.146 [info] > git rev-parse --show-toplevel [1ms]
2026-01-03 04:55:07.173 [info] > git rev-parse --show-toplevel [2ms]
2026-01-03 04:55:22.685 [info] > git rev-parse --show-toplevel [0ms]
2026-01-03 04:55:23.729 [info] > git rev-parse --show-toplevel [1ms]
2026-01-03 04:55:29.974 [info] > git rev-parse --show-toplevel [0ms]
2026-01-03 05:08:38.198 [info] > git rev-parse --show-toplevel [1ms]
2026-01-03 05:09:09.830 [info] > git rev-parse --show-toplevel [1ms]
2026-01-03 05:09:22.100 [info] > git rev-parse --show-toplevel [1ms]
2026-01-03 05:09:25.274 [info] > git rev-parse --show-toplevel [1ms]
2026-01-03 05:09:27.123 [info] > git rev-parse --show-toplevel [1ms]
2026-01-03 05:09:29.397 [info] > git rev-parse --show-toplevel [1ms]
2026-01-03 05:09:40.838 [info] > git rev-parse --show-toplevel [1ms]
2026-01-03 05:10:09.017 [info] > git rev-parse --show-toplevel [1ms]
2026-01-03 05:14:50.428 [info] > git rev-parse --show-toplevel [1ms]
2026-01-03 05:16:05.578 [info] > git rev-parse --show-toplevel [2ms]
2026-01-03 05:23:08.911 [info] > git rev-parse --show-toplevel [1ms]
2026-01-03 05:23:09.763 [info] > git rev-parse --show-toplevel [1ms]
2026-01-03 05:23:56.389 [info] > git rev-parse --show-toplevel [1ms]
2026-01-03 05:28:17.295 [info] > git rev-parse --show-toplevel [1ms]
2026-01-03 05:28:19.483 [info] > git rev-parse --show-toplevel [1ms]
2026-01-03 05:28:19.884 [info] > git rev-parse --show-toplevel [1ms]
2026-01-03 05:28:20.089 [info] > git rev-parse --show-toplevel [1ms]
2026-01-03 05:28:20.289 [info] > git rev-parse --show-toplevel [1ms]
2026-01-03 05:28:20.449 [info] > git rev-parse --show-toplevel [1ms]
2026-01-03 05:28:20.635 [info] > git rev-parse --show-toplevel [1ms]
2026-01-03 05:28:24.204 [info] > git rev-parse --show-toplevel [5ms]
2026-01-03 05:28:24.211 [info] > git rev-parse --show-toplevel [5ms]
