2026-01-07 08:38:49.322 [info] Reading sessions from keychain...
2026-01-07 08:38:49.322 [info] Getting sessions for all scopes...
2026-01-07 08:38:49.322 [info] Got stored sessions!
2026-01-07 08:38:49.322 [info] Got 1 verified sessions.
2026-01-07 08:38:49.322 [info] Got 1 sessions for ...
2026-01-07 08:38:49.322 [info] Getting sessions for all scopes...
2026-01-07 08:38:49.322 [info] Got 1 sessions for ...
2026-01-07 08:38:49.322 [info] Getting sessions for all scopes...
2026-01-07 08:38:49.322 [info] Got 1 sessions for ...
2026-01-07 08:38:49.322 [info] Getting sessions for all scopes...
2026-01-07 08:38:49.322 [info] Got 1 sessions for ...
2026-01-07 08:38:49.322 [info] Getting sessions for all scopes...
2026-01-07 08:38:49.322 [info] Got 1 sessions for ...
2026-01-07 08:38:49.322 [info] Getting sessions for all scopes...
2026-01-07 08:38:49.322 [info] Got 1 sessions for ...
2026-01-07 08:38:49.322 [info] Getting sessions for all scopes...
2026-01-07 08:38:49.322 [info] Got 1 sessions for ...
2026-01-07 08:38:49.322 [info] Getting sessions for all scopes...
2026-01-07 08:38:49.322 [info] Got 1 sessions for ...
2026-01-07 08:38:49.322 [info] Getting sessions for all scopes...
2026-01-07 08:38:49.322 [info] Got 1 sessions for ...
2026-01-07 08:38:49.322 [info] Getting sessions for all scopes...
2026-01-07 08:38:49.322 [info] Got 1 sessions for ...
2026-01-07 08:38:49.322 [info] Getting sessions for all scopes...
2026-01-07 08:38:49.322 [info] Got 1 sessions for ...
2026-01-07 08:38:49.322 [info] Getting sessions for all scopes...
2026-01-07 08:38:49.322 [info] Got 1 sessions for ...
2026-01-07 08:38:49.322 [info] Getting sessions for all scopes...
2026-01-07 08:38:49.322 [info] Got 1 sessions for ...
2026-01-07 08:38:49.322 [info] Getting sessions for all scopes...
2026-01-07 08:38:49.322 [info] Got 1 sessions for ...
2026-01-07 08:38:49.322 [info] Getting sessions for all scopes...
2026-01-07 08:38:49.322 [info] Got 1 sessions for ...
2026-01-07 08:38:49.322 [info] Getting sessions for user:email...
2026-01-07 08:38:49.322 [info] Got 1 sessions for user:email...
2026-01-07 08:38:50.814 [info] FetcherService: Electron fetch failed with status: 429 
2026-01-07 08:38:51.201 [info] Getting sessions for all scopes...
2026-01-07 08:38:51.201 [info] Got 1 sessions for ...
2026-01-07 08:38:51.385 [info] FetcherService: Node fetch failed with status: 429 Too Many Requests
2026-01-07 08:38:51.970 [info] FetcherService: Node http/s failed with status: 429 Too Many Requests
