2026-01-03 04:02:54.334 [info] Reading sessions from keychain...
2026-01-03 04:02:54.334 [info] Getting sessions for all scopes...
2026-01-03 04:02:54.510 [info] Got stored sessions!
2026-01-03 04:02:54.510 [info] Got 1 verified sessions.
2026-01-03 04:02:54.510 [info] Got 1 sessions for ...
2026-01-03 04:02:54.510 [info] Getting sessions for all scopes...
2026-01-03 04:02:54.510 [info] Got 1 sessions for ...
2026-01-03 04:02:54.510 [info] Getting sessions for all scopes...
2026-01-03 04:02:54.510 [info] Got 1 sessions for ...
2026-01-03 04:02:54.511 [info] Getting sessions for all scopes...
2026-01-03 04:02:54.511 [info] Got 1 sessions for ...
2026-01-03 04:02:54.511 [info] Getting sessions for user:email...
2026-01-03 04:02:54.511 [info] Got 1 sessions for user:email...
2026-01-03 04:02:54.511 [info] Getting sessions for all scopes...
2026-01-03 04:02:54.511 [info] Got 1 sessions for ...
2026-01-03 04:02:54.511 [info] Getting sessions for all scopes...
2026-01-03 04:02:54.511 [info] Got 1 sessions for ...
2026-01-03 04:02:54.511 [info] Getting sessions for all scopes...
2026-01-03 04:02:54.511 [info] Got 1 sessions for ...
2026-01-03 04:02:54.511 [info] Getting sessions for all scopes...
2026-01-03 04:02:54.511 [info] Got 1 sessions for ...
2026-01-03 04:02:54.511 [info] Getting sessions for all scopes...
2026-01-03 04:02:54.511 [info] Got 1 sessions for ...
2026-01-03 04:02:54.550 [info] Getting sessions for all scopes...
2026-01-03 04:02:54.550 [info] Got 1 sessions for ...
2026-01-03 04:02:54.551 [info] Getting sessions for all scopes...
2026-01-03 04:02:54.551 [info] Got 1 sessions for ...
2026-01-03 04:02:54.551 [info] Getting sessions for all scopes...
2026-01-03 04:02:54.551 [info] Got 1 sessions for ...
2026-01-03 04:02:54.551 [info] Getting sessions for all scopes...
2026-01-03 04:02:54.551 [info] Got 1 sessions for ...
2026-01-03 04:02:54.551 [info] Getting sessions for all scopes...
2026-01-03 04:02:54.551 [info] Got 1 sessions for ...
2026-01-03 04:02:54.551 [info] Getting sessions for all scopes...
2026-01-03 04:02:54.551 [info] Got 1 sessions for ...
2026-01-03 04:02:56.122 [info] FetcherService: Electron fetch failed with status: 429 
2026-01-03 04:02:56.195 [info] Getting sessions for all scopes...
2026-01-03 04:02:56.195 [info] Got 1 sessions for ...
2026-01-03 04:02:56.716 [info] FetcherService: Node fetch failed with status: 429 Too Many Requests
2026-01-03 04:02:57.302 [info] FetcherService: Node http/s failed with status: 429 Too Many Requests
