2025-12-29 23:50:37.595 [info] [main] Log level: Info
2025-12-29 23:50:37.595 [info] [main] Validating found git in: "git"
2025-12-29 23:50:37.595 [info] [main] Using git "2.52.0" from "git"
2025-12-29 23:50:37.595 [info] [Model][doInitialScan] Initial repository scan started
2025-12-29 23:50:37.595 [info] > git rev-parse --show-toplevel [5ms]
2025-12-29 23:50:37.595 [info] > git rev-parse --show-toplevel [1ms]
2025-12-29 23:50:37.595 [info] [Model][doInitialScan] Initial repository scan completed - repositories (0), closed repositories (0), parent repositories (1), unsafe repositories (0)
2025-12-29 23:50:39.327 [info] > git rev-parse --show-toplevel [2ms]
2025-12-29 23:51:03.580 [info] > git rev-parse --show-toplevel [2ms]
2025-12-29 23:51:05.151 [info] > git rev-parse --show-toplevel [2ms]
2025-12-29 23:51:06.821 [info] > git rev-parse --show-toplevel [4ms]
2025-12-29 23:51:09.336 [info] > git rev-parse --show-toplevel [1ms]
2025-12-29 23:51:56.472 [info] > git rev-parse --show-toplevel [1ms]
2025-12-29 23:51:59.782 [info] > git rev-parse --show-toplevel [1ms]
2025-12-29 23:56:19.937 [info] > git rev-parse --show-toplevel [1ms]
2025-12-30 00:05:54.137 [info] > git rev-parse --show-toplevel [1ms]
2025-12-30 00:05:57.382 [info] > git rev-parse --show-toplevel [1ms]
2025-12-30 00:07:03.583 [info] > git rev-parse --show-toplevel [1ms]
2025-12-30 00:07:04.333 [info] > git rev-parse --show-toplevel [66ms]
2025-12-30 00:07:04.635 [info] > git rev-parse --show-toplevel [1ms]
2025-12-30 00:07:20.667 [info] > git rev-parse --show-toplevel [0ms]
2025-12-30 00:24:54.063 [info] > git rev-parse --show-toplevel [2ms]
2025-12-30 00:24:54.450 [info] > git rev-parse --show-toplevel [1ms]
2025-12-30 00:25:39.868 [info] > git rev-parse --show-toplevel [2ms]
2025-12-30 00:25:40.527 [info] > git rev-parse --show-toplevel [0ms]
2025-12-30 00:26:08.972 [info] > git rev-parse --show-toplevel [1ms]
2025-12-30 00:29:39.225 [info] > git rev-parse --show-toplevel [0ms]
2025-12-30 00:29:40.199 [info] > git rev-parse --show-toplevel [0ms]
2025-12-30 00:29:43.087 [info] > git rev-parse --show-toplevel [1ms]
2025-12-30 00:29:45.282 [info] > git rev-parse --show-toplevel [1ms]
2025-12-30 00:30:15.729 [info] > git rev-parse --show-toplevel [1ms]
2025-12-30 00:31:52.083 [info] > git rev-parse --show-toplevel [1ms]
2025-12-30 00:32:05.214 [info] > git rev-parse --show-toplevel [1ms]
2025-12-30 00:32:50.829 [info] > git rev-parse --show-toplevel [1ms]
2025-12-30 00:33:54.957 [info] > git rev-parse --show-toplevel [2ms]
2025-12-30 00:35:13.489 [info] > git rev-parse --show-toplevel [1ms]
2025-12-30 00:36:18.574 [info] > git rev-parse --show-toplevel [1ms]
2025-12-30 00:38:24.539 [info] > git rev-parse --show-toplevel [1ms]
2025-12-30 00:39:17.314 [info] > git rev-parse --show-toplevel [1ms]
2025-12-30 00:39:48.081 [info] > git rev-parse --show-toplevel [2ms]
2025-12-30 00:40:03.815 [info] > git rev-parse --show-toplevel [1ms]
2025-12-30 00:40:13.436 [info] > git rev-parse --show-toplevel [1ms]
2025-12-30 00:40:41.693 [info] > git rev-parse --show-toplevel [2ms]
2025-12-30 00:41:30.143 [info] > git rev-parse --show-toplevel [2ms]
2025-12-30 00:42:05.250 [info] > git rev-parse --show-toplevel [1ms]
2025-12-30 00:42:38.046 [info] > git rev-parse --show-toplevel [1ms]
2025-12-30 00:43:53.836 [info] > git rev-parse --show-toplevel [2ms]
2025-12-30 00:44:24.926 [info] > git rev-parse --show-toplevel [1ms]
2025-12-30 00:44:43.158 [info] > git rev-parse --show-toplevel [1ms]
2025-12-30 00:45:08.395 [info] > git rev-parse --show-toplevel [2ms]
2025-12-30 00:45:26.398 [info] > git rev-parse --show-toplevel [1ms]
2025-12-30 00:45:59.204 [info] > git rev-parse --show-toplevel [2ms]
2025-12-30 00:46:39.913 [info] > git rev-parse --show-toplevel [1ms]
2025-12-30 00:47:18.967 [info] > git rev-parse --show-toplevel [1ms]
2025-12-30 00:47:39.883 [info] > git rev-parse --show-toplevel [1ms]
2025-12-30 00:48:27.181 [info] > git rev-parse --show-toplevel [1ms]
2025-12-30 00:49:02.273 [info] > git rev-parse --show-toplevel [1ms]
2025-12-30 00:49:27.524 [info] > git rev-parse --show-toplevel [0ms]
2025-12-30 00:50:07.200 [info] > git rev-parse --show-toplevel [2ms]
2025-12-30 00:50:51.932 [info] > git rev-parse --show-toplevel [1ms]
2025-12-30 00:51:43.928 [info] > git rev-parse --show-toplevel [1ms]
2025-12-30 00:51:53.291 [info] > git rev-parse --show-toplevel [1ms]
2025-12-30 00:51:53.487 [info] > git rev-parse --show-toplevel [1ms]
2025-12-30 00:51:53.666 [info] > git rev-parse --show-toplevel [1ms]
2025-12-30 00:51:53.821 [info] > git rev-parse --show-toplevel [2ms]
2025-12-30 00:51:53.975 [info] > git rev-parse --show-toplevel [1ms]
2025-12-30 00:51:54.274 [info] > git rev-parse --show-toplevel [1ms]
2025-12-30 00:51:54.462 [info] > git rev-parse --show-toplevel [1ms]
2025-12-30 00:51:54.623 [info] > git rev-parse --show-toplevel [1ms]
2025-12-30 00:51:54.812 [info] > git rev-parse --show-toplevel [1ms]
2025-12-30 00:51:54.973 [info] > git rev-parse --show-toplevel [1ms]
2025-12-30 00:51:55.153 [info] > git rev-parse --show-toplevel [1ms]
2025-12-30 00:51:55.320 [info] > git rev-parse --show-toplevel [1ms]
2025-12-30 00:51:55.512 [info] > git rev-parse --show-toplevel [1ms]
2025-12-30 00:51:55.682 [info] > git rev-parse --show-toplevel [1ms]
2025-12-30 00:51:55.874 [info] > git rev-parse --show-toplevel [1ms]
2025-12-30 00:51:56.069 [info] > git rev-parse --show-toplevel [1ms]
2025-12-30 00:51:56.232 [info] > git rev-parse --show-toplevel [1ms]
2025-12-30 00:51:56.403 [info] > git rev-parse --show-toplevel [1ms]
2025-12-30 00:51:56.589 [info] > git rev-parse --show-toplevel [1ms]
2025-12-30 00:51:56.780 [info] > git rev-parse --show-toplevel [1ms]
2025-12-30 00:51:56.948 [info] > git rev-parse --show-toplevel [1ms]
2025-12-30 00:51:57.108 [info] > git rev-parse --show-toplevel [2ms]
2025-12-30 00:51:57.301 [info] > git rev-parse --show-toplevel [1ms]
2025-12-30 00:51:57.474 [info] > git rev-parse --show-toplevel [1ms]
2025-12-30 00:51:57.685 [info] > git rev-parse --show-toplevel [1ms]
2025-12-30 00:51:57.870 [info] > git rev-parse --show-toplevel [1ms]
