2026-01-05 20:51:14.274 [info] Reading sessions from keychain...
2026-01-05 20:51:14.274 [info] Getting sessions for all scopes...
2026-01-05 20:51:14.274 [info] Got stored sessions!
2026-01-05 20:51:14.274 [info] Got 1 verified sessions.
2026-01-05 20:51:14.274 [info] Got 1 sessions for ...
2026-01-05 20:51:14.274 [info] Getting sessions for all scopes...
2026-01-05 20:51:14.274 [info] Got 1 sessions for ...
2026-01-05 20:51:14.274 [info] Getting sessions for all scopes...
2026-01-05 20:51:14.274 [info] Got 1 sessions for ...
2026-01-05 20:51:14.274 [info] Getting sessions for all scopes...
2026-01-05 20:51:14.274 [info] Got 1 sessions for ...
2026-01-05 20:51:14.274 [info] Getting sessions for all scopes...
2026-01-05 20:51:14.274 [info] Got 1 sessions for ...
2026-01-05 20:51:14.274 [info] Getting sessions for user:email...
2026-01-05 20:51:14.274 [info] Got 1 sessions for user:email...
2026-01-05 20:51:14.274 [info] Getting sessions for all scopes...
2026-01-05 20:51:14.274 [info] Got 1 sessions for ...
2026-01-05 20:51:14.274 [info] Getting sessions for all scopes...
2026-01-05 20:51:14.274 [info] Got 1 sessions for ...
2026-01-05 20:51:14.274 [info] Getting sessions for all scopes...
2026-01-05 20:51:14.274 [info] Got 1 sessions for ...
2026-01-05 20:51:14.274 [info] Getting sessions for all scopes...
2026-01-05 20:51:14.274 [info] Got 1 sessions for ...
2026-01-05 20:51:14.274 [info] Getting sessions for all scopes...
2026-01-05 20:51:14.274 [info] Got 1 sessions for ...
2026-01-05 20:51:14.274 [info] Getting sessions for all scopes...
2026-01-05 20:51:14.274 [info] Got 1 sessions for ...
2026-01-05 20:51:14.274 [info] Getting sessions for all scopes...
2026-01-05 20:51:14.274 [info] Got 1 sessions for ...
2026-01-05 20:51:14.274 [info] Getting sessions for all scopes...
2026-01-05 20:51:14.274 [info] Got 1 sessions for ...
2026-01-05 20:51:14.274 [info] Getting sessions for all scopes...
2026-01-05 20:51:14.274 [info] Got 1 sessions for ...
2026-01-05 20:51:14.274 [info] Getting sessions for all scopes...
2026-01-05 20:51:14.274 [info] Got 1 sessions for ...
2026-01-05 20:51:14.274 [info] Getting sessions for all scopes...
2026-01-05 20:51:14.274 [info] Got 1 sessions for ...
2026-01-05 20:51:15.475 [info] Getting sessions for all scopes...
2026-01-05 20:51:15.475 [info] Got 1 sessions for ...
2026-01-05 20:51:15.825 [info] FetcherService: Electron fetch failed with status: 429 
2026-01-05 20:51:16.394 [info] FetcherService: Node fetch failed with status: 429 Too Many Requests
2026-01-05 20:51:16.975 [info] FetcherService: Node http/s failed with status: 429 Too Many Requests
