2025-12-29 23:50:36.668 [info] Reading sessions from keychain...
2025-12-29 23:50:36.668 [info] Getting sessions for all scopes...
2025-12-29 23:50:36.767 [info] Got stored sessions!
2025-12-29 23:50:36.767 [info] Got 1 verified sessions.
2025-12-29 23:50:36.767 [info] Got 1 sessions for ...
2025-12-29 23:50:36.767 [info] Getting sessions for all scopes...
2025-12-29 23:50:36.767 [info] Got 1 sessions for ...
2025-12-29 23:50:36.767 [info] Getting sessions for all scopes...
2025-12-29 23:50:36.767 [info] Got 1 sessions for ...
2025-12-29 23:50:36.767 [info] Getting sessions for all scopes...
2025-12-29 23:50:36.767 [info] Got 1 sessions for ...
2025-12-29 23:50:36.767 [info] Getting sessions for all scopes...
2025-12-29 23:50:36.767 [info] Got 1 sessions for ...
2025-12-29 23:50:36.767 [info] Getting sessions for all scopes...
2025-12-29 23:50:36.767 [info] Got 1 sessions for ...
2025-12-29 23:50:36.767 [info] Getting sessions for all scopes...
2025-12-29 23:50:36.767 [info] Got 1 sessions for ...
2025-12-29 23:50:36.779 [info] Getting sessions for all scopes...
2025-12-29 23:50:36.779 [info] Got 1 sessions for ...
2025-12-29 23:50:36.779 [info] Getting sessions for all scopes...
2025-12-29 23:50:36.779 [info] Got 1 sessions for ...
2025-12-29 23:50:36.779 [info] Getting sessions for all scopes...
2025-12-29 23:50:36.779 [info] Got 1 sessions for ...
2025-12-29 23:50:36.779 [info] Getting sessions for all scopes...
2025-12-29 23:50:36.779 [info] Got 1 sessions for ...
2025-12-29 23:50:36.779 [info] Getting sessions for all scopes...
2025-12-29 23:50:36.779 [info] Got 1 sessions for ...
2025-12-29 23:50:36.780 [info] Getting sessions for all scopes...
2025-12-29 23:50:36.780 [info] Got 1 sessions for ...
2025-12-29 23:50:36.818 [info] Getting sessions for all scopes...
2025-12-29 23:50:36.818 [info] Got 1 sessions for ...
2025-12-29 23:50:36.923 [info] Getting sessions for all scopes...
2025-12-29 23:50:36.923 [info] Got 1 sessions for ...
2025-12-29 23:50:36.975 [info] Getting sessions for user:email...
2025-12-29 23:50:36.975 [info] Got 1 sessions for user:email...
2025-12-29 23:50:38.367 [info] FetcherService: Electron fetch failed with status: 429 
2025-12-29 23:50:38.950 [info] FetcherService: Node fetch failed with status: 429 Too Many Requests
2025-12-29 23:50:39.417 [info] Getting sessions for all scopes...
2025-12-29 23:50:39.417 [info] Got 1 sessions for ...
2025-12-29 23:50:39.545 [info] FetcherService: Node http/s failed with status: 429 Too Many Requests
