2025-12-29 22:00:15.156 [info] [main] Log level: Info
2025-12-29 22:00:15.156 [info] [main] Validating found git in: "git"
2025-12-29 22:00:15.156 [info] [main] Using git "2.52.0" from "git"
2025-12-29 22:00:15.156 [info] [Model][doInitialScan] Initial repository scan started
2025-12-29 22:00:15.156 [info] > git rev-parse --show-toplevel [6ms]
2025-12-29 22:00:15.156 [info] > git rev-parse --show-toplevel [0ms]
2025-12-29 22:00:15.156 [info] [Model][doInitialScan] Initial repository scan completed - repositories (0), closed repositories (0), parent repositories (1), unsafe repositories (0)
2025-12-29 22:00:15.926 [info] > git rev-parse --show-toplevel [1ms]
2025-12-29 22:00:24.792 [info] > git rev-parse --show-toplevel [3ms]
2025-12-29 22:00:25.390 [info] > git rev-parse --show-toplevel [1ms]
2025-12-29 22:00:25.956 [info] > git rev-parse --show-toplevel [2ms]
2025-12-29 22:00:26.341 [info] > git rev-parse --show-toplevel [2ms]
2025-12-29 22:00:26.701 [info] > git rev-parse --show-toplevel [2ms]
2025-12-29 22:00:27.352 [info] > git rev-parse --show-toplevel [2ms]
2025-12-29 22:14:44.398 [info] > git rev-parse --show-toplevel [1ms]
2025-12-29 22:14:59.292 [info] > git rev-parse --show-toplevel [1ms]
2025-12-29 22:15:04.699 [info] > git rev-parse --show-toplevel [1ms]
2025-12-29 22:16:00.253 [info] > git rev-parse --show-toplevel [1ms]
2025-12-29 22:16:02.058 [info] > git rev-parse --show-toplevel [1ms]
2025-12-29 22:16:03.409 [info] > git rev-parse --show-toplevel [1ms]
2025-12-29 22:19:35.783 [info] > git rev-parse --show-toplevel [1ms]
2025-12-29 22:25:10.460 [info] > git rev-parse --show-toplevel [1ms]
2025-12-29 22:25:15.324 [info] > git rev-parse --show-toplevel [1ms]
2025-12-29 22:39:13.495 [info] > git rev-parse --show-toplevel [2ms]
2025-12-29 22:39:16.701 [info] > git rev-parse --show-toplevel [1ms]
2025-12-29 22:46:11.817 [info] > git rev-parse --show-toplevel [0ms]
2025-12-29 22:48:35.499 [info] > git rev-parse --show-toplevel [1ms]
2025-12-29 22:57:21.881 [info] > git rev-parse --show-toplevel [1ms]
2025-12-29 22:57:23.266 [info] > git rev-parse --show-toplevel [1ms]
2025-12-29 22:57:25.391 [info] > git rev-parse --show-toplevel [1ms]
2025-12-29 22:59:02.135 [info] > git rev-parse --show-toplevel [1ms]
2025-12-29 22:59:02.857 [info] > git rev-parse --show-toplevel [3ms]
2025-12-29 22:59:03.311 [info] > git rev-parse --show-toplevel [1ms]
2025-12-29 22:59:05.247 [info] > git rev-parse --show-toplevel [2ms]
2025-12-29 22:59:08.150 [info] > git rev-parse --show-toplevel [1ms]
